Archive member included to satisfy reference by file (symbol)

d:/ac6/systemworkbench/plugins/fr.ac6.mcu.externaltools.arm-none.win32_1.16.0.201807130628/tools/compiler/bin/../lib/gcc/arm-none-eabi/7.2.1/../../../../arm-none-eabi/lib/thumb/v7e-m/fpv4-sp/hard\libstdc++.a(del_op.o)
                              Main/Display/Screen.o (operator delete(void*))
d:/ac6/systemworkbench/plugins/fr.ac6.mcu.externaltools.arm-none.win32_1.16.0.201807130628/tools/compiler/bin/../lib/gcc/arm-none-eabi/7.2.1/../../../../arm-none-eabi/lib/thumb/v7e-m/fpv4-sp/hard\libstdc++.a(atexit_arm.o)
                              Main/emulator.o (__aeabi_atexit)
d:/ac6/systemworkbench/plugins/fr.ac6.mcu.externaltools.arm-none.win32_1.16.0.201807130628/tools/compiler/bin/../lib/gcc/arm-none-eabi/7.2.1/thumb/v7e-m/fpv4-sp/hard\libgcc.a(_arm_addsubdf3.o)
                              Main/Emulator/bkEmu.o (__aeabi_dadd)
d:/ac6/systemworkbench/plugins/fr.ac6.mcu.externaltools.arm-none.win32_1.16.0.201807130628/tools/compiler/bin/../lib/gcc/arm-none-eabi/7.2.1/thumb/v7e-m/fpv4-sp/hard\libgcc.a(_arm_cmpdf2.o)
                              Main/Emulator/pdp/service.o (__aeabi_dcmplt)
d:/ac6/systemworkbench/plugins/fr.ac6.mcu.externaltools.arm-none.win32_1.16.0.201807130628/tools/compiler/bin/../lib/gcc/arm-none-eabi/7.2.1/thumb/v7e-m/fpv4-sp/hard\libgcc.a(_aeabi_uldivmod.o)
                              Drivers/STM32F4xx_HAL_Driver/Src/stm32f4xx_hal_rcc.o (__aeabi_uldivmod)
d:/ac6/systemworkbench/plugins/fr.ac6.mcu.externaltools.arm-none.win32_1.16.0.201807130628/tools/compiler/bin/../lib/gcc/arm-none-eabi/7.2.1/thumb/v7e-m/fpv4-sp/hard\libgcc.a(_udivmoddi4.o)
                              d:/ac6/systemworkbench/plugins/fr.ac6.mcu.externaltools.arm-none.win32_1.16.0.201807130628/tools/compiler/bin/../lib/gcc/arm-none-eabi/7.2.1/thumb/v7e-m/fpv4-sp/hard\libgcc.a(_aeabi_uldivmod.o) (__udivmoddi4)
d:/ac6/systemworkbench/plugins/fr.ac6.mcu.externaltools.arm-none.win32_1.16.0.201807130628/tools/compiler/bin/../lib/gcc/arm-none-eabi/7.2.1/thumb/v7e-m/fpv4-sp/hard\libgcc.a(_dvmd_tls.o)
                              d:/ac6/systemworkbench/plugins/fr.ac6.mcu.externaltools.arm-none.win32_1.16.0.201807130628/tools/compiler/bin/../lib/gcc/arm-none-eabi/7.2.1/thumb/v7e-m/fpv4-sp/hard\libgcc.a(_aeabi_uldivmod.o) (__aeabi_ldiv0)
d:/ac6/systemworkbench/plugins/fr.ac6.mcu.externaltools.arm-none.win32_1.16.0.201807130628/tools/compiler/bin/../lib/gcc/arm-none-eabi/7.2.1/../../../../arm-none-eabi/lib/thumb/v7e-m/fpv4-sp/hard\libc.a(lib_a-cxa_atexit.o)
                              d:/ac6/systemworkbench/plugins/fr.ac6.mcu.externaltools.arm-none.win32_1.16.0.201807130628/tools/compiler/bin/../lib/gcc/arm-none-eabi/7.2.1/../../../../arm-none-eabi/lib/thumb/v7e-m/fpv4-sp/hard\libstdc++.a(atexit_arm.o) (__cxa_atexit)
d:/ac6/systemworkbench/plugins/fr.ac6.mcu.externaltools.arm-none.win32_1.16.0.201807130628/tools/compiler/bin/../lib/gcc/arm-none-eabi/7.2.1/../../../../arm-none-eabi/lib/thumb/v7e-m/fpv4-sp/hard\libc.a(lib_a-exit.o)
                              d:/ac6/systemworkbench/plugins/fr.ac6.mcu.externaltools.arm-none.win32_1.16.0.201807130628/tools/compiler/bin/../lib/gcc/arm-none-eabi/7.2.1/../../../../arm-none-eabi/lib/thumb/v7e-m/fpv4-sp/hard/crt0.o (exit)
d:/ac6/systemworkbench/plugins/fr.ac6.mcu.externaltools.arm-none.win32_1.16.0.201807130628/tools/compiler/bin/../lib/gcc/arm-none-eabi/7.2.1/../../../../arm-none-eabi/lib/thumb/v7e-m/fpv4-sp/hard\libc.a(lib_a-fflush.o)
                              Main/Emulator/pdp/weird.o (fflush)
d:/ac6/systemworkbench/plugins/fr.ac6.mcu.externaltools.arm-none.win32_1.16.0.201807130628/tools/compiler/bin/../lib/gcc/arm-none-eabi/7.2.1/../../../../arm-none-eabi/lib/thumb/v7e-m/fpv4-sp/hard\libc.a(lib_a-findfp.o)
                              d:/ac6/systemworkbench/plugins/fr.ac6.mcu.externaltools.arm-none.win32_1.16.0.201807130628/tools/compiler/bin/../lib/gcc/arm-none-eabi/7.2.1/../../../../arm-none-eabi/lib/thumb/v7e-m/fpv4-sp/hard\libc.a(lib_a-fflush.o) (__sinit)
d:/ac6/systemworkbench/plugins/fr.ac6.mcu.externaltools.arm-none.win32_1.16.0.201807130628/tools/compiler/bin/../lib/gcc/arm-none-eabi/7.2.1/../../../../arm-none-eabi/lib/thumb/v7e-m/fpv4-sp/hard\libc.a(lib_a-fputc.o)
                              Main/Emulator/pdp/weird.o (fputc)
d:/ac6/systemworkbench/plugins/fr.ac6.mcu.externaltools.arm-none.win32_1.16.0.201807130628/tools/compiler/bin/../lib/gcc/arm-none-eabi/7.2.1/../../../../arm-none-eabi/lib/thumb/v7e-m/fpv4-sp/hard\libc.a(lib_a-freer.o)
                              d:/ac6/systemworkbench/plugins/fr.ac6.mcu.externaltools.arm-none.win32_1.16.0.201807130628/tools/compiler/bin/../lib/gcc/arm-none-eabi/7.2.1/../../../../arm-none-eabi/lib/thumb/v7e-m/fpv4-sp/hard\libc.a(lib_a-fflush.o) (_free_r)
[...]
Memory Configuration

Name             Origin             Length             Attributes
FLASH            0x08000000         0x00100000         xr
RAM              0x20000000         0x0001c000         xrw
sram16           0x2001c000         0x00004000         xrw
CCMRAM           0x10000000         0x00010000         rw
*default*        0x00000000         0xffffffff

Linker script and memory map

LOAD d:/ac6/systemworkbench/plugins/fr.ac6.mcu.externaltools.arm-none.win32_1.16.0.201807130628/tools/compiler/bin/../lib/gcc/arm-none-eabi/7.2.1/thumb/v7e-m/fpv4-sp/hard/crti.o
LOAD d:/ac6/systemworkbench/plugins/fr.ac6.mcu.externaltools.arm-none.win32_1.16.0.201807130628/tools/compiler/bin/../lib/gcc/arm-none-eabi/7.2.1/thumb/v7e-m/fpv4-sp/hard/crtbegin.o
LOAD d:/ac6/systemworkbench/plugins/fr.ac6.mcu.externaltools.arm-none.win32_1.16.0.201807130628/tools/compiler/bin/../lib/gcc/arm-none-eabi/7.2.1/../../../../arm-none-eabi/lib/thumb/v7e-m/fpv4-sp/hard/crt0.o
LOAD Drivers/STM32F4xx_HAL_Driver/Src/stm32f4xx_hal.o
LOAD Drivers/STM32F4xx_HAL_Driver/Src/stm32f4xx_hal_cortex.o
LOAD Drivers/STM32F4xx_HAL_Driver/Src/stm32f4xx_hal_dma.o
LOAD Drivers/STM32F4xx_HAL_Driver/Src/stm32f4xx_hal_dma_ex.o
LOAD Drivers/STM32F4xx_HAL_Driver/Src/stm32f4xx_hal_flash.o
LOAD Drivers/STM32F4xx_HAL_Driver/Src/stm32f4xx_hal_flash_ex.o
LOAD Drivers/STM32F4xx_HAL_Driver/Src/stm32f4xx_hal_flash_ramfunc.o
LOAD Drivers/STM32F4xx_HAL_Driver/Src/stm32f4xx_hal_gpio.o
LOAD Drivers/STM32F4xx_HAL_Driver/Src/stm32f4xx_hal_pcd.o
LOAD Drivers/STM32F4xx_HAL_Driver/Src/stm32f4xx_hal_pcd_ex.o
LOAD Drivers/STM32F4xx_HAL_Driver/Src/stm32f4xx_hal_pwr.o
LOAD Drivers/STM32F4xx_HAL_Driver/Src/stm32f4xx_hal_pwr_ex.o
LOAD Drivers/STM32F4xx_HAL_Driver/Src/stm32f4xx_hal_rcc.o
LOAD Drivers/STM32F4xx_HAL_Driver/Src/stm32f4xx_hal_rcc_ex.o
LOAD Drivers/STM32F4xx_HAL_Driver/Src/stm32f4xx_hal_rtc.o
LOAD Drivers/STM32F4xx_HAL_Driver/Src/stm32f4xx_hal_rtc_ex.o
LOAD Drivers/STM32F4xx_HAL_Driver/Src/stm32f4xx_hal_sd.o
LOAD Drivers/STM32F4xx_HAL_Driver/Src/stm32f4xx_hal_tim.o
LOAD Drivers/STM32F4xx_HAL_Driver/Src/stm32f4xx_hal_tim_ex.o
LOAD Drivers/STM32F4xx_HAL_Driver/Src/stm32f4xx_ll_sdmmc.o
LOAD Drivers/STM32F4xx_HAL_Driver/Src/stm32f4xx_ll_usb.o
LOAD Main/Display/Screen.o
LOAD Main/Display/draw4.o
LOAD Main/Display/font8x8.o
LOAD Main/Emulator/BkScreen.o
LOAD Main/Emulator/bkEmu.o
LOAD Main/Emulator/pdp/branch.o
LOAD Main/Emulator/pdp/double.o
LOAD Main/Emulator/pdp/ea.o
LOAD Main/Emulator/pdp/itab.o
LOAD Main/Emulator/pdp/service.o
LOAD Main/Emulator/pdp/single.o
LOAD Main/Emulator/pdp/timing.o
LOAD Main/Emulator/pdp/weird.o
LOAD Main/Keyboard/Queue.o
LOAD Main/Keyboard/ps2Keyboard.o
LOAD Main/SDCard.o
LOAD Main/emulator.o
LOAD Main/startup.o
LOAD Main/etl/armv7m/exception_table.o
LOAD Main/etl/armv7m/nvic.o
LOAD Main/etl/armv7m/scb.o
LOAD Main/etl/assert_loop.o
LOAD Main/etl/stm32f4xx/gpio.o
LOAD Main/etl/stm32f4xx/interrupt_table.o
LOAD Main/etl/stm32f4xx/interrupts.o
LOAD Main/etl/stm32f4xx/rcc.o
LOAD Main/m4vgalib/copy_words.o
LOAD Main/m4vgalib/timing.o
LOAD Main/m4vgalib/vga.o
LOAD Main/sdCard/bsp_driver_sd.o
LOAD Main/sdCard/diskio.o
LOAD Main/sdCard/fatfs.o
LOAD Main/sdCard/ff_gen_drv.o
LOAD Main/sdCard/sd_diskio.o
LOAD Main/sdCard/fatFS/ff.o
LOAD Main/sdCard/fatFS/ffunicode.o
LOAD Middlewares/ST/STM32_USB_Device_Library/Class/CDC/Src/usbd_cdc.o
LOAD Middlewares/ST/STM32_USB_Device_Library/Core/Src/usbd_core.o
LOAD Middlewares/ST/STM32_USB_Device_Library/Core/Src/usbd_ctlreq.o
LOAD Middlewares/ST/STM32_USB_Device_Library/Core/Src/usbd_ioreq.o
LOAD Src/main.o
LOAD Src/stm32f4xx_hal_msp.o
LOAD Src/stm32f4xx_it.o
LOAD Src/system_stm32f4xx.o
LOAD Src/usb_device.o
LOAD Src/usbd_cdc_if.o
LOAD Src/usbd_conf.o
LOAD Src/usbd_desc.o
LOAD startup/startup_stm32f407xx.o
LOAD d:/ac6/systemworkbench/plugins/fr.ac6.mcu.externaltools.arm-none.win32_1.16.0.201807130628/tools/compiler/bin/../lib/gcc/arm-none-eabi/7.2.1/../../../../arm-none-eabi/lib/thumb/v7e-m/fpv4-sp/hard\libstdc++.a
LOAD d:/ac6/systemworkbench/plugins/fr.ac6.mcu.externaltools.arm-none.win32_1.16.0.201807130628/tools/compiler/bin/../lib/gcc/arm-none-eabi/7.2.1/../../../../arm-none-eabi/lib/thumb/v7e-m/fpv4-sp/hard\libm.a
START GROUP
LOAD d:/ac6/systemworkbench/plugins/fr.ac6.mcu.externaltools.arm-none.win32_1.16.0.201807130628/tools/compiler/bin/../lib/gcc/arm-none-eabi/7.2.1/thumb/v7e-m/fpv4-sp/hard\libgcc.a
LOAD d:/ac6/systemworkbench/plugins/fr.ac6.mcu.externaltools.arm-none.win32_1.16.0.201807130628/tools/compiler/bin/../lib/gcc/arm-none-eabi/7.2.1/../../../../arm-none-eabi/lib/thumb/v7e-m/fpv4-sp/hard\libc.a
END GROUP
START GROUP
LOAD d:/ac6/systemworkbench/plugins/fr.ac6.mcu.externaltools.arm-none.win32_1.16.0.201807130628/tools/compiler/bin/../lib/gcc/arm-none-eabi/7.2.1/thumb/v7e-m/fpv4-sp/hard\libgcc.a
LOAD d:/ac6/systemworkbench/plugins/fr.ac6.mcu.externaltools.arm-none.win32_1.16.0.201807130628/tools/compiler/bin/../lib/gcc/arm-none-eabi/7.2.1/../../../../arm-none-eabi/lib/thumb/v7e-m/fpv4-sp/hard\libc.a
LOAD d:/ac6/systemworkbench/plugins/fr.ac6.mcu.externaltools.arm-none.win32_1.16.0.201807130628/tools/compiler/bin/../lib/gcc/arm-none-eabi/7.2.1/../../../../arm-none-eabi/lib/thumb/v7e-m/fpv4-sp/hard\libnosys.a
END GROUP
LOAD d:/ac6/systemworkbench/plugins/fr.ac6.mcu.externaltools.arm-none.win32_1.16.0.201807130628/tools/compiler/bin/../lib/gcc/arm-none-eabi/7.2.1/thumb/v7e-m/fpv4-sp/hard/crtend.o
LOAD d:/ac6/systemworkbench/plugins/fr.ac6.mcu.externaltools.arm-none.win32_1.16.0.201807130628/tools/compiler/bin/../lib/gcc/arm-none-eabi/7.2.1/thumb/v7e-m/fpv4-sp/hard/crtn.o
                0x2001bc00                _estack = 0x2001bc00
                0x00000000                _Min_Heap_Size = 0x0
                0x00000400                _Min_Stack_Size = 0x400

.isr_vector     0x08000000      0x188
                0x08000000                . = ALIGN (0x4)
 *(.isr_vector)
 .isr_vector    0x08000000      0x188 startup/startup_stm32f407xx.o
                0x08000000                g_pfnVectors
                0x08000188                . = ALIGN (0x4)

.text           0x080001c0    0x11d44
                0x080001c0                . = ALIGN (0x4)
 *(.text)
 .text          0x080001c0       0x40 d:/ac6/systemworkbench/plugins/fr.ac6.mcu.externaltools.arm-none.win32_1.16.0.201807130628/tools/compiler/bin/../lib/gcc/arm-none-eabi/7.2.1/thumb/v7e-m/fpv4-sp/hard/crtbegin.o
 .text          0x08000200      0x378 d:/ac6/systemworkbench/plugins/fr.ac6.mcu.externaltools.arm-none.win32_1.16.0.201807130628/tools/compiler/bin/../lib/gcc/arm-none-eabi/7.2.1/thumb/v7e-m/fpv4-sp/hard\libgcc.a(_arm_addsubdf3.o)
                0x08000200                __aeabi_drsub
                0x08000208                __aeabi_dsub
                0x08000208                __subdf3
                0x0800020c                __aeabi_dadd
                0x0800020c                __adddf3
                0x08000484                __floatunsidf
                0x08000484                __aeabi_ui2d
                0x080004a4                __floatsidf
                0x080004a4                __aeabi_i2d
                0x080004c8                __aeabi_f2d
                0x080004c8                __extendsfdf2
                0x0800050c                __floatundidf
                0x0800050c                __aeabi_ul2d
                0x0800051c                __floatdidf
                0x0800051c                __aeabi_l2d
 .text          0x08000578      0x110 d:/ac6/systemworkbench/plugins/fr.ac6.mcu.externaltools.arm-none.win32_1.16.0.201807130628/tools/compiler/bin/../lib/gcc/arm-none-eabi/7.2.1/thumb/v7e-m/fpv4-sp/hard\libgcc.a(_arm_cmpdf2.o)
                0x08000578                __gtdf2
                0x08000578                __gedf2
                0x08000580                __ltdf2
                0x08000580                __ledf2
                0x08000588                __nedf2
                0x08000588                __eqdf2
                0x08000588                __cmpdf2
                0x08000604                __aeabi_cdrcmple
                0x08000614                __aeabi_cdcmpeq
                0x08000614                __aeabi_cdcmple
                0x08000624                __aeabi_dcmpeq
                0x08000638                __aeabi_dcmplt
                0x0800064c                __aeabi_dcmple
                0x08000660                __aeabi_dcmpge
                0x08000674                __aeabi_dcmpgt
 .text          0x08000688       0x30 d:/ac6/systemworkbench/plugins/fr.ac6.mcu.externaltools.arm-none.win32_1.16.0.201807130628/tools/compiler/bin/../lib/gcc/arm-none-eabi/7.2.1/thumb/v7e-m/fpv4-sp/hard\libgcc.a(_aeabi_uldivmod.o)
                0x08000688                __aeabi_uldivmod
 .text          0x080006b8      0x2cc d:/ac6/systemworkbench/plugins/fr.ac6.mcu.externaltools.arm-none.win32_1.16.0.201807130628/tools/compiler/bin/../lib/gcc/arm-none-eabi/7.2.1/thumb/v7e-m/fpv4-sp/hard\libgcc.a(_udivmoddi4.o)
                0x080006b8                __udivmoddi4
 .text          0x08000984        0x4 d:/ac6/systemworkbench/plugins/fr.ac6.mcu.externaltools.arm-none.win32_1.16.0.201807130628/tools/compiler/bin/../lib/gcc/arm-none-eabi/7.2.1/thumb/v7e-m/fpv4-sp/hard\libgcc.a(_dvmd_tls.o)
                0x08000984                __aeabi_idiv0
                0x08000984                __aeabi_ldiv0
 .text          0x08000988      0x134 d:/ac6/systemworkbench/plugins/fr.ac6.mcu.externaltools.arm-none.win32_1.16.0.201807130628/tools/compiler/bin/../lib/gcc/arm-none-eabi/7.2.1/../../../../arm-none-eabi/lib/thumb/v7e-m/fpv4-sp/hard\libc.a(lib_a-memcpy.o)
                0x08000988                memcpy
 *fill*         0x08000abc        0x4 
 .text          0x08000ac0       0xdc d:/ac6/systemworkbench/plugins/fr.ac6.mcu.externaltools.arm-none.win32_1.16.0.201807130628/tools/compiler/bin/../lib/gcc/arm-none-eabi/7.2.1/../../../../arm-none-eabi/lib/thumb/v7e-m/fpv4-sp/hard\libc.a(lib_a-strlen.o)
                0x08000ac0                strlen
 *fill*         0x08000b9c        0x4 
 .text          0x08000ba0       0xa0 d:/ac6/systemworkbench/plugins/fr.ac6.mcu.externaltools.arm-none.win32_1.16.0.201807130628/tools/compiler/bin/../lib/gcc/arm-none-eabi/7.2.1/../../../../arm-none-eabi/lib/thumb/v7e-m/fpv4-sp/hard\libc.a(lib_a-memchr.o)
                0x08000ba0                memchr
 .text          0x08000c40      0x424 d:/ac6/systemworkbench/plugins/fr.ac6.mcu.externaltools.arm-none.win32_1.16.0.201807130628/tools/compiler/bin/../lib/gcc/arm-none-eabi/7.2.1/thumb/v7e-m/fpv4-sp/hard\libgcc.a(_arm_muldivdf3.o)
                0x08000c40                __aeabi_dmul
                0x08000c40                __muldf3
                0x08000e94                __divdf3
                0x08000e94                __aeabi_ddiv
 .text          0x08001064       0x2c d:/ac6/systemworkbench/plugins/fr.ac6.mcu.externaltools.arm-none.win32_1.16.0.201807130628/tools/compiler/bin/../lib/gcc/arm-none-eabi/7.2.1/thumb/v7e-m/fpv4-sp/hard\libgcc.a(_arm_unorddf2.o)
                0x08001064                __unorddf2
                0x08001064                __aeabi_dcmpun
 .text          0x08001090       0x50 d:/ac6/systemworkbench/plugins/fr.ac6.mcu.externaltools.arm-none.win32_1.16.0.201807130628/tools/compiler/bin/../lib/gcc/arm-none-eabi/7.2.1/thumb/v7e-m/fpv4-sp/hard\libgcc.a(_arm_fixdfsi.o)
                0x08001090                __aeabi_d2iz
                0x08001090                __fixdfsi
 .text          0x080010e0       0x40 d:/ac6/systemworkbench/plugins/fr.ac6.mcu.externaltools.arm-none.win32_1.16.0.201807130628/tools/compiler/bin/../lib/gcc/arm-none-eabi/7.2.1/thumb/v7e-m/fpv4-sp/hard\libgcc.a(_arm_fixunsdfsi.o)
                0x080010e0                __aeabi_d2uiz
                0x080010e0                __fixunsdfsi
 .text          0x08001120       0xa0 d:/ac6/systemworkbench/plugins/fr.ac6.mcu.externaltools.arm-none.win32_1.16.0.201807130628/tools/compiler/bin/../lib/gcc/arm-none-eabi/7.2.1/thumb/v7e-m/fpv4-sp/hard\libgcc.a(_arm_truncdfsf2.o)
                0x08001120                __truncdfsf2
                0x08001120                __aeabi_d2f
 *(.text*)
 .text.HAL_InitTick
                0x080011c0       0x48 Drivers/STM32F4xx_HAL_Driver/Src/stm32f4xx_hal.o
                0x080011c0                HAL_InitTick
 .text.HAL_Init
                0x08001208       0x34 Drivers/STM32F4xx_HAL_Driver/Src/stm32f4xx_hal.o
                0x08001208                HAL_Init
 .text.HAL_IncTick
                0x0800123c       0x18 Drivers/STM32F4xx_HAL_Driver/Src/stm32f4xx_hal.o
                0x0800123c                HAL_IncTick
 .text.HAL_GetTick
                0x08001254        0xc Drivers/STM32F4xx_HAL_Driver/Src/stm32f4xx_hal.o
                0x08001254                HAL_GetTick
 .text.HAL_Delay
                0x08001260       0x28 Drivers/STM32F4xx_HAL_Driver/Src/stm32f4xx_hal.o
                0x08001260                HAL_Delay
 .text.HAL_NVIC_SetPriorityGrouping
                0x08001288       0x24 Drivers/STM32F4xx_HAL_Driver/Src/stm32f4xx_hal_cortex.o
                0x08001288                HAL_NVIC_SetPriorityGrouping
 .text.HAL_NVIC_SetPriority
                0x080012ac       0x68 Drivers/STM32F4xx_HAL_Driver/Src/stm32f4xx_hal_cortex.o
                0x080012ac                HAL_NVIC_SetPriority
 .text.HAL_NVIC_EnableIRQ
                0x08001314       0x18 Drivers/STM32F4xx_HAL_Driver/Src/stm32f4xx_hal_cortex.o
                0x08001314                HAL_NVIC_EnableIRQ
 .text.HAL_SYSTICK_Config
                0x0800132c       0x2c Drivers/STM32F4xx_HAL_Driver/Src/stm32f4xx_hal_cortex.o
                0x0800132c                HAL_SYSTICK_Config
 .text.HAL_SYSTICK_CLKSourceConfig
                0x08001358       0x20 Drivers/STM32F4xx_HAL_Driver/Src/stm32f4xx_hal_cortex.o
                0x08001358                HAL_SYSTICK_CLKSourceConfig
 .text.HAL_SYSTICK_Callback
                0x08001378        0x2 Drivers/STM32F4xx_HAL_Driver/Src/stm32f4xx_hal_cortex.o
                0x08001378                HAL_SYSTICK_Callback
 .text.HAL_SYSTICK_IRQHandler
                0x0800137a        0x8 Drivers/STM32F4xx_HAL_Driver/Src/stm32f4xx_hal_cortex.o
                0x0800137a                HAL_SYSTICK_IRQHandler
 .text.HAL_DMA_Abort_IT
                0x08001382       0x26 Drivers/STM32F4xx_HAL_Driver/Src/stm32f4xx_hal_dma.o
                0x08001382                HAL_DMA_Abort_IT
 .text.HAL_GPIO_Init
                0x080013a8      0x1c8 Drivers/STM32F4xx_HAL_Driver/Src/stm32f4xx_hal_gpio.o
                0x080013a8                HAL_GPIO_Init
 .text.PCD_WriteEmptyTxFifo
                0x08001570       0xac Drivers/STM32F4xx_HAL_Driver/Src/stm32f4xx_hal_pcd.o
 .text.HAL_PCD_Init
                0x0800161c       0xe0 Drivers/STM32F4xx_HAL_Driver/Src/stm32f4xx_hal_pcd.o
                0x0800161c                HAL_PCD_Init
 .text.HAL_PCD_Start
                0x080016fc       0x2a Drivers/STM32F4xx_HAL_Driver/Src/stm32f4xx_hal_pcd.o
                0x080016fc                HAL_PCD_Start
 *fill*         0x08001726        0x2 
 .text.HAL_PCD_IRQHandler
                0x08001728      0x5c4 Drivers/STM32F4xx_HAL_Driver/Src/stm32f4xx_hal_pcd.o
                0x08001728                HAL_PCD_IRQHandler
 .text.HAL_PCD_SetAddress
                0x08001cec       0x24 Drivers/STM32F4xx_HAL_Driver/Src/stm32f4xx_hal_pcd.o
                0x08001cec                HAL_PCD_SetAddress
 .text.HAL_PCD_EP_Open
                0x08001d10       0x68 Drivers/STM32F4xx_HAL_Driver/Src/stm32f4xx_hal_pcd.o
                0x08001d10                HAL_PCD_EP_Open
 .text.HAL_PCD_EP_Close
                0x08001d78       0x56 Drivers/STM32F4xx_HAL_Driver/Src/stm32f4xx_hal_pcd.o
                0x08001d78                HAL_PCD_EP_Close
 .text.HAL_PCD_EP_Receive
                0x08001dce       0x5a Drivers/STM32F4xx_HAL_Driver/Src/stm32f4xx_hal_pcd.o
                0x08001dce                HAL_PCD_EP_Receive
 .text.HAL_PCD_EP_GetRxCount
                0x08001e28       0x12 Drivers/STM32F4xx_HAL_Driver/Src/stm32f4xx_hal_pcd.o
                0x08001e28                HAL_PCD_EP_GetRxCount
 .text.HAL_PCD_EP_Transmit
                0x08001e3a       0x52 Drivers/STM32F4xx_HAL_Driver/Src/stm32f4xx_hal_pcd.o
                0x08001e3a                HAL_PCD_EP_Transmit
 .text.HAL_PCD_EP_SetStall
                0x08001e8c       0x66 Drivers/STM32F4xx_HAL_Driver/Src/stm32f4xx_hal_pcd.o
                0x08001e8c                HAL_PCD_EP_SetStall
 .text.HAL_PCD_EP_ClrStall
                0x08001ef2       0x56 Drivers/STM32F4xx_HAL_Driver/Src/stm32f4xx_hal_pcd.o
                0x08001ef2                HAL_PCD_EP_ClrStall
 .text.HAL_PCDEx_SetTxFiFo
                0x08001f48       0x48 Drivers/STM32F4xx_HAL_Driver/Src/stm32f4xx_hal_pcd_ex.o
                0x08001f48                HAL_PCDEx_SetTxFiFo
 .text.HAL_PCDEx_SetRxFiFo
                0x08001f90        0x8 Drivers/STM32F4xx_HAL_Driver/Src/stm32f4xx_hal_pcd_ex.o
                0x08001f90                HAL_PCDEx_SetRxFiFo
 .text.HAL_RCC_OscConfig
                0x08001f98      0x398 Drivers/STM32F4xx_HAL_Driver/Src/stm32f4xx_hal_rcc.o
                0x08001f98                HAL_RCC_OscConfig
 .text.HAL_RCC_GetSysClockFreq
                0x08002330       0xd8 Drivers/STM32F4xx_HAL_Driver/Src/stm32f4xx_hal_rcc.o
                0x08002330                HAL_RCC_GetSysClockFreq
 .text.HAL_RCC_ClockConfig
                0x08002408      0x158 Drivers/STM32F4xx_HAL_Driver/Src/stm32f4xx_hal_rcc.o
                0x08002408                HAL_RCC_ClockConfig
 .text.HAL_RCC_GetHCLKFreq
                0x08002560        0xc Drivers/STM32F4xx_HAL_Driver/Src/stm32f4xx_hal_rcc.o
                0x08002560                HAL_RCC_GetHCLKFreq
 .text.HAL_RCCEx_PeriphCLKConfig
                0x0800256c      0x154 Drivers/STM32F4xx_HAL_Driver/Src/stm32f4xx_hal_rcc_ex.o
                0x0800256c                HAL_RCCEx_PeriphCLKConfig
 .text.HAL_RTC_WaitForSynchro
                0x080026c0       0x32 Drivers/STM32F4xx_HAL_Driver/Src/stm32f4xx_hal_rtc.o
                0x080026c0                HAL_RTC_WaitForSynchro
 .text.RTC_EnterInitMode
                0x080026f2       0x3c Drivers/STM32F4xx_HAL_Driver/Src/stm32f4xx_hal_rtc.o
                0x080026f2                RTC_EnterInitMode
 .text.HAL_RTC_Init
                0x0800272e       0xc4 Drivers/STM32F4xx_HAL_Driver/Src/stm32f4xx_hal_rtc.o
                0x0800272e                HAL_RTC_Init
 .text.RTC_ByteToBcd2
                0x080027f2       0x16 Drivers/STM32F4xx_HAL_Driver/Src/stm32f4xx_hal_rtc.o
                0x080027f2                RTC_ByteToBcd2
 .text.HAL_RTC_SetDate
                0x08002808       0xda Drivers/STM32F4xx_HAL_Driver/Src/stm32f4xx_hal_rtc.o
                0x08002808                HAL_RTC_SetDate
 .text.HAL_RTC_SetTime
                0x080028e2       0xfe Drivers/STM32F4xx_HAL_Driver/Src/stm32f4xx_hal_rtc.o
                0x080028e2                HAL_RTC_SetTime
 .text.RTC_Bcd2ToByte
                0x080029e0       0x12 Drivers/STM32F4xx_HAL_Driver/Src/stm32f4xx_hal_rtc.o
                0x080029e0                RTC_Bcd2ToByte
 .text.HAL_RTC_GetTime
                0x080029f2       0x56 Drivers/STM32F4xx_HAL_Driver/Src/stm32f4xx_hal_rtc.o
                0x080029f2                HAL_RTC_GetTime
 .text.HAL_RTC_GetDate
                0x08002a48       0x42 Drivers/STM32F4xx_HAL_Driver/Src/stm32f4xx_hal_rtc.o
                0x08002a48                HAL_RTC_GetDate
 .text.SD_PowerON
                0x08002a8a       0xdc Drivers/STM32F4xx_HAL_Driver/Src/stm32f4xx_hal_sd.o
 .text.SD_Read_IT
                0x08002b66       0x24 Drivers/STM32F4xx_HAL_Driver/Src/stm32f4xx_hal_sd.o
 .text.SD_Write_IT
                0x08002b8a       0x24 Drivers/STM32F4xx_HAL_Driver/Src/stm32f4xx_hal_sd.o
 .text.SD_FindSCR
                0x08002bae      0x106 Drivers/STM32F4xx_HAL_Driver/Src/stm32f4xx_hal_sd.o
 .text.SD_WideBus_Enable
                0x08002cb4       0x56 Drivers/STM32F4xx_HAL_Driver/Src/stm32f4xx_hal_sd.o
 .text.SD_WideBus_Disable
                0x08002d0a       0x56 Drivers/STM32F4xx_HAL_Driver/Src/stm32f4xx_hal_sd.o
 .text.SD_SendStatus
                0x08002d60       0x2c Drivers/STM32F4xx_HAL_Driver/Src/stm32f4xx_hal_sd.o
 .text.HAL_SD_ReadBlocks
                0x08002d8c      0x21a Drivers/STM32F4xx_HAL_Driver/Src/stm32f4xx_hal_sd.o
                0x08002d8c                HAL_SD_ReadBlocks
 .text.HAL_SD_WriteBlocks
                0x08002fa6      0x1de Drivers/STM32F4xx_HAL_Driver/Src/stm32f4xx_hal_sd.o
                0x08002fa6                HAL_SD_WriteBlocks
 .text.HAL_SD_ErrorCallback
                0x08003184        0x2 Drivers/STM32F4xx_HAL_Driver/Src/stm32f4xx_hal_sd.o
                0x08003184                HAL_SD_ErrorCallback
 .text.HAL_SD_GetCardCSD
                0x08003186      0x1e2 Drivers/STM32F4xx_HAL_Driver/Src/stm32f4xx_hal_sd.o
                0x08003186                HAL_SD_GetCardCSD
 .text.SD_InitCard
                0x08003368       0xf6 Drivers/STM32F4xx_HAL_Driver/Src/stm32f4xx_hal_sd.o
 *fill*         0x0800345e        0x2 
 .text.HAL_SD_InitCard
                0x08003460       0x78 Drivers/STM32F4xx_HAL_Driver/Src/stm32f4xx_hal_sd.o
                0x08003460                HAL_SD_InitCard
 .text.HAL_SD_Init
                0x080034d8       0x32 Drivers/STM32F4xx_HAL_Driver/Src/stm32f4xx_hal_sd.o
                0x080034d8                HAL_SD_Init
 .text.HAL_SD_GetCardInfo
                0x0800350a       0x24 Drivers/STM32F4xx_HAL_Driver/Src/stm32f4xx_hal_sd.o
                0x0800350a                HAL_SD_GetCardInfo
 .text.HAL_SD_ConfigWideBusOperation
                0x0800352e       0xa0 Drivers/STM32F4xx_HAL_Driver/Src/stm32f4xx_hal_sd.o
                0x0800352e                HAL_SD_ConfigWideBusOperation
 .text.HAL_SD_GetCardState
                0x080035ce       0x26 Drivers/STM32F4xx_HAL_Driver/Src/stm32f4xx_hal_sd.o
                0x080035ce                HAL_SD_GetCardState
 .text.SD_DMATxAbort
                0x080035f4       0x4a Drivers/STM32F4xx_HAL_Driver/Src/stm32f4xx_hal_sd.o
 .text.SD_DMARxAbort
                0x0800363e       0x4a Drivers/STM32F4xx_HAL_Driver/Src/stm32f4xx_hal_sd.o
 .text.HAL_SD_IRQHandler
                0x08003688      0x1dc Drivers/STM32F4xx_HAL_Driver/Src/stm32f4xx_hal_sd.o
                0x08003688                HAL_SD_IRQHandler
 .text.SDMMC_GetCmdError
                0x08003864       0x3c Drivers/STM32F4xx_HAL_Driver/Src/stm32f4xx_ll_sdmmc.o
 .text.SDMMC_GetCmdResp2
                0x080038a0       0x5c Drivers/STM32F4xx_HAL_Driver/Src/stm32f4xx_ll_sdmmc.o
 .text.SDMMC_GetCmdResp3
                0x080038fc       0x4c Drivers/STM32F4xx_HAL_Driver/Src/stm32f4xx_ll_sdmmc.o
 .text.SDMMC_GetCmdResp7
                0x08003948       0x54 Drivers/STM32F4xx_HAL_Driver/Src/stm32f4xx_ll_sdmmc.o
 .text.SDIO_Init
                0x0800399c       0x38 Drivers/STM32F4xx_HAL_Driver/Src/stm32f4xx_ll_sdmmc.o
                0x0800399c                SDIO_Init
 .text.SDIO_ReadFIFO
                0x080039d4        0x6 Drivers/STM32F4xx_HAL_Driver/Src/stm32f4xx_ll_sdmmc.o
                0x080039d4                SDIO_ReadFIFO
 .text.SDIO_WriteFIFO
                0x080039da        0xa Drivers/STM32F4xx_HAL_Driver/Src/stm32f4xx_ll_sdmmc.o
                0x080039da                SDIO_WriteFIFO
 .text.SDIO_PowerState_ON
                0x080039e4        0x8 Drivers/STM32F4xx_HAL_Driver/Src/stm32f4xx_ll_sdmmc.o
                0x080039e4                SDIO_PowerState_ON
 .text.SDIO_GetPowerState
                0x080039ec        0x8 Drivers/STM32F4xx_HAL_Driver/Src/stm32f4xx_ll_sdmmc.o
                0x080039ec                SDIO_GetPowerState
 .text.SDIO_SendCommand
                0x080039f4       0x24 Drivers/STM32F4xx_HAL_Driver/Src/stm32f4xx_ll_sdmmc.o
                0x080039f4                SDIO_SendCommand
 .text.SDIO_GetCommandResponse
                0x08003a18        0x6 Drivers/STM32F4xx_HAL_Driver/Src/stm32f4xx_ll_sdmmc.o
                0x08003a18                SDIO_GetCommandResponse
 .text.SDIO_GetResponse
                0x08003a1e       0x14 Drivers/STM32F4xx_HAL_Driver/Src/stm32f4xx_ll_sdmmc.o
                0x08003a1e                SDIO_GetResponse
 *fill*         0x08003a32        0x2 
 .text.SDMMC_GetCmdResp1
                0x08003a34      0x154 Drivers/STM32F4xx_HAL_Driver/Src/stm32f4xx_ll_sdmmc.o
 .text.SDMMC_GetCmdResp6
                0x08003b88       0xa0 Drivers/STM32F4xx_HAL_Driver/Src/stm32f4xx_ll_sdmmc.o
 .text.SDIO_ConfigData
                0x08003c28       0x24 Drivers/STM32F4xx_HAL_Driver/Src/stm32f4xx_ll_sdmmc.o
                0x08003c28                SDIO_ConfigData
 .text.SDMMC_CmdBlockLength
                0x08003c4c       0x30 Drivers/STM32F4xx_HAL_Driver/Src/stm32f4xx_ll_sdmmc.o
                0x08003c4c                SDMMC_CmdBlockLength
 .text.SDMMC_CmdReadSingleBlock
                0x08003c7c       0x30 Drivers/STM32F4xx_HAL_Driver/Src/stm32f4xx_ll_sdmmc.o
                0x08003c7c                SDMMC_CmdReadSingleBlock
 .text.SDMMC_CmdReadMultiBlock
                0x08003cac       0x30 Drivers/STM32F4xx_HAL_Driver/Src/stm32f4xx_ll_sdmmc.o
                0x08003cac                SDMMC_CmdReadMultiBlock
 .text.SDMMC_CmdWriteSingleBlock
                0x08003cdc       0x30 Drivers/STM32F4xx_HAL_Driver/Src/stm32f4xx_ll_sdmmc.o
                0x08003cdc                SDMMC_CmdWriteSingleBlock
 .text.SDMMC_CmdWriteMultiBlock
                0x08003d0c       0x30 Drivers/STM32F4xx_HAL_Driver/Src/stm32f4xx_ll_sdmmc.o
                0x08003d0c                SDMMC_CmdWriteMultiBlock
 .text.SDMMC_CmdStopTransfer
                0x08003d3c       0x34 Drivers/STM32F4xx_HAL_Driver/Src/stm32f4xx_ll_sdmmc.o
                0x08003d3c                SDMMC_CmdStopTransfer
 .text.SDMMC_CmdSelDesel
                0x08003d70       0x30 Drivers/STM32F4xx_HAL_Driver/Src/stm32f4xx_ll_sdmmc.o
                0x08003d70                SDMMC_CmdSelDesel
 .text.SDMMC_CmdGoIdleState
                0x08003da0       0x26 Drivers/STM32F4xx_HAL_Driver/Src/stm32f4xx_ll_sdmmc.o
                0x08003da0                SDMMC_CmdGoIdleState
 .text.SDMMC_CmdOperCond
                0x08003dc6       0x2e Drivers/STM32F4xx_HAL_Driver/Src/stm32f4xx_ll_sdmmc.o
                0x08003dc6                SDMMC_CmdOperCond
 .text.SDMMC_CmdAppCommand
                0x08003df4       0x30 Drivers/STM32F4xx_HAL_Driver/Src/stm32f4xx_ll_sdmmc.o
                0x08003df4                SDMMC_CmdAppCommand
 .text.SDMMC_CmdAppOperCommand
                0x08003e24       0x32 Drivers/STM32F4xx_HAL_Driver/Src/stm32f4xx_ll_sdmmc.o
                0x08003e24                SDMMC_CmdAppOperCommand
 .text.SDMMC_CmdBusWidth
                0x08003e56       0x30 Drivers/STM32F4xx_HAL_Driver/Src/stm32f4xx_ll_sdmmc.o
                0x08003e56                SDMMC_CmdBusWidth
 .text.SDMMC_CmdSendSCR
                0x08003e86       0x30 Drivers/STM32F4xx_HAL_Driver/Src/stm32f4xx_ll_sdmmc.o
                0x08003e86                SDMMC_CmdSendSCR
 .text.SDMMC_CmdSendCID
                0x08003eb6       0x2a Drivers/STM32F4xx_HAL_Driver/Src/stm32f4xx_ll_sdmmc.o
                0x08003eb6                SDMMC_CmdSendCID
 .text.SDMMC_CmdSendCSD
                0x08003ee0       0x2a Drivers/STM32F4xx_HAL_Driver/Src/stm32f4xx_ll_sdmmc.o
                0x08003ee0                SDMMC_CmdSendCSD
 .text.SDMMC_CmdSetRelAdd
                0x08003f0a       0x30 Drivers/STM32F4xx_HAL_Driver/Src/stm32f4xx_ll_sdmmc.o
                0x08003f0a                SDMMC_CmdSetRelAdd
 .text.SDMMC_CmdSendStatus
                0x08003f3a       0x30 Drivers/STM32F4xx_HAL_Driver/Src/stm32f4xx_ll_sdmmc.o
                0x08003f3a                SDMMC_CmdSendStatus
 .text.USB_CoreInit
                0x08003f6a       0x7c Drivers/STM32F4xx_HAL_Driver/Src/stm32f4xx_ll_usb.o
                0x08003f6a                USB_CoreInit
 .text.USB_EnableGlobalInt
                0x08003fe6        0xc Drivers/STM32F4xx_HAL_Driver/Src/stm32f4xx_ll_usb.o
                0x08003fe6                USB_EnableGlobalInt
 .text.USB_DisableGlobalInt
                0x08003ff2        0xc Drivers/STM32F4xx_HAL_Driver/Src/stm32f4xx_ll_usb.o
                0x08003ff2                USB_DisableGlobalInt
 .text.USB_SetCurrentMode
                0x08003ffe       0x2c Drivers/STM32F4xx_HAL_Driver/Src/stm32f4xx_ll_usb.o
                0x08003ffe                USB_SetCurrentMode
 *fill*         0x0800402a        0x2 
 .text.USB_DevInit
                0x0800402c      0x150 Drivers/STM32F4xx_HAL_Driver/Src/stm32f4xx_ll_usb.o
                0x0800402c                USB_DevInit
 .text.USB_FlushTxFifo
                0x0800417c       0x28 Drivers/STM32F4xx_HAL_Driver/Src/stm32f4xx_ll_usb.o
                0x0800417c                USB_FlushTxFifo
 .text.USB_FlushRxFifo
                0x080041a4       0x24 Drivers/STM32F4xx_HAL_Driver/Src/stm32f4xx_ll_usb.o
                0x080041a4                USB_FlushRxFifo
 .text.USB_SetDevSpeed
                0x080041c8        0xe Drivers/STM32F4xx_HAL_Driver/Src/stm32f4xx_ll_usb.o
                0x080041c8                USB_SetDevSpeed
 .text.USB_GetDevSpeed
                0x080041d6       0x40 Drivers/STM32F4xx_HAL_Driver/Src/stm32f4xx_ll_usb.o
                0x080041d6                USB_GetDevSpeed
 .text.USB_ActivateEndpoint
                0x08004216       0x92 Drivers/STM32F4xx_HAL_Driver/Src/stm32f4xx_ll_usb.o
                0x08004216                USB_ActivateEndpoint
 .text.USB_DeactivateEndpoint
                0x080042a8       0xf0 Drivers/STM32F4xx_HAL_Driver/Src/stm32f4xx_ll_usb.o
                0x080042a8                USB_DeactivateEndpoint
 .text.USB_EPStartXfer
                0x08004398      0x264 Drivers/STM32F4xx_HAL_Driver/Src/stm32f4xx_ll_usb.o
                0x08004398                USB_EPStartXfer
 .text.USB_EP0StartXfer
                0x080045fc      0x160 Drivers/STM32F4xx_HAL_Driver/Src/stm32f4xx_ll_usb.o
                0x080045fc                USB_EP0StartXfer
 .text.USB_WritePacket
                0x0800475c       0x28 Drivers/STM32F4xx_HAL_Driver/Src/stm32f4xx_ll_usb.o
                0x0800475c                USB_WritePacket
 .text.USB_ReadPacket
                0x08004784       0x28 Drivers/STM32F4xx_HAL_Driver/Src/stm32f4xx_ll_usb.o
                0x08004784                USB_ReadPacket
 .text.USB_EPSetStall
                0x080047ac       0x64 Drivers/STM32F4xx_HAL_Driver/Src/stm32f4xx_ll_usb.o
                0x080047ac                USB_EPSetStall
 .text.USB_EPClearStall
                0x08004810       0x6a Drivers/STM32F4xx_HAL_Driver/Src/stm32f4xx_ll_usb.o
                0x08004810                USB_EPClearStall
 .text.USB_SetDevAddress
                0x0800487a       0x20 Drivers/STM32F4xx_HAL_Driver/Src/stm32f4xx_ll_usb.o
                0x0800487a                USB_SetDevAddress
 .text.USB_DevConnect
                0x0800489a       0x18 Drivers/STM32F4xx_HAL_Driver/Src/stm32f4xx_ll_usb.o
                0x0800489a                USB_DevConnect
 .text.USB_DevDisconnect
                0x080048b2       0x18 Drivers/STM32F4xx_HAL_Driver/Src/stm32f4xx_ll_usb.o
                0x080048b2                USB_DevDisconnect
 .text.USB_ReadInterrupts
                0x080048ca        0x8 Drivers/STM32F4xx_HAL_Driver/Src/stm32f4xx_ll_usb.o
                0x080048ca                USB_ReadInterrupts
 .text.USB_ReadDevAllOutEpInterrupt
                0x080048d2       0x10 Drivers/STM32F4xx_HAL_Driver/Src/stm32f4xx_ll_usb.o
                0x080048d2                USB_ReadDevAllOutEpInterrupt
 .text.USB_ReadDevAllInEpInterrupt
                0x080048e2       0x10 Drivers/STM32F4xx_HAL_Driver/Src/stm32f4xx_ll_usb.o
                0x080048e2                USB_ReadDevAllInEpInterrupt
 .text.USB_ReadDevOutEPInterrupt
                0x080048f2       0x12 Drivers/STM32F4xx_HAL_Driver/Src/stm32f4xx_ll_usb.o
                0x080048f2                USB_ReadDevOutEPInterrupt
 .text.USB_ReadDevInEPInterrupt
                0x08004904       0x24 Drivers/STM32F4xx_HAL_Driver/Src/stm32f4xx_ll_usb.o
                0x08004904                USB_ReadDevInEPInterrupt
 .text.USB_GetMode
                0x08004928        0x8 Drivers/STM32F4xx_HAL_Driver/Src/stm32f4xx_ll_usb.o
                0x08004928                USB_GetMode
 .text.USB_ActivateSetup
                0x08004930       0x38 Drivers/STM32F4xx_HAL_Driver/Src/stm32f4xx_ll_usb.o
                0x08004930                USB_ActivateSetup
 .text.USB_EP0_OutStart
                0x08004968       0x46 Drivers/STM32F4xx_HAL_Driver/Src/stm32f4xx_ll_usb.o
                0x08004968                USB_EP0_OutStart
 *fill*         0x080049ae        0x2 
 .text.USB_CoreReset
                0x080049b0       0x3c Drivers/STM32F4xx_HAL_Driver/Src/stm32f4xx_ll_usb.o
 .text._ZN7Display6Screen15GetPixelPointerEt
                0x080049ec        0xc Main/Display/Screen.o
                0x080049ec                Display::Screen::GetPixelPointer(unsigned short)
 .text._ZN7Display6Screen15GetPixelPointerEth
                0x080049f8        0xe Main/Display/Screen.o
                0x080049f8                Display::Screen::GetPixelPointer(unsigned short, unsigned char)
 .text._ZN7Display6ScreenD2Ev
                0x08004a06        0x2 Main/Display/Screen.o
                0x08004a06                Display::Screen::~Screen()
                0x08004a06                Display::Screen::~Screen()
 .text._ZN7Display6ScreenD0Ev
                0x08004a08        0xc Main/Display/Screen.o
                0x08004a08                Display::Screen::~Screen()
 .text._ZN7Display6ScreenC2ENS_13VideoSettingsEtt
                0x08004a14       0x8c Main/Display/Screen.o
                0x08004a14                Display::Screen::Screen(Display::VideoSettings, unsigned short, unsigned short)
                0x08004a14                Display::Screen::Screen(Display::VideoSettings, unsigned short, unsigned short)
 .text._ZN7Display6Screen5ClearEv
                0x08004aa0       0x2a Main/Display/Screen.o
                0x08004aa0                Display::Screen::Clear()
 .text._ZN7Display6Screen12SetAttributeEt
                0x08004aca        0x4 Main/Display/Screen.o
                0x08004aca                Display::Screen::SetAttribute(unsigned short)
 .text._ZN7Display6Screen6BitmapEttPKhthh
                0x08004ace      0x162 Main/Display/Screen.o
                0x08004ace                Display::Screen::Bitmap(unsigned short, unsigned short, unsigned char const*, unsigned short, unsigned char, unsigned char)
 .text._ZN7Display6Screen8DrawCharEPKhtth
                0x08004c30       0x30 Main/Display/Screen.o
                0x08004c30                Display::Screen::DrawChar(unsigned char const*, unsigned short, unsigned short, unsigned char)
 .text._ZN7Display6Screen11PrintCharAtEhhht
                0x08004c60       0x2c Main/Display/Screen.o
                0x08004c60                Display::Screen::PrintCharAt(unsigned char, unsigned char, unsigned char, unsigned short)
 .text._ZN7Display6Screen11InvertColorEv
                0x08004c8c       0x20 Main/Display/Screen.o
                0x08004c8c                Display::Screen::InvertColor()
 .text._ZN7Display6Screen17SetCursorPositionEhh
                0x08004cac       0x4c Main/Display/Screen.o
                0x08004cac                Display::Screen::SetCursorPosition(unsigned char, unsigned char)
 .text._ZN7Display6Screen10CursorNextEv
                0x08004cf8       0x2c Main/Display/Screen.o
                0x08004cf8                Display::Screen::CursorNext()
 .text._ZN7Display6Screen9PrintCharEct
                0x08004d24       0x80 Main/Display/Screen.o
                0x08004d24                Display::Screen::PrintChar(char, unsigned short)
 .text._ZN7Display6Screen5PrintEPKc
                0x08004da4       0x1c Main/Display/Screen.o
                0x08004da4                Display::Screen::Print(char const*)
 .text._ZN7Display6Screen7PrintAtEhhPKc
                0x08004dc0       0x14 Main/Display/Screen.o
                0x08004dc0                Display::Screen::PrintAt(unsigned char, unsigned char, char const*)
 .text._ZN7Display6Screen16PrintAlignCenterEhPKc
                0x08004dd4       0x24 Main/Display/Screen.o
                0x08004dd4                Display::Screen::PrintAlignCenter(unsigned char, char const*)
 .text._ZN7Display6Screen10ShowCursorEv
                0x08004df8       0x12 Main/Display/Screen.o
                0x08004df8                Display::Screen::ShowCursor()
 .text._ZN7Display6Screen10HideCursorEv
                0x08004e0a       0x12 Main/Display/Screen.o
                0x08004e0a                Display::Screen::HideCursor()
 .text.Draw4    0x08004e1c      0x218 Main/Display/draw4.o
                0x08004e1c                Draw4
 .text._ZN2bk8BkScreen15GetPixelPointerEt
                0x08005034        0xa Main/Emulator/BkScreen.o
                0x08005034                bk::BkScreen::GetPixelPointer(unsigned short)
 .text._ZN2bk8BkScreen15GetPixelPointerEth
                0x0800503e       0x10 Main/Emulator/BkScreen.o
                0x0800503e                bk::BkScreen::GetPixelPointer(unsigned short, unsigned char)
 .text._ZN2bk8BkScreenD2Ev
                0x0800504e        0x2 Main/Emulator/BkScreen.o
                0x0800504e                bk::BkScreen::~BkScreen()
                0x0800504e                bk::BkScreen::~BkScreen()
 .text._ZN2bk8BkScreenD0Ev
                0x08005050        0xc Main/Emulator/BkScreen.o
                0x08005050                bk::BkScreen::~BkScreen()
 .text._ZN2bk8BkScreenC2EN7Display13VideoSettingsEtt
                0x0800505c       0x5c Main/Emulator/BkScreen.o
                0x0800505c                bk::BkScreen::BkScreen(Display::VideoSettings, unsigned short, unsigned short)
                0x0800505c                bk::BkScreen::BkScreen(Display::VideoSettings, unsigned short, unsigned short)
 .text._ZN2bk8BkScreen5ClearEv
                0x080050b8        0x2 Main/Emulator/BkScreen.o
                0x080050b8                bk::BkScreen::Clear()
 .text._Z7bk_loopv
                0x080050ba        0x4 Main/Emulator/bkEmu.o
                0x080050ba                bk_loop()
 *fill*         0x080050be        0x2 
 .text._Z8bk_resetv
                0x080050c0       0x24 Main/Emulator/bkEmu.o
                0x080050c0                bk_reset()
 .text._Z8bk_setupPN2bk8BkScreenE
                0x080050e4       0x10 Main/Emulator/bkEmu.o
                0x080050e4                bk_setup(bk::BkScreen*)
 .text.QueueInit
                0x080050f4       0x14 Main/Keyboard/Queue.o
                0x080050f4                QueueInit
 .text.QueuePut
                0x08005108       0x54 Main/Keyboard/Queue.o
                0x08005108                QueuePut
 .text.QueueGet
                0x0800515c       0x48 Main/Keyboard/Queue.o
                0x0800515c                QueueGet
 .text.Ps2_Initialize
                0x080051a4       0x74 Main/Keyboard/ps2Keyboard.o
                0x080051a4                Ps2_Initialize
 .text.Ps2_GetScancode
                0x08005218       0x58 Main/Keyboard/ps2Keyboard.o
                0x08005218                Ps2_GetScancode
 .text.Ps2_ConvertScancode
                0x08005270      0x200 Main/Keyboard/ps2Keyboard.o
                0x08005270                Ps2_ConvertScancode
 .text._ZL11fileComparePKvS0_
                0x08005470       0x48 Main/SDCard.o
 .text._Z12GetFileCoordhPhS_
                0x080054b8       0x30 Main/SDCard.o
                0x080054b8                GetFileCoord(unsigned char, unsigned char*, unsigned char*)
 .text._Z16TruncateFileNamePc
                0x080054e8       0x28 Main/SDCard.o
                0x080054e8                TruncateFileName(char*)
 .text._Z12noScreenshotv
                0x08005510       0x10 Main/SDCard.o
                0x08005510                noScreenshot()
 .text._Z12SetSelectionh
                0x08005520       0xcc Main/SDCard.o
                0x08005520                SetSelection(unsigned char)
 .text._Z12loadSnapshotPKc
                0x080055ec       0x40 Main/SDCard.o
                0x080055ec                loadSnapshot(char const*)
 .text._Z12saveSnapshotPKc
                0x0800562c       0x64 Main/SDCard.o
                0x0800562c                saveSnapshot(char const*)
 .text._Z17saveSnapshotSetupv
                0x08005690       0x84 Main/SDCard.o
                0x08005690                saveSnapshotSetup()
 .text._Z16saveSnapshotLoopv
                0x08005714      0x16c Main/SDCard.o
                0x08005714                saveSnapshotLoop()
 .text._Z17loadSnapshotSetupv
                0x08005880      0x188 Main/SDCard.o
                0x08005880                loadSnapshotSetup()
 .text._Z16loadSnapshotLoopv
                0x08005a08      0x11c Main/SDCard.o
                0x08005a08                loadSnapshotLoop()
 .text._Z41__static_initialization_and_destruction_0ii
                0x08005b24       0xb4 Main/emulator.o
 .text._Z15initializeVideov
                0x08005bd8       0x18 Main/emulator.o
                0x08005bd8                initializeVideo()
 .text._Z10startVideov
                0x08005bf0       0x28 Main/emulator.o
                0x08005bf0                startVideo()
 .text._Z16showErrorMessagePKc
                0x08005c18       0x2c Main/emulator.o
                0x08005c18                showErrorMessage(char const*)
 .text._Z9showTitlePKc
                0x08005c44       0x2c Main/emulator.o
                0x08005c44                showTitle(char const*)
 .text._Z9clearHelpv
                0x08005c70       0x2c Main/emulator.o
                0x08005c70                clearHelp()
 .text._Z8showHelpv
                0x08005c9c       0x9c Main/emulator.o
                0x08005c9c                showHelp()
 .text._Z10toggleHelpv
                0x08005d38       0x18 Main/emulator.o
                0x08005d38                toggleHelp()
 .text._Z11restoreHelpv
                0x08005d50       0x18 Main/emulator.o
                0x08005d50                restoreHelp()
 .text._Z16setDateTimeSetupv
                0x08005d68       0xcc Main/emulator.o
                0x08005d68                setDateTimeSetup()
 .text._Z9saveStatev
                0x08005e34       0x1c Main/emulator.o
                0x08005e34                saveState()
 .text._Z17showKeyboardSetupv
                0x08005e50       0x40 Main/emulator.o
                0x08005e50                showKeyboardSetup()
 .text._Z12restoreStateb
                0x08005e90       0x20 Main/emulator.o
                0x08005e90                restoreState(bool)
 .text._Z16showKeyboardLoopv
                0x08005eb0       0x30 Main/emulator.o
                0x08005eb0                showKeyboardLoop()
 .text._Z15setDateTimeLoopv
                0x08005ee0      0x218 Main/emulator.o
                0x08005ee0                setDateTimeLoop()
 .text._Z13showRegistersv
                0x080060f8       0x34 Main/emulator.o
                0x080060f8                showRegisters()
 .text._GLOBAL__sub_I__buffer16K_1
                0x0800612c        0xe Main/emulator.o
 .text.initialize
                0x0800613a        0x8 Main/startup.o
                0x0800613a                initialize
 *fill*         0x08006142        0x2 
 .text.setup    0x08006144       0x1c Main/startup.o
                0x08006144                setup
 .text.loop     0x08006160       0x98 Main/startup.o
                0x08006160                loop
 .text._ZN3etl6armv7m4Nvic10enable_irqEj
                0x080061f8       0x1a Main/etl/armv7m/nvic.o
                0x080061f8                etl::armv7m::Nvic::enable_irq(unsigned int)
 .text._ZN3etl6armv7m4Nvic11disable_irqEj
                0x08006212       0x1c Main/etl/armv7m/nvic.o
                0x08006212                etl::armv7m::Nvic::disable_irq(unsigned int)
 .text._ZN3etl6armv7m4Nvic17clear_pending_irqEj
                0x0800622e       0x1c Main/etl/armv7m/nvic.o
                0x0800622e                etl::armv7m::Nvic::clear_pending_irq(unsigned int)
 .text._ZN3etl6armv7m4Nvic16set_irq_priorityEjh
                0x0800624a       0x64 Main/etl/armv7m/nvic.o
                0x0800624a                etl::armv7m::Nvic::set_irq_priority(unsigned int, unsigned char)
 *fill*         0x080062ae        0x2 
 .text._ZN3etl6armv7m3Scb22set_exception_priorityENS0_9ExceptionEh
                0x080062b0       0x74 Main/etl/armv7m/scb.o
                0x080062b0                etl::armv7m::Scb::set_exception_priority(etl::armv7m::Exception, unsigned char)
 .text._ZN3etl16assertion_failedEPKciS1_S1_
                0x08006324        0x2 Main/etl/assert_loop.o
                0x08006324                etl::assertion_failed(char const*, int, char const*, char const*)
 .text._ZN3etl9stm32f4xx4Gpio8set_modeEtNS1_4ModeE
                0x08006326       0x30 Main/etl/stm32f4xx/gpio.o
                0x08006326                etl::stm32f4xx::Gpio::set_mode(unsigned short, etl::stm32f4xx::Gpio::Mode)
 .text._ZN3etl9stm32f4xx4Gpio15set_output_typeEtNS1_10OutputTypeE
                0x08006356       0x2e Main/etl/stm32f4xx/gpio.o
                0x08006356                etl::stm32f4xx::Gpio::set_output_type(unsigned short, etl::stm32f4xx::Gpio::OutputType)
 .text._ZN3etl9stm32f4xx4Gpio16set_output_speedEtNS1_11OutputSpeedE
                0x08006384       0x30 Main/etl/stm32f4xx/gpio.o
                0x08006384                etl::stm32f4xx::Gpio::set_output_speed(unsigned short, etl::stm32f4xx::Gpio::OutputSpeed)
 .text._ZN3etl9stm32f4xx4Gpio8set_pullEtNS1_4PullE
                0x080063b4       0x30 Main/etl/stm32f4xx/gpio.o
                0x080063b4                etl::stm32f4xx::Gpio::set_pull(unsigned short, etl::stm32f4xx::Gpio::Pull)
 .text._ZN3etl9stm32f4xx4Gpio22set_alternate_functionEtj
                0x080063e4       0x56 Main/etl/stm32f4xx/gpio.o
                0x080063e4                etl::stm32f4xx::Gpio::set_alternate_function(unsigned short, unsigned int)
 *fill*         0x0800643a        0x2 
 .text._ZN3etl9stm32f4xx10enable_irqENS0_9InterruptE
                0x0800643c       0x10 Main/etl/stm32f4xx/interrupts.o
                0x0800643c                etl::stm32f4xx::enable_irq(etl::stm32f4xx::Interrupt)
 .text._ZN3etl9stm32f4xx11disable_irqENS0_9InterruptE
                0x0800644c       0x10 Main/etl/stm32f4xx/interrupts.o
                0x0800644c                etl::stm32f4xx::disable_irq(etl::stm32f4xx::Interrupt)
 .text._ZN3etl9stm32f4xx17clear_pending_irqENS0_9InterruptE
                0x0800645c       0x10 Main/etl/stm32f4xx/interrupts.o
                0x0800645c                etl::stm32f4xx::clear_pending_irq(etl::stm32f4xx::Interrupt)
 .text._ZN3etl9stm32f4xx16set_irq_priorityENS0_9InterruptEj
                0x0800646c       0x18 Main/etl/stm32f4xx/interrupts.o
                0x0800646c                etl::stm32f4xx::set_irq_priority(etl::stm32f4xx::Interrupt, unsigned int)
 .text._ZN3etl9stm32f4xxL8get_hpreEj
                0x08006484       0x6c Main/etl/stm32f4xx/rcc.o
 .text._ZN3etl9stm32f4xxL8get_ppreEj
                0x080064f0       0x48 Main/etl/stm32f4xx/rcc.o
 .text._ZN3etl9stm32f4xx3Rcc11enter_resetENS0_13ApbPeripheralE
                0x08006538       0x30 Main/etl/stm32f4xx/rcc.o
                0x08006538                etl::stm32f4xx::Rcc::enter_reset(etl::stm32f4xx::ApbPeripheral)
 .text._ZN3etl9stm32f4xx3Rcc11leave_resetENS0_13ApbPeripheralE
                0x08006568       0x30 Main/etl/stm32f4xx/rcc.o
                0x08006568                etl::stm32f4xx::Rcc::leave_reset(etl::stm32f4xx::ApbPeripheral)
 .text._ZN3etl9stm32f4xx3Rcc12enable_clockENS0_13ApbPeripheralE
                0x08006598       0x30 Main/etl/stm32f4xx/rcc.o
                0x08006598                etl::stm32f4xx::Rcc::enable_clock(etl::stm32f4xx::ApbPeripheral)
 .text._ZN3etl9stm32f4xx3Rcc12enable_clockENS0_13AhbPeripheralE
                0x080065c8       0x46 Main/etl/stm32f4xx/rcc.o
                0x080065c8                etl::stm32f4xx::Rcc::enable_clock(etl::stm32f4xx::AhbPeripheral)
 .text._ZNK3etl9stm32f4xx11ClockConfig14compute_speedsEPNS0_11ClockSpeedsE
                0x0800660e       0x6e Main/etl/stm32f4xx/rcc.o
                0x0800660e                etl::stm32f4xx::ClockConfig::compute_speeds(etl::stm32f4xx::ClockSpeeds*) const
 .text._ZN3etl9stm32f4xx3Rcc16configure_clocksERKNS0_11ClockConfigE
                0x0800667c      0x120 Main/etl/stm32f4xx/rcc.o
                0x0800667c                etl::stm32f4xx::Rcc::configure_clocks(etl::stm32f4xx::ClockConfig const&)
 .text._ZN3vgaL15disable_h_timerEN3etl9stm32f4xx13ApbPeripheralENS1_9InterruptE
                0x0800679c       0x20 Main/m4vgalib/vga.o
 .text._ZN3vgaL17configure_h_timerERKNS_6TimingEN3etl9stm32f4xx13ApbPeripheralERNS4_7GpTimerE
                0x080067bc       0x70 Main/m4vgalib/vga.o
 .text._ZN3vga8sync_offEv
                0x0800682c       0x24 Main/m4vgalib/vga.o
                0x0800682c                vga::sync_off()
 .text._ZN3vga9video_offEv
                0x08006850       0x24 Main/m4vgalib/vga.o
                0x08006850                vga::video_off()
 .text._ZN3vga4initEv
                0x08006874       0xcc Main/m4vgalib/vga.o
                0x08006874                vga::init()
 .text._ZN3vga7sync_onEv
                0x08006940       0x60 Main/m4vgalib/vga.o
                0x08006940                vga::sync_on()
 .text._ZN3vga8video_onEv
                0x080069a0       0x30 Main/m4vgalib/vga.o
                0x080069a0                vga::video_on()
 .text._ZN3vga16configure_timingERKNS_6TimingE
                0x080069d0      0x174 Main/m4vgalib/vga.o
                0x080069d0                vga::configure_timing(vga::Timing const&)
 .text._ZN3vga19configure_band_listEPKNS_4BandE
                0x08006b44       0x1c Main/m4vgalib/vga.o
                0x08006b44                vga::configure_band_list(vga::Band const*)
 .text.BSP_SD_GetCardState
                0x08006b60       0x14 Main/sdCard/bsp_driver_sd.o
                0x08006b60                BSP_SD_GetCardState
 .text.BSP_SD_GetCardInfo
                0x08006b74       0x10 Main/sdCard/bsp_driver_sd.o
                0x08006b74                BSP_SD_GetCardInfo
 .text.BSP_SD_AbortCallback
                0x08006b84        0x2 Main/sdCard/bsp_driver_sd.o
                0x08006b84                BSP_SD_AbortCallback
 .text.HAL_SD_AbortCallback
                0x08006b86        0x8 Main/sdCard/bsp_driver_sd.o
                0x08006b86                HAL_SD_AbortCallback
 .text.BSP_SD_WriteCpltCallback
                0x08006b8e        0x2 Main/sdCard/bsp_driver_sd.o
                0x08006b8e                BSP_SD_WriteCpltCallback
 .text.HAL_SD_TxCpltCallback
                0x08006b90        0x8 Main/sdCard/bsp_driver_sd.o
                0x08006b90                HAL_SD_TxCpltCallback
 .text.BSP_SD_ReadCpltCallback
                0x08006b98        0x2 Main/sdCard/bsp_driver_sd.o
                0x08006b98                BSP_SD_ReadCpltCallback
 .text.HAL_SD_RxCpltCallback
                0x08006b9a        0x8 Main/sdCard/bsp_driver_sd.o
                0x08006b9a                HAL_SD_RxCpltCallback
 .text.BSP_SD_IsDetected
                0x08006ba2       0x10 Main/sdCard/bsp_driver_sd.o
                0x08006ba2                BSP_SD_IsDetected
 *fill*         0x08006bb2        0x2 
 .text.BSP_SD_Init
                0x08006bb4       0x34 Main/sdCard/bsp_driver_sd.o
                0x08006bb4                BSP_SD_Init
 .text.BSP_SD_ReadBlocks
                0x08006be8       0x48 Main/sdCard/bsp_driver_sd.o
                0x08006be8                BSP_SD_ReadBlocks
 .text.BSP_SD_WriteBlocks
                0x08006c30       0x50 Main/sdCard/bsp_driver_sd.o
                0x08006c30                BSP_SD_WriteBlocks
 .text.disk_status
                0x08006c80       0x18 Main/sdCard/diskio.o
                0x08006c80                disk_status
 .text.disk_initialize
                0x08006c98       0x28 Main/sdCard/diskio.o
                0x08006c98                disk_initialize
 .text.disk_read
                0x08006cc0       0x18 Main/sdCard/diskio.o
                0x08006cc0                disk_read
 .text.disk_write
                0x08006cd8       0x18 Main/sdCard/diskio.o
                0x08006cd8                disk_write
 .text.disk_ioctl
                0x08006cf0       0x18 Main/sdCard/diskio.o
                0x08006cf0                disk_ioctl
 .text.MX_FATFS_Init
                0x08006d08       0x1c Main/sdCard/fatfs.o
                0x08006d08                MX_FATFS_Init
 .text.get_fattime
                0x08006d24       0x54 Main/sdCard/fatfs.o
                0x08006d24                get_fattime
 .text.FATFS_LinkDriverEx
                0x08006d78       0x48 Main/sdCard/ff_gen_drv.o
                0x08006d78                FATFS_LinkDriverEx
 .text.FATFS_LinkDriver
                0x08006dc0        0xa Main/sdCard/ff_gen_drv.o
                0x08006dc0                FATFS_LinkDriver
 *fill*         0x08006dca        0x2 
 .text.SD_CheckStatus
                0x08006dcc       0x24 Main/sdCard/sd_diskio.o
 .text.SD_initialize
                0x08006df0       0x18 Main/sdCard/sd_diskio.o
                0x08006df0                SD_initialize
 .text.SD_status
                0x08006e08        0x8 Main/sdCard/sd_diskio.o
                0x08006e08                SD_status
 .text.SD_read  0x08006e10       0x20 Main/sdCard/sd_diskio.o
                0x08006e10                SD_read
 .text.SD_write
                0x08006e30       0x20 Main/sdCard/sd_diskio.o
                0x08006e30                SD_write
 .text.SD_ioctl
                0x08006e50       0x5c Main/sdCard/sd_diskio.o
                0x08006e50                SD_ioctl
 .text.ld_word  0x08006eac        0xa Main/sdCard/fatFS/ff.o
 .text.ld_dword
                0x08006eb6       0x16 Main/sdCard/fatFS/ff.o
 .text.ld_qword
                0x08006ecc       0xa8 Main/sdCard/fatFS/ff.o
 .text.st_word  0x08006f74        0x8 Main/sdCard/fatFS/ff.o
 .text.st_dword
                0x08006f7c       0x14 Main/sdCard/fatFS/ff.o
 .text.st_qword
                0x08006f90       0x26 Main/sdCard/fatFS/ff.o
 .text.mem_cpy  0x08006fb6       0x12 Main/sdCard/fatFS/ff.o
 .text.mem_set  0x08006fc8        0xa Main/sdCard/fatFS/ff.o
 .text.mem_cmp  0x08006fd2       0x1e Main/sdCard/fatFS/ff.o
 .text.chk_chr  0x08006ff0       0x10 Main/sdCard/fatFS/ff.o
 .text.dbc_1st  0x08007000        0x4 Main/sdCard/fatFS/ff.o
 .text.dbc_2nd  0x08007004        0x4 Main/sdCard/fatFS/ff.o
 .text.clst2sect
                0x08007008       0x18 Main/sdCard/fatFS/ff.o
 .text.ld_clust
                0x08007020       0x26 Main/sdCard/fatFS/ff.o
 .text.st_clust
                0x08007046       0x26 Main/sdCard/fatFS/ff.o
 .text.pick_lfn
                0x0800706c       0x88 Main/sdCard/fatFS/ff.o
 .text.put_lfn  0x080070f4       0x78 Main/sdCard/fatFS/ff.o
 .text.gen_numname
                0x0800716c       0xb0 Main/sdCard/fatFS/ff.o
 .text.sum_sfn  0x0800721c       0x1c Main/sdCard/fatFS/ff.o
 .text.xdir_sum
                0x08007238       0x30 Main/sdCard/fatFS/ff.o
 .text.init_alloc_info
                0x08007268       0x2e Main/sdCard/fatFS/ff.o
 *fill*         0x08007296        0x2 
 .text.get_achar
                0x08007298       0x24 Main/sdCard/fatFS/ff.o
 .text.pattern_matching
                0x080072bc       0xaa Main/sdCard/fatFS/ff.o
 .text.get_ldnumber
                0x08007366       0x58 Main/sdCard/fatFS/ff.o
 .text.validate
                0x080073be       0x48 Main/sdCard/fatFS/ff.o
 .text.sync_window
                0x08007406       0x50 Main/sdCard/fatFS/ff.o
 .text.move_window
                0x08007456       0x34 Main/sdCard/fatFS/ff.o
 *fill*         0x0800748a        0x2 
 .text.check_fs
                0x0800748c       0x84 Main/sdCard/fatFS/ff.o
 .text.find_volume
                0x08007510      0x4d4 Main/sdCard/fatFS/ff.o
 .text.find_bitmap
                0x080079e4       0x86 Main/sdCard/fatFS/ff.o
 .text.change_bitmap
                0x08007a6a       0x78 Main/sdCard/fatFS/ff.o
 .text.put_fat  0x08007ae2      0x11e Main/sdCard/fatFS/ff.o
 .text.fill_last_frag
                0x08007c00       0x30 Main/sdCard/fatFS/ff.o
 .text.fill_first_frag
                0x08007c30       0x32 Main/sdCard/fatFS/ff.o
 .text.get_fat  0x08007c62      0x172 Main/sdCard/fatFS/ff.o
 .text.dir_sdi  0x08007dd4       0xb4 Main/sdCard/fatFS/ff.o
 .text.create_chain
                0x08007e88      0x1cc Main/sdCard/fatFS/ff.o
 .text.remove_chain
                0x08008054      0x13e Main/sdCard/fatFS/ff.o
 .text.dir_clear
                0x08008192       0x52 Main/sdCard/fatFS/ff.o
 .text.dir_next
                0x080081e4       0xdc Main/sdCard/fatFS/ff.o
 .text.load_xdir
                0x080082c0      0x100 Main/sdCard/fatFS/ff.o
 .text.load_obj_xdir
                0x080083c0       0x3a Main/sdCard/fatFS/ff.o
 .text.dir_read
                0x080083fa       0xea Main/sdCard/fatFS/ff.o
 .text.dir_alloc
                0x080084e4       0x6c Main/sdCard/fatFS/ff.o
 .text.store_xdir
                0x08008550       0x5e Main/sdCard/fatFS/ff.o
 .text.dir_remove
                0x080085ae       0x60 Main/sdCard/fatFS/ff.o
 .text.put_utf  0x0800860e       0x38 Main/sdCard/fatFS/ff.o
 .text.get_xfileinfo
                0x08008646       0xc2 Main/sdCard/fatFS/ff.o
 .text.get_fileinfo
                0x08008708      0x13e Main/sdCard/fatFS/ff.o
 .text.tchar2uni
                0x08008846       0x48 Main/sdCard/fatFS/ff.o
 *fill*         0x0800888e        0x2 
 .text.create_name
                0x08008890      0x248 Main/sdCard/fatFS/ff.o
 .text.xname_sum
                0x08008ad8       0x36 Main/sdCard/fatFS/ff.o
 .text.create_xdir
                0x08008b0e       0x82 Main/sdCard/fatFS/ff.o
 .text.cmp_lfn  0x08008b90       0xa4 Main/sdCard/fatFS/ff.o
 .text.dir_find
                0x08008c34      0x15c Main/sdCard/fatFS/ff.o
 .text.follow_path
                0x08008d90       0xb4 Main/sdCard/fatFS/ff.o
 .text.dir_register
                0x08008e44      0x208 Main/sdCard/fatFS/ff.o
 .text.sync_fs  0x0800904c       0x8c Main/sdCard/fatFS/ff.o
 .text.f_mount  0x080090d8       0x50 Main/sdCard/fatFS/ff.o
                0x080090d8                f_mount
 .text.f_open   0x08009128      0x2b8 Main/sdCard/fatFS/ff.o
                0x08009128                f_open
 .text.f_sync   0x080093e0      0x160 Main/sdCard/fatFS/ff.o
                0x080093e0                f_sync
 .text.f_close  0x08009540       0x28 Main/sdCard/fatFS/ff.o
                0x08009540                f_close
 .text.f_opendir
                0x08009568       0x92 Main/sdCard/fatFS/ff.o
                0x08009568                f_opendir
 .text.f_readdir
                0x080095fa       0x4e Main/sdCard/fatFS/ff.o
                0x080095fa                f_readdir
 .text.f_findnext
                0x08009648       0x2e Main/sdCard/fatFS/ff.o
                0x08009648                f_findnext
 .text.f_findfirst
                0x08009676       0x22 Main/sdCard/fatFS/ff.o
                0x08009676                f_findfirst
 .text.f_unlink
                0x08009698       0xda Main/sdCard/fatFS/ff.o
                0x08009698                f_unlink
 *fill*         0x08009772        0x2 
 .text.ff_uni2oem
                0x08009774       0x40 Main/sdCard/fatFS/ffunicode.o
                0x08009774                ff_uni2oem
 .text.ff_oem2uni
                0x080097b4       0x2c Main/sdCard/fatFS/ffunicode.o
                0x080097b4                ff_oem2uni
 .text.ff_wtoupper
                0x080097e0       0x9c Main/sdCard/fatFS/ffunicode.o
                0x080097e0                ff_wtoupper
 .text.USBD_CDC_DataIn
                0x0800987c       0x12 Middlewares/ST/STM32_USB_Device_Library/Class/CDC/Src/usbd_cdc.o
 .text.USBD_CDC_EP0_RxReady
                0x0800988e       0x28 Middlewares/ST/STM32_USB_Device_Library/Class/CDC/Src/usbd_cdc.o
 *fill*         0x080098b6        0x2 
 .text.USBD_CDC_GetFSCfgDesc
                0x080098b8        0xc Middlewares/ST/STM32_USB_Device_Library/Class/CDC/Src/usbd_cdc.o
 .text.USBD_CDC_GetHSCfgDesc
                0x080098c4        0xc Middlewares/ST/STM32_USB_Device_Library/Class/CDC/Src/usbd_cdc.o
 .text.USBD_CDC_GetOtherSpeedCfgDesc
                0x080098d0        0xc Middlewares/ST/STM32_USB_Device_Library/Class/CDC/Src/usbd_cdc.o
 .text.USBD_CDC_GetDeviceQualifierDescriptor
                0x080098dc        0xc Middlewares/ST/STM32_USB_Device_Library/Class/CDC/Src/usbd_cdc.o
                0x080098dc                USBD_CDC_GetDeviceQualifierDescriptor
 .text.USBD_CDC_DataOut
                0x080098e8       0x2e Middlewares/ST/STM32_USB_Device_Library/Class/CDC/Src/usbd_cdc.o
 *fill*         0x08009916        0x2 
 .text.USBD_CDC_Setup
                0x08009918       0x74 Middlewares/ST/STM32_USB_Device_Library/Class/CDC/Src/usbd_cdc.o
 .text.USBD_CDC_DeInit
                0x0800998c       0x3a Middlewares/ST/STM32_USB_Device_Library/Class/CDC/Src/usbd_cdc.o
 .text.USBD_CDC_Init
                0x080099c6       0x96 Middlewares/ST/STM32_USB_Device_Library/Class/CDC/Src/usbd_cdc.o
 .text.USBD_CDC_RegisterInterface
                0x08009a5c        0xe Middlewares/ST/STM32_USB_Device_Library/Class/CDC/Src/usbd_cdc.o
                0x08009a5c                USBD_CDC_RegisterInterface
 .text.USBD_CDC_SetTxBuffer
                0x08009a6a       0x10 Middlewares/ST/STM32_USB_Device_Library/Class/CDC/Src/usbd_cdc.o
                0x08009a6a                USBD_CDC_SetTxBuffer
 .text.USBD_CDC_SetRxBuffer
                0x08009a7a        0xc Middlewares/ST/STM32_USB_Device_Library/Class/CDC/Src/usbd_cdc.o
                0x08009a7a                USBD_CDC_SetRxBuffer
 .text.USBD_CDC_ReceivePacket
                0x08009a86       0x32 Middlewares/ST/STM32_USB_Device_Library/Class/CDC/Src/usbd_cdc.o
                0x08009a86                USBD_CDC_ReceivePacket
 .text.USBD_Init
                0x08009ab8       0x2e Middlewares/ST/STM32_USB_Device_Library/Core/Src/usbd_core.o
                0x08009ab8                USBD_Init
 .text.USBD_RegisterClass
                0x08009ae6        0xe Middlewares/ST/STM32_USB_Device_Library/Core/Src/usbd_core.o
                0x08009ae6                USBD_RegisterClass
 .text.USBD_Start
                0x08009af4        0xa Middlewares/ST/STM32_USB_Device_Library/Core/Src/usbd_core.o
                0x08009af4                USBD_Start
 .text.USBD_SetClassConfig
                0x08009afe       0x1a Middlewares/ST/STM32_USB_Device_Library/Core/Src/usbd_core.o
                0x08009afe                USBD_SetClassConfig
 .text.USBD_ClrClassConfig
                0x08009b18        0xe Middlewares/ST/STM32_USB_Device_Library/Core/Src/usbd_core.o
                0x08009b18                USBD_ClrClassConfig
 .text.USBD_LL_SetupStage
                0x08009b26       0x5a Middlewares/ST/STM32_USB_Device_Library/Core/Src/usbd_core.o
                0x08009b26                USBD_LL_SetupStage
 .text.USBD_LL_DataOutStage
                0x08009b80       0x6a Middlewares/ST/STM32_USB_Device_Library/Core/Src/usbd_core.o
                0x08009b80                USBD_LL_DataOutStage
 .text.USBD_LL_DataInStage
                0x08009bea       0xb0 Middlewares/ST/STM32_USB_Device_Library/Core/Src/usbd_core.o
                0x08009bea                USBD_LL_DataInStage
 .text.USBD_LL_Reset
                0x08009c9a       0x3e Middlewares/ST/STM32_USB_Device_Library/Core/Src/usbd_core.o
                0x08009c9a                USBD_LL_Reset
 .text.USBD_LL_SetSpeed
                0x08009cd8        0x6 Middlewares/ST/STM32_USB_Device_Library/Core/Src/usbd_core.o
                0x08009cd8                USBD_LL_SetSpeed
 .text.USBD_LL_Suspend
                0x08009cde       0x12 Middlewares/ST/STM32_USB_Device_Library/Core/Src/usbd_core.o
                0x08009cde                USBD_LL_Suspend
 .text.USBD_LL_Resume
                0x08009cf0        0xc Middlewares/ST/STM32_USB_Device_Library/Core/Src/usbd_core.o
                0x08009cf0                USBD_LL_Resume
 .text.USBD_LL_SOF
                0x08009cfc       0x1c Middlewares/ST/STM32_USB_Device_Library/Core/Src/usbd_core.o
                0x08009cfc                USBD_LL_SOF
 .text.USBD_LL_IsoINIncomplete
                0x08009d18        0x4 Middlewares/ST/STM32_USB_Device_Library/Core/Src/usbd_core.o
                0x08009d18                USBD_LL_IsoINIncomplete
 .text.USBD_LL_IsoOUTIncomplete
                0x08009d1c        0x4 Middlewares/ST/STM32_USB_Device_Library/Core/Src/usbd_core.o
                0x08009d1c                USBD_LL_IsoOUTIncomplete
 .text.USBD_LL_DevConnected
                0x08009d20        0x4 Middlewares/ST/STM32_USB_Device_Library/Core/Src/usbd_core.o
                0x08009d20                USBD_LL_DevConnected
 .text.USBD_LL_DevDisconnected
                0x08009d24       0x16 Middlewares/ST/STM32_USB_Device_Library/Core/Src/usbd_core.o
                0x08009d24                USBD_LL_DevDisconnected
 .text.USBD_GetLen
                0x08009d3a       0x14 Middlewares/ST/STM32_USB_Device_Library/Core/Src/usbd_ctlreq.o
 .text.USBD_SetFeature
                0x08009d4e       0x20 Middlewares/ST/STM32_USB_Device_Library/Core/Src/usbd_ctlreq.o
 .text.USBD_ParseSetupRequest
                0x08009d6e       0x28 Middlewares/ST/STM32_USB_Device_Library/Core/Src/usbd_ctlreq.o
                0x08009d6e                USBD_ParseSetupRequest
 .text.USBD_CtlError
                0x08009d96       0x14 Middlewares/ST/STM32_USB_Device_Library/Core/Src/usbd_ctlreq.o
                0x08009d96                USBD_CtlError
 .text.USBD_GetDescriptor
                0x08009daa      0x132 Middlewares/ST/STM32_USB_Device_Library/Core/Src/usbd_ctlreq.o
 .text.USBD_SetAddress
                0x08009edc       0x4a Middlewares/ST/STM32_USB_Device_Library/Core/Src/usbd_ctlreq.o
 *fill*         0x08009f26        0x2 
 .text.USBD_SetConfig
                0x08009f28       0xa4 Middlewares/ST/STM32_USB_Device_Library/Core/Src/usbd_ctlreq.o
 .text.USBD_GetConfig
                0x08009fcc       0x3a Middlewares/ST/STM32_USB_Device_Library/Core/Src/usbd_ctlreq.o
 .text.USBD_GetStatus
                0x0800a006       0x2c Middlewares/ST/STM32_USB_Device_Library/Core/Src/usbd_ctlreq.o
 .text.USBD_ClrFeature
                0x0800a032       0x30 Middlewares/ST/STM32_USB_Device_Library/Core/Src/usbd_ctlreq.o
 .text.USBD_StdDevReq
                0x0800a062       0x48 Middlewares/ST/STM32_USB_Device_Library/Core/Src/usbd_ctlreq.o
                0x0800a062                USBD_StdDevReq
 .text.USBD_StdItfReq
                0x0800a0aa       0x38 Middlewares/ST/STM32_USB_Device_Library/Core/Src/usbd_ctlreq.o
                0x0800a0aa                USBD_StdItfReq
 .text.USBD_StdEPReq
                0x0800a0e2      0x118 Middlewares/ST/STM32_USB_Device_Library/Core/Src/usbd_ctlreq.o
                0x0800a0e2                USBD_StdEPReq
 .text.USBD_GetString
                0x0800a1fa       0x3a Middlewares/ST/STM32_USB_Device_Library/Core/Src/usbd_ctlreq.o
                0x0800a1fa                USBD_GetString
 .text.USBD_CtlSendData
                0x0800a234       0x1a Middlewares/ST/STM32_USB_Device_Library/Core/Src/usbd_ioreq.o
                0x0800a234                USBD_CtlSendData
 .text.USBD_CtlContinueSendData
                0x0800a24e       0x10 Middlewares/ST/STM32_USB_Device_Library/Core/Src/usbd_ioreq.o
                0x0800a24e                USBD_CtlContinueSendData
 .text.USBD_CtlPrepareRx
                0x0800a25e       0x1e Middlewares/ST/STM32_USB_Device_Library/Core/Src/usbd_ioreq.o
                0x0800a25e                USBD_CtlPrepareRx
 .text.USBD_CtlContinueRx
                0x0800a27c       0x10 Middlewares/ST/STM32_USB_Device_Library/Core/Src/usbd_ioreq.o
                0x0800a27c                USBD_CtlContinueRx
 .text.USBD_CtlSendStatus
                0x0800a28c       0x16 Middlewares/ST/STM32_USB_Device_Library/Core/Src/usbd_ioreq.o
                0x0800a28c                USBD_CtlSendStatus
 .text.USBD_CtlReceiveStatus
                0x0800a2a2       0x16 Middlewares/ST/STM32_USB_Device_Library/Core/Src/usbd_ioreq.o
                0x0800a2a2                USBD_CtlReceiveStatus
 .text.MX_GPIO_Init
                0x0800a2b8       0x60 Src/main.o
 .text._Error_Handler
                0x0800a318        0x2 Src/main.o
                0x0800a318                _Error_Handler
 *fill*         0x0800a31a        0x2 
 .text.MX_SDIO_SD_Init
                0x0800a31c       0x38 Src/main.o
 .text.MX_RTC_Init
                0x0800a354       0x38 Src/main.o
 .text.SystemClock_Config
                0x0800a38c       0xe4 Src/main.o
                0x0800a38c                SystemClock_Config
 .text.main     0x0800a470       0x50 Src/main.o
                0x0800a470                main
 .text.HAL_MspInit
                0x0800a4c0       0x94 Src/stm32f4xx_hal_msp.o
                0x0800a4c0                HAL_MspInit
 .text.HAL_RTC_MspInit
                0x0800a554       0x1c Src/stm32f4xx_hal_msp.o
                0x0800a554                HAL_RTC_MspInit
 .text.HAL_SD_MspInit
                0x0800a570       0x7c Src/stm32f4xx_hal_msp.o
                0x0800a570                HAL_SD_MspInit
 .text.NMI_Handler
                0x0800a5ec        0x2 Src/stm32f4xx_it.o
                0x0800a5ec                NMI_Handler
 .text.HardFault_Handler
                0x0800a5ee        0x2 Src/stm32f4xx_it.o
                0x0800a5ee                HardFault_Handler
 .text.MemManage_Handler
                0x0800a5f0        0x2 Src/stm32f4xx_it.o
                0x0800a5f0                MemManage_Handler
 .text.BusFault_Handler
                0x0800a5f2        0x2 Src/stm32f4xx_it.o
                0x0800a5f2                BusFault_Handler
 .text.UsageFault_Handler
                0x0800a5f4        0x2 Src/stm32f4xx_it.o
                0x0800a5f4                UsageFault_Handler
 .text.SVC_Handler
                0x0800a5f6        0x2 Src/stm32f4xx_it.o
                0x0800a5f6                SVC_Handler
 .text.DebugMon_Handler
                0x0800a5f8        0x2 Src/stm32f4xx_it.o
                0x0800a5f8                DebugMon_Handler
 .text.SysTick_Handler
                0x0800a5fa        0xc Src/stm32f4xx_it.o
                0x0800a5fa                SysTick_Handler
 *fill*         0x0800a606        0x2 
 .text.SDIO_IRQHandler
                0x0800a608       0x10 Src/stm32f4xx_it.o
                0x0800a608                SDIO_IRQHandler
 .text.OTG_FS_IRQHandler
                0x0800a618       0x10 Src/stm32f4xx_it.o
                0x0800a618                OTG_FS_IRQHandler
 .text.SystemInit
                0x0800a628       0x4c Src/system_stm32f4xx.o
                0x0800a628                SystemInit
 .text.SystemCoreClockUpdate
                0x0800a674       0xa0 Src/system_stm32f4xx.o
                0x0800a674                SystemCoreClockUpdate
 .text.MX_USB_DEVICE_Init
                0x0800a714       0x38 Src/usb_device.o
                0x0800a714                MX_USB_DEVICE_Init
 .text.CDC_DeInit_FS
                0x0800a74c        0x4 Src/usbd_cdc_if.o
 .text.CDC_Control_FS
                0x0800a750        0x4 Src/usbd_cdc_if.o
 .text.CDC_Receive_FS
                0x0800a754       0x1c Src/usbd_cdc_if.o
 .text.CDC_Init_FS
                0x0800a770       0x28 Src/usbd_cdc_if.o
 .text.HAL_PCD_MspInit
                0x0800a798       0x68 Src/usbd_conf.o
                0x0800a798                HAL_PCD_MspInit
 .text.HAL_PCD_SetupStageCallback
                0x0800a800       0x10 Src/usbd_conf.o
                0x0800a800                HAL_PCD_SetupStageCallback
 .text.HAL_PCD_DataOutStageCallback
                0x0800a810       0x18 Src/usbd_conf.o
                0x0800a810                HAL_PCD_DataOutStageCallback
 .text.HAL_PCD_DataInStageCallback
                0x0800a828       0x16 Src/usbd_conf.o
                0x0800a828                HAL_PCD_DataInStageCallback
 .text.HAL_PCD_SOFCallback
                0x0800a83e        0xc Src/usbd_conf.o
                0x0800a83e                HAL_PCD_SOFCallback
 .text.HAL_PCD_ResetCallback
                0x0800a84a       0x20 Src/usbd_conf.o
                0x0800a84a                HAL_PCD_ResetCallback
 *fill*         0x0800a86a        0x2 
 .text.HAL_PCD_SuspendCallback
                0x0800a86c       0x30 Src/usbd_conf.o
                0x0800a86c                HAL_PCD_SuspendCallback
 .text.HAL_PCD_ResumeCallback
                0x0800a89c        0xc Src/usbd_conf.o
                0x0800a89c                HAL_PCD_ResumeCallback
 .text.HAL_PCD_ISOOUTIncompleteCallback
                0x0800a8a8        0xc Src/usbd_conf.o
                0x0800a8a8                HAL_PCD_ISOOUTIncompleteCallback
 .text.HAL_PCD_ISOINIncompleteCallback
                0x0800a8b4        0xc Src/usbd_conf.o
                0x0800a8b4                HAL_PCD_ISOINIncompleteCallback
 .text.HAL_PCD_ConnectCallback
                0x0800a8c0        0xc Src/usbd_conf.o
                0x0800a8c0                HAL_PCD_ConnectCallback
 .text.HAL_PCD_DisconnectCallback
                0x0800a8cc        0xc Src/usbd_conf.o
                0x0800a8cc                HAL_PCD_DisconnectCallback
 .text.USBD_LL_Init
                0x0800a8d8       0x74 Src/usbd_conf.o
                0x0800a8d8                USBD_LL_Init
 .text.USBD_LL_Start
                0x0800a94c       0x1c Src/usbd_conf.o
                0x0800a94c                USBD_LL_Start
 .text.USBD_LL_OpenEP
                0x0800a968       0x22 Src/usbd_conf.o
                0x0800a968                USBD_LL_OpenEP
 .text.USBD_LL_CloseEP
                0x0800a98a       0x1c Src/usbd_conf.o
                0x0800a98a                USBD_LL_CloseEP
 .text.USBD_LL_StallEP
                0x0800a9a6       0x1c Src/usbd_conf.o
                0x0800a9a6                USBD_LL_StallEP
 .text.USBD_LL_ClearStallEP
                0x0800a9c2       0x1c Src/usbd_conf.o
                0x0800a9c2                USBD_LL_ClearStallEP
 .text.USBD_LL_IsStallEP
                0x0800a9de       0x2e Src/usbd_conf.o
                0x0800a9de                USBD_LL_IsStallEP
 .text.USBD_LL_SetUSBAddress
                0x0800aa0c       0x1c Src/usbd_conf.o
                0x0800aa0c                USBD_LL_SetUSBAddress
 .text.USBD_LL_Transmit
                0x0800aa28       0x1c Src/usbd_conf.o
                0x0800aa28                USBD_LL_Transmit
 .text.USBD_LL_PrepareReceive
                0x0800aa44       0x1c Src/usbd_conf.o
                0x0800aa44                USBD_LL_PrepareReceive
 .text.USBD_LL_GetRxDataSize
                0x0800aa60        0xc Src/usbd_conf.o
                0x0800aa60                USBD_LL_GetRxDataSize
 .text.USBD_FS_DeviceDescriptor
                0x0800aa6c        0xc Src/usbd_desc.o
                0x0800aa6c                USBD_FS_DeviceDescriptor
 .text.USBD_FS_LangIDStrDescriptor
                0x0800aa78        0xc Src/usbd_desc.o
                0x0800aa78                USBD_FS_LangIDStrDescriptor
 .text.USBD_FS_ProductStrDescriptor
                0x0800aa84       0x24 Src/usbd_desc.o
                0x0800aa84                USBD_FS_ProductStrDescriptor
 .text.USBD_FS_ManufacturerStrDescriptor
                0x0800aaa8       0x1c Src/usbd_desc.o
                0x0800aaa8                USBD_FS_ManufacturerStrDescriptor
 .text.USBD_FS_SerialStrDescriptor
                0x0800aac4       0x24 Src/usbd_desc.o
                0x0800aac4                USBD_FS_SerialStrDescriptor
 .text.USBD_FS_ConfigStrDescriptor
                0x0800aae8       0x24 Src/usbd_desc.o
                0x0800aae8                USBD_FS_ConfigStrDescriptor
 .text.USBD_FS_InterfaceStrDescriptor
                0x0800ab0c       0x24 Src/usbd_desc.o
                0x0800ab0c                USBD_FS_InterfaceStrDescriptor
 .text.Reset_Handler
                0x0800ab30       0x50 startup/startup_stm32f407xx.o
                0x0800ab30                Reset_Handler
 .text.Default_Handler
                0x0800ab80        0x2 startup/startup_stm32f407xx.o
                0x0800ab80                RTC_Alarm_IRQHandler
                0x0800ab80                HASH_RNG_IRQHandler
                0x0800ab80                EXTI2_IRQHandler
                0x0800ab80                TIM8_CC_IRQHandler
                0x0800ab80                TIM1_CC_IRQHandler
                0x0800ab80                DMA2_Stream5_IRQHandler
                0x0800ab80                DMA1_Stream5_IRQHandler
                0x0800ab80                PVD_IRQHandler
                0x0800ab80                TAMP_STAMP_IRQHandler
                0x0800ab80                CAN2_RX1_IRQHandler
                0x0800ab80                EXTI3_IRQHandler
                0x0800ab80                TIM8_TRG_COM_TIM14_IRQHandler
                0x0800ab80                TIM1_UP_TIM10_IRQHandler
                0x0800ab80                TIM8_UP_TIM13_IRQHandler
                0x0800ab80                I2C3_ER_IRQHandler
                0x0800ab80                EXTI0_IRQHandler
                0x0800ab80                I2C2_EV_IRQHandler
                0x0800ab80                DMA1_Stream2_IRQHandler
                0x0800ab80                CAN1_RX0_IRQHandler
                0x0800ab80                FPU_IRQHandler
                0x0800ab80                OTG_HS_WKUP_IRQHandler
                0x0800ab80                CAN2_SCE_IRQHandler
                0x0800ab80                DMA2_Stream2_IRQHandler
                0x0800ab80                SPI1_IRQHandler
                0x0800ab80                TIM6_DAC_IRQHandler
                0x0800ab80                TIM1_BRK_TIM9_IRQHandler
                0x0800ab80                DCMI_IRQHandler
                0x0800ab80                CAN2_RX0_IRQHandler
                0x0800ab80                DMA2_Stream3_IRQHandler
                0x0800ab80                USART6_IRQHandler
                0x0800ab80                USART3_IRQHandler
                0x0800ab80                CAN1_RX1_IRQHandler
                0x0800ab80                UART5_IRQHandler
                0x0800ab80                DMA2_Stream0_IRQHandler
                0x0800ab80                I2C1_EV_IRQHandler
                0x0800ab80                DMA1_Stream6_IRQHandler
                0x0800ab80                DMA1_Stream1_IRQHandler
                0x0800ab80                UART4_IRQHandler
                0x0800ab80                RCC_IRQHandler
                0x0800ab80                TIM8_BRK_TIM12_IRQHandler
                0x0800ab80                Default_Handler
                0x0800ab80                EXTI15_10_IRQHandler
                0x0800ab80                ADC_IRQHandler
                0x0800ab80                DMA1_Stream7_IRQHandler
                0x0800ab80                TIM7_IRQHandler
                0x0800ab80                CAN2_TX_IRQHandler
                0x0800ab80                TIM5_IRQHandler
                0x0800ab80                DMA2_Stream7_IRQHandler
                0x0800ab80                I2C3_EV_IRQHandler
                0x0800ab80                EXTI9_5_IRQHandler
                0x0800ab80                RTC_WKUP_IRQHandler
                0x0800ab80                ETH_WKUP_IRQHandler
                0x0800ab80                SPI2_IRQHandler
                0x0800ab80                OTG_HS_EP1_IN_IRQHandler
                0x0800ab80                DMA1_Stream0_IRQHandler
                0x0800ab80                CAN1_TX_IRQHandler
                0x0800ab80                EXTI4_IRQHandler
                0x0800ab80                FSMC_IRQHandler
                0x0800ab80                ETH_IRQHandler
                0x0800ab80                OTG_HS_EP1_OUT_IRQHandler
                0x0800ab80                WWDG_IRQHandler
                0x0800ab80                TIM2_IRQHandler
                0x0800ab80                OTG_FS_WKUP_IRQHandler
                0x0800ab80                TIM1_TRG_COM_TIM11_IRQHandler
                0x0800ab80                OTG_HS_IRQHandler
                0x0800ab80                EXTI1_IRQHandler
                0x0800ab80                USART2_IRQHandler
                0x0800ab80                I2C2_ER_IRQHandler
                0x0800ab80                DMA2_Stream1_IRQHandler
                0x0800ab80                CAN1_SCE_IRQHandler
                0x0800ab80                FLASH_IRQHandler
                0x0800ab80                DMA2_Stream4_IRQHandler
                0x0800ab80                USART1_IRQHandler
                0x0800ab80                SPI3_IRQHandler
                0x0800ab80                DMA1_Stream4_IRQHandler
                0x0800ab80                I2C1_ER_IRQHandler
                0x0800ab80                DMA2_Stream6_IRQHandler
                0x0800ab80                DMA1_Stream3_IRQHandler
 *fill*         0x0800ab82        0x2 
 .text._ZdlPv   0x0800ab84        0x4 d:/ac6/systemworkbench/plugins/fr.ac6.mcu.externaltools.arm-none.win32_1.16.0.201807130628/tools/compiler/bin/../lib/gcc/arm-none-eabi/7.2.1/../../../../arm-none-eabi/lib/thumb/v7e-m/fpv4-sp/hard\libstdc++.a(del_op.o)
                0x0800ab84                operator delete(void*)
 .text.__aeabi_atexit
                0x0800ab88        0xc d:/ac6/systemworkbench/plugins/fr.ac6.mcu.externaltools.arm-none.win32_1.16.0.201807130628/tools/compiler/bin/../lib/gcc/arm-none-eabi/7.2.1/../../../../arm-none-eabi/lib/thumb/v7e-m/fpv4-sp/hard\libstdc++.a(atexit_arm.o)
                0x0800ab88                __aeabi_atexit
 .text.__cxa_atexit
                0x0800ab94        0xc d:/ac6/systemworkbench/plugins/fr.ac6.mcu.externaltools.arm-none.win32_1.16.0.201807130628/tools/compiler/bin/../lib/gcc/arm-none-eabi/7.2.1/../../../../arm-none-eabi/lib/thumb/v7e-m/fpv4-sp/hard\libc.a(lib_a-cxa_atexit.o)
                0x0800ab94                __cxa_atexit
 .text._malloc_trim_r
                0x0800aba0       0xa0 d:/ac6/systemworkbench/plugins/fr.ac6.mcu.externaltools.arm-none.win32_1.16.0.201807130628/tools/compiler/bin/../lib/gcc/arm-none-eabi/7.2.1/../../../../arm-none-eabi/lib/thumb/v7e-m/fpv4-sp/hard\libc.a(lib_a-freer.o)
                0x0800aba0                _malloc_trim_r
 .text._free_r  0x0800ac40      0x1e8 d:/ac6/systemworkbench/plugins/fr.ac6.mcu.externaltools.arm-none.win32_1.16.0.201807130628/tools/compiler/bin/../lib/gcc/arm-none-eabi/7.2.1/../../../../arm-none-eabi/lib/thumb/v7e-m/fpv4-sp/hard\libc.a(lib_a-freer.o)
                0x0800ac40                _free_r
 .text.__libc_init_array
                0x0800ae28       0x48 d:/ac6/systemworkbench/plugins/fr.ac6.mcu.externaltools.arm-none.win32_1.16.0.201807130628/tools/compiler/bin/../lib/gcc/arm-none-eabi/7.2.1/../../../../arm-none-eabi/lib/thumb/v7e-m/fpv4-sp/hard\libc.a(lib_a-init.o)
                0x0800ae28                __libc_init_array
 .text.__retarget_lock_acquire_recursive
                0x0800ae70        0x4 d:/ac6/systemworkbench/plugins/fr.ac6.mcu.externaltools.arm-none.win32_1.16.0.201807130628/tools/compiler/bin/../lib/gcc/arm-none-eabi/7.2.1/../../../../arm-none-eabi/lib/thumb/v7e-m/fpv4-sp/hard\libc.a(lib_a-lock.o)
                0x0800ae70                __retarget_lock_acquire_recursive
 .text.__retarget_lock_release_recursive
                0x0800ae74        0x4 d:/ac6/systemworkbench/plugins/fr.ac6.mcu.externaltools.arm-none.win32_1.16.0.201807130628/tools/compiler/bin/../lib/gcc/arm-none-eabi/7.2.1/../../../../arm-none-eabi/lib/thumb/v7e-m/fpv4-sp/hard\libc.a(lib_a-lock.o)
                0x0800ae74                __retarget_lock_release_recursive
 .text.malloc   0x0800ae78       0x10 d:/ac6/systemworkbench/plugins/fr.ac6.mcu.externaltools.arm-none.win32_1.16.0.201807130628/tools/compiler/bin/../lib/gcc/arm-none-eabi/7.2.1/../../../../arm-none-eabi/lib/thumb/v7e-m/fpv4-sp/hard\libc.a(lib_a-malloc.o)
                0x0800ae78                malloc
 .text.free     0x0800ae88       0x10 d:/ac6/systemworkbench/plugins/fr.ac6.mcu.externaltools.arm-none.win32_1.16.0.201807130628/tools/compiler/bin/../lib/gcc/arm-none-eabi/7.2.1/../../../../arm-none-eabi/lib/thumb/v7e-m/fpv4-sp/hard\libc.a(lib_a-malloc.o)
                0x0800ae88                free
 .text._malloc_r
                0x0800ae98      0x548 d:/ac6/systemworkbench/plugins/fr.ac6.mcu.externaltools.arm-none.win32_1.16.0.201807130628/tools/compiler/bin/../lib/gcc/arm-none-eabi/7.2.1/../../../../arm-none-eabi/lib/thumb/v7e-m/fpv4-sp/hard\libc.a(lib_a-mallocr.o)
                0x0800ae98                _malloc_r
 .text.memset   0x0800b3e0       0x94 d:/ac6/systemworkbench/plugins/fr.ac6.mcu.externaltools.arm-none.win32_1.16.0.201807130628/tools/compiler/bin/../lib/gcc/arm-none-eabi/7.2.1/../../../../arm-none-eabi/lib/thumb/v7e-m/fpv4-sp/hard\libc.a(lib_a-memset.o)
                0x0800b3e0                memset
 .text.__malloc_lock
                0x0800b474        0xc d:/ac6/systemworkbench/plugins/fr.ac6.mcu.externaltools.arm-none.win32_1.16.0.201807130628/tools/compiler/bin/../lib/gcc/arm-none-eabi/7.2.1/../../../../arm-none-eabi/lib/thumb/v7e-m/fpv4-sp/hard\libc.a(lib_a-mlock.o)
                0x0800b474                __malloc_lock
 .text.__malloc_unlock
                0x0800b480        0xc d:/ac6/systemworkbench/plugins/fr.ac6.mcu.externaltools.arm-none.win32_1.16.0.201807130628/tools/compiler/bin/../lib/gcc/arm-none-eabi/7.2.1/../../../../arm-none-eabi/lib/thumb/v7e-m/fpv4-sp/hard\libc.a(lib_a-mlock.o)
                0x0800b480                __malloc_unlock
 .text.qsort    0x0800b48c      0x5bc d:/ac6/systemworkbench/plugins/fr.ac6.mcu.externaltools.arm-none.win32_1.16.0.201807130628/tools/compiler/bin/../lib/gcc/arm-none-eabi/7.2.1/../../../../arm-none-eabi/lib/thumb/v7e-m/fpv4-sp/hard\libc.a(lib_a-qsort.o)
                0x0800b48c                qsort
 .text._sbrk_r  0x0800ba48       0x24 d:/ac6/systemworkbench/plugins/fr.ac6.mcu.externaltools.arm-none.win32_1.16.0.201807130628/tools/compiler/bin/../lib/gcc/arm-none-eabi/7.2.1/../../../../arm-none-eabi/lib/thumb/v7e-m/fpv4-sp/hard\libc.a(lib_a-sbrkr.o)
                0x0800ba48                _sbrk_r
 .text.sprintf  0x0800ba6c       0x44 d:/ac6/systemworkbench/plugins/fr.ac6.mcu.externaltools.arm-none.win32_1.16.0.201807130628/tools/compiler/bin/../lib/gcc/arm-none-eabi/7.2.1/../../../../arm-none-eabi/lib/thumb/v7e-m/fpv4-sp/hard\libc.a(lib_a-sprintf.o)
                0x0800ba6c                sprintf
 .text.sscanf   0x0800bab0       0x58 d:/ac6/systemworkbench/plugins/fr.ac6.mcu.externaltools.arm-none.win32_1.16.0.201807130628/tools/compiler/bin/../lib/gcc/arm-none-eabi/7.2.1/../../../../arm-none-eabi/lib/thumb/v7e-m/fpv4-sp/hard\libc.a(lib_a-sscanf.o)
                0x0800bab0                sscanf
 .text.__seofread
                0x0800bb08        0x4 d:/ac6/systemworkbench/plugins/fr.ac6.mcu.externaltools.arm-none.win32_1.16.0.201807130628/tools/compiler/bin/../lib/gcc/arm-none-eabi/7.2.1/../../../../arm-none-eabi/lib/thumb/v7e-m/fpv4-sp/hard\libc.a(lib_a-stdio.o)
                0x0800bb08                __seofread
 .text.strncmp  0x0800bb0c       0x98 d:/ac6/systemworkbench/plugins/fr.ac6.mcu.externaltools.arm-none.win32_1.16.0.201807130628/tools/compiler/bin/../lib/gcc/arm-none-eabi/7.2.1/../../../../arm-none-eabi/lib/thumb/v7e-m/fpv4-sp/hard\libc.a(lib_a-strncmp.o)
                0x0800bb0c                strncmp
 .text.strncpy  0x0800bba4       0x64 d:/ac6/systemworkbench/plugins/fr.ac6.mcu.externaltools.arm-none.win32_1.16.0.201807130628/tools/compiler/bin/../lib/gcc/arm-none-eabi/7.2.1/../../../../arm-none-eabi/lib/thumb/v7e-m/fpv4-sp/hard\libc.a(lib_a-strncpy.o)
                0x0800bba4                strncpy
 .text.strrchr  0x0800bc08       0x24 d:/ac6/systemworkbench/plugins/fr.ac6.mcu.externaltools.arm-none.win32_1.16.0.201807130628/tools/compiler/bin/../lib/gcc/arm-none-eabi/7.2.1/../../../../arm-none-eabi/lib/thumb/v7e-m/fpv4-sp/hard\libc.a(lib_a-strrchr.o)
                0x0800bc08                strrchr
 *fill*         0x0800bc2c        0x4 
 .text._svfprintf_r
                0x0800bc30     0x144c d:/ac6/systemworkbench/plugins/fr.ac6.mcu.externaltools.arm-none.win32_1.16.0.201807130628/tools/compiler/bin/../lib/gcc/arm-none-eabi/7.2.1/../../../../arm-none-eabi/lib/thumb/v7e-m/fpv4-sp/hard\libc.a(lib_a-svfprintf.o)
                0x0800bc30                _svfprintf_r
 .text.__ssvfscanf_r
                0x0800d07c      0xdd8 d:/ac6/systemworkbench/plugins/fr.ac6.mcu.externaltools.arm-none.win32_1.16.0.201807130628/tools/compiler/bin/../lib/gcc/arm-none-eabi/7.2.1/../../../../arm-none-eabi/lib/thumb/v7e-m/fpv4-sp/hard\libc.a(lib_a-svfscanf.o)
                0x0800d07c                __ssvfscanf_r
 .text.tolower  0x0800de54       0x1c d:/ac6/systemworkbench/plugins/fr.ac6.mcu.externaltools.arm-none.win32_1.16.0.201807130628/tools/compiler/bin/../lib/gcc/arm-none-eabi/7.2.1/../../../../arm-none-eabi/lib/thumb/v7e-m/fpv4-sp/hard\libc.a(lib_a-tolower.o)
                0x0800de54                tolower
 .text.toupper  0x0800de70       0x1c d:/ac6/systemworkbench/plugins/fr.ac6.mcu.externaltools.arm-none.win32_1.16.0.201807130628/tools/compiler/bin/../lib/gcc/arm-none-eabi/7.2.1/../../../../arm-none-eabi/lib/thumb/v7e-m/fpv4-sp/hard\libc.a(lib_a-toupper.o)
                0x0800de70                toupper
 .text.__register_exitproc
                0x0800de8c       0xc0 d:/ac6/systemworkbench/plugins/fr.ac6.mcu.externaltools.arm-none.win32_1.16.0.201807130628/tools/compiler/bin/../lib/gcc/arm-none-eabi/7.2.1/../../../../arm-none-eabi/lib/thumb/v7e-m/fpv4-sp/hard\libc.a(lib_a-__atexit.o)
                0x0800de8c                __register_exitproc
 .text.startup.register_fini
                0x0800df4c       0x14 d:/ac6/systemworkbench/plugins/fr.ac6.mcu.externaltools.arm-none.win32_1.16.0.201807130628/tools/compiler/bin/../lib/gcc/arm-none-eabi/7.2.1/../../../../arm-none-eabi/lib/thumb/v7e-m/fpv4-sp/hard\libc.a(lib_a-__call_atexit.o)
 .text.atexit   0x0800df60        0xc d:/ac6/systemworkbench/plugins/fr.ac6.mcu.externaltools.arm-none.win32_1.16.0.201807130628/tools/compiler/bin/../lib/gcc/arm-none-eabi/7.2.1/../../../../arm-none-eabi/lib/thumb/v7e-m/fpv4-sp/hard\libc.a(lib_a-atexit.o)
                0x0800df60                atexit
 .text.quorem   0x0800df6c      0x124 d:/ac6/systemworkbench/plugins/fr.ac6.mcu.externaltools.arm-none.win32_1.16.0.201807130628/tools/compiler/bin/../lib/gcc/arm-none-eabi/7.2.1/../../../../arm-none-eabi/lib/thumb/v7e-m/fpv4-sp/hard\libc.a(lib_a-dtoa.o)
 .text._dtoa_r  0x0800e090      0xe28 d:/ac6/systemworkbench/plugins/fr.ac6.mcu.externaltools.arm-none.win32_1.16.0.201807130628/tools/compiler/bin/../lib/gcc/arm-none-eabi/7.2.1/../../../../arm-none-eabi/lib/thumb/v7e-m/fpv4-sp/hard\libc.a(lib_a-dtoa.o)
                0x0800e090                _dtoa_r
 .text.__libc_fini_array
                0x0800eeb8       0x34 d:/ac6/systemworkbench/plugins/fr.ac6.mcu.externaltools.arm-none.win32_1.16.0.201807130628/tools/compiler/bin/../lib/gcc/arm-none-eabi/7.2.1/../../../../arm-none-eabi/lib/thumb/v7e-m/fpv4-sp/hard\libc.a(lib_a-fini.o)
                0x0800eeb8                __libc_fini_array
 .text.iswspace
                0x0800eeec       0x1c d:/ac6/systemworkbench/plugins/fr.ac6.mcu.externaltools.arm-none.win32_1.16.0.201807130628/tools/compiler/bin/../lib/gcc/arm-none-eabi/7.2.1/../../../../arm-none-eabi/lib/thumb/v7e-m/fpv4-sp/hard\libc.a(lib_a-iswspace.o)
                0x0800eeec                iswspace
 .text.__locale_mb_cur_max
                0x0800ef08       0x1c d:/ac6/systemworkbench/plugins/fr.ac6.mcu.externaltools.arm-none.win32_1.16.0.201807130628/tools/compiler/bin/../lib/gcc/arm-none-eabi/7.2.1/../../../../arm-none-eabi/lib/thumb/v7e-m/fpv4-sp/hard\libc.a(lib_a-locale.o)
                0x0800ef08                __locale_mb_cur_max
 .text.__locale_ctype_ptr_l
                0x0800ef24        0x8 d:/ac6/systemworkbench/plugins/fr.ac6.mcu.externaltools.arm-none.win32_1.16.0.201807130628/tools/compiler/bin/../lib/gcc/arm-none-eabi/7.2.1/../../../../arm-none-eabi/lib/thumb/v7e-m/fpv4-sp/hard\libc.a(lib_a-locale.o)
                0x0800ef24                __locale_ctype_ptr_l
 .text.__locale_ctype_ptr
                0x0800ef2c       0x1c d:/ac6/systemworkbench/plugins/fr.ac6.mcu.externaltools.arm-none.win32_1.16.0.201807130628/tools/compiler/bin/../lib/gcc/arm-none-eabi/7.2.1/../../../../arm-none-eabi/lib/thumb/v7e-m/fpv4-sp/hard\libc.a(lib_a-locale.o)
                0x0800ef2c                __locale_ctype_ptr
 .text.__localeconv_l
                0x0800ef48        0x4 d:/ac6/systemworkbench/plugins/fr.ac6.mcu.externaltools.arm-none.win32_1.16.0.201807130628/tools/compiler/bin/../lib/gcc/arm-none-eabi/7.2.1/../../../../arm-none-eabi/lib/thumb/v7e-m/fpv4-sp/hard\libc.a(lib_a-localeconv.o)
                0x0800ef48                __localeconv_l
 .text._localeconv_r
                0x0800ef4c       0x1c d:/ac6/systemworkbench/plugins/fr.ac6.mcu.externaltools.arm-none.win32_1.16.0.201807130628/tools/compiler/bin/../lib/gcc/arm-none-eabi/7.2.1/../../../../arm-none-eabi/lib/thumb/v7e-m/fpv4-sp/hard\libc.a(lib_a-localeconv.o)
                0x0800ef4c                _localeconv_r
 .text._mbrtowc_r
                0x0800ef68       0x5c d:/ac6/systemworkbench/plugins/fr.ac6.mcu.externaltools.arm-none.win32_1.16.0.201807130628/tools/compiler/bin/../lib/gcc/arm-none-eabi/7.2.1/../../../../arm-none-eabi/lib/thumb/v7e-m/fpv4-sp/hard\libc.a(lib_a-mbrtowc.o)
                0x0800ef68                _mbrtowc_r
 .text.__ascii_mbtowc
                0x0800efc4       0x2c d:/ac6/systemworkbench/plugins/fr.ac6.mcu.externaltools.arm-none.win32_1.16.0.201807130628/tools/compiler/bin/../lib/gcc/arm-none-eabi/7.2.1/../../../../arm-none-eabi/lib/thumb/v7e-m/fpv4-sp/hard\libc.a(lib_a-mbtowc_r.o)
                0x0800efc4                __ascii_mbtowc
 .text._Balloc  0x0800eff0       0x4c d:/ac6/systemworkbench/plugins/fr.ac6.mcu.externaltools.arm-none.win32_1.16.0.201807130628/tools/compiler/bin/../lib/gcc/arm-none-eabi/7.2.1/../../../../arm-none-eabi/lib/thumb/v7e-m/fpv4-sp/hard\libc.a(lib_a-mprec.o)