Archive member included to satisfy reference by file (symbol)

d:/ac6/systemworkbench/plugins/fr.ac6.mcu.externaltools.arm-none.win32_1.16.0.201807130628/tools/compiler/bin/../lib/gcc/arm-none-eabi/7.2.1/../../../../arm-none-eabi/lib/thumb/v7e-m/fpv4-sp/hard\libstdc++_nano.a(del_op.o)
                              Main/Display/Screen.o (operator delete(void*))
d:/ac6/systemworkbench/plugins/fr.ac6.mcu.externaltools.arm-none.win32_1.16.0.201807130628/tools/compiler/bin/../lib/gcc/arm-none-eabi/7.2.1/../../../../arm-none-eabi/lib/thumb/v7e-m/fpv4-sp/hard\libstdc++_nano.a(atexit_arm.o)
                              Main/emulator.o (__aeabi_atexit)
d:/ac6/systemworkbench/plugins/fr.ac6.mcu.externaltools.arm-none.win32_1.16.0.201807130628/tools/compiler/bin/../lib/gcc/arm-none-eabi/7.2.1/thumb/v7e-m/fpv4-sp/hard\libgcc.a(_arm_addsubdf3.o)
                              Main/Emulator/bkEmu.o (__aeabi_dadd)
d:/ac6/systemworkbench/plugins/fr.ac6.mcu.externaltools.arm-none.win32_1.16.0.201807130628/tools/compiler/bin/../lib/gcc/arm-none-eabi/7.2.1/thumb/v7e-m/fpv4-sp/hard\libgcc.a(_arm_cmpdf2.o)
                              Main/Emulator/pdp/service.o (__aeabi_dcmplt)
d:/ac6/systemworkbench/plugins/fr.ac6.mcu.externaltools.arm-none.win32_1.16.0.201807130628/tools/compiler/bin/../lib/gcc/arm-none-eabi/7.2.1/thumb/v7e-m/fpv4-sp/hard\libgcc.a(_aeabi_uldivmod.o)
                              Drivers/STM32F4xx_HAL_Driver/Src/stm32f4xx_hal_rcc.o (__aeabi_uldivmod)
d:/ac6/systemworkbench/plugins/fr.ac6.mcu.externaltools.arm-none.win32_1.16.0.201807130628/tools/compiler/bin/../lib/gcc/arm-none-eabi/7.2.1/thumb/v7e-m/fpv4-sp/hard\libgcc.a(_udivmoddi4.o)
                              d:/ac6/systemworkbench/plugins/fr.ac6.mcu.externaltools.arm-none.win32_1.16.0.201807130628/tools/compiler/bin/../lib/gcc/arm-none-eabi/7.2.1/thumb/v7e-m/fpv4-sp/hard\libgcc.a(_aeabi_uldivmod.o) (__udivmoddi4)
d:/ac6/systemworkbench/plugins/fr.ac6.mcu.externaltools.arm-none.win32_1.16.0.201807130628/tools/compiler/bin/../lib/gcc/arm-none-eabi/7.2.1/thumb/v7e-m/fpv4-sp/hard\libgcc.a(_dvmd_tls.o)
                              d:/ac6/systemworkbench/plugins/fr.ac6.mcu.externaltools.arm-none.win32_1.16.0.201807130628/tools/compiler/bin/../lib/gcc/arm-none-eabi/7.2.1/thumb/v7e-m/fpv4-sp/hard\libgcc.a(_aeabi_uldivmod.o) (__aeabi_ldiv0)
d:/ac6/systemworkbench/plugins/fr.ac6.mcu.externaltools.arm-none.win32_1.16.0.201807130628/tools/compiler/bin/../lib/gcc/arm-none-eabi/7.2.1/../../../../arm-none-eabi/lib/thumb/v7e-m/fpv4-sp/hard\libc_nano.a(lib_a-cxa_atexit.o)
                              d:/ac6/systemworkbench/plugins/fr.ac6.mcu.externaltools.arm-none.win32_1.16.0.201807130628/tools/compiler/bin/../lib/gcc/arm-none-eabi/7.2.1/../../../../arm-none-eabi/lib/thumb/v7e-m/fpv4-sp/hard\libstdc++_nano.a(atexit_arm.o) (__cxa_atexit)
d:/ac6/systemworkbench/plugins/fr.ac6.mcu.externaltools.arm-none.win32_1.16.0.201807130628/tools/compiler/bin/../lib/gcc/arm-none-eabi/7.2.1/../../../../arm-none-eabi/lib/thumb/v7e-m/fpv4-sp/hard\libc_nano.a(lib_a-exit.o)
                              d:/ac6/systemworkbench/plugins/fr.ac6.mcu.externaltools.arm-none.win32_1.16.0.201807130628/tools/compiler/bin/../lib/gcc/arm-none-eabi/7.2.1/../../../../arm-none-eabi/lib/thumb/v7e-m/fpv4-sp/hard/crt0.o (exit)
d:/ac6/systemworkbench/plugins/fr.ac6.mcu.externaltools.arm-none.win32_1.16.0.201807130628/tools/compiler/bin/../lib/gcc/arm-none-eabi/7.2.1/../../../../arm-none-eabi/lib/thumb/v7e-m/fpv4-sp/hard\libc_nano.a(lib_a-fflush.o)
                              Main/Emulator/pdp/weird.o (fflush)
d:/ac6/systemworkbench/plugins/fr.ac6.mcu.externaltools.arm-none.win32_1.16.0.201807130628/tools/compiler/bin/../lib/gcc/arm-none-eabi/7.2.1/../../../../arm-none-eabi/lib/thumb/v7e-m/fpv4-sp/hard\libc_nano.a(lib_a-findfp.o)
                              d:/ac6/systemworkbench/plugins/fr.ac6.mcu.externaltools.arm-none.win32_1.16.0.201807130628/tools/compiler/bin/../lib/gcc/arm-none-eabi/7.2.1/../../../../arm-none-eabi/lib/thumb/v7e-m/fpv4-sp/hard\libc_nano.a(lib_a-fflush.o) (__sinit)
d:/ac6/systemworkbench/plugins/fr.ac6.mcu.externaltools.arm-none.win32_1.16.0.201807130628/tools/compiler/bin/../lib/gcc/arm-none-eabi/7.2.1/../../../../arm-none-eabi/lib/thumb/v7e-m/fpv4-sp/hard\libc_nano.a(lib_a-fputc.o)
                              Main/Emulator/pdp/weird.o (fputc)
d:/ac6/systemworkbench/plugins/fr.ac6.mcu.externaltools.arm-none.win32_1.16.0.201807130628/tools/compiler/bin/../lib/gcc/arm-none-eabi/7.2.1/../../../../arm-none-eabi/lib/thumb/v7e-m/fpv4-sp/hard\libc_nano.a(lib_a-fwalk.o)
                              d:/ac6/systemworkbench/plugins/fr.ac6.mcu.externaltools.arm-none.win32_1.16.0.201807130628/tools/compiler/bin/../lib/gcc/arm-none-eabi/7.2.1/../../../../arm-none-eabi/lib/thumb/v7e-m/fpv4-sp/hard\libc_nano.a(lib_a-findfp.o) (_fwalk)
[...]
Memory Configuration

Name             Origin             Length             Attributes
FLASH            0x08000000         0x00100000         xr
RAM              0x20000000         0x0001c000         xrw
sram16           0x2001c000         0x00004000         xrw
CCMRAM           0x10000000         0x00010000         rw
*default*        0x00000000         0xffffffff

Linker script and memory map

LOAD d:/ac6/systemworkbench/plugins/fr.ac6.mcu.externaltools.arm-none.win32_1.16.0.201807130628/tools/compiler/bin/../lib/gcc/arm-none-eabi/7.2.1/thumb/v7e-m/fpv4-sp/hard/crti.o
LOAD d:/ac6/systemworkbench/plugins/fr.ac6.mcu.externaltools.arm-none.win32_1.16.0.201807130628/tools/compiler/bin/../lib/gcc/arm-none-eabi/7.2.1/thumb/v7e-m/fpv4-sp/hard/crtbegin.o
LOAD d:/ac6/systemworkbench/plugins/fr.ac6.mcu.externaltools.arm-none.win32_1.16.0.201807130628/tools/compiler/bin/../lib/gcc/arm-none-eabi/7.2.1/../../../../arm-none-eabi/lib/thumb/v7e-m/fpv4-sp/hard/crt0.o
LOAD Drivers/STM32F4xx_HAL_Driver/Src/stm32f4xx_hal.o
LOAD Drivers/STM32F4xx_HAL_Driver/Src/stm32f4xx_hal_cortex.o
LOAD Drivers/STM32F4xx_HAL_Driver/Src/stm32f4xx_hal_dma.o
LOAD Drivers/STM32F4xx_HAL_Driver/Src/stm32f4xx_hal_dma_ex.o
LOAD Drivers/STM32F4xx_HAL_Driver/Src/stm32f4xx_hal_flash.o
LOAD Drivers/STM32F4xx_HAL_Driver/Src/stm32f4xx_hal_flash_ex.o
LOAD Drivers/STM32F4xx_HAL_Driver/Src/stm32f4xx_hal_flash_ramfunc.o
LOAD Drivers/STM32F4xx_HAL_Driver/Src/stm32f4xx_hal_gpio.o
LOAD Drivers/STM32F4xx_HAL_Driver/Src/stm32f4xx_hal_pcd.o
LOAD Drivers/STM32F4xx_HAL_Driver/Src/stm32f4xx_hal_pcd_ex.o
LOAD Drivers/STM32F4xx_HAL_Driver/Src/stm32f4xx_hal_pwr.o
LOAD Drivers/STM32F4xx_HAL_Driver/Src/stm32f4xx_hal_pwr_ex.o
LOAD Drivers/STM32F4xx_HAL_Driver/Src/stm32f4xx_hal_rcc.o
LOAD Drivers/STM32F4xx_HAL_Driver/Src/stm32f4xx_hal_rcc_ex.o
LOAD Drivers/STM32F4xx_HAL_Driver/Src/stm32f4xx_hal_rtc.o
LOAD Drivers/STM32F4xx_HAL_Driver/Src/stm32f4xx_hal_rtc_ex.o
LOAD Drivers/STM32F4xx_HAL_Driver/Src/stm32f4xx_hal_sd.o
LOAD Drivers/STM32F4xx_HAL_Driver/Src/stm32f4xx_hal_tim.o
LOAD Drivers/STM32F4xx_HAL_Driver/Src/stm32f4xx_hal_tim_ex.o
LOAD Drivers/STM32F4xx_HAL_Driver/Src/stm32f4xx_ll_sdmmc.o
LOAD Drivers/STM32F4xx_HAL_Driver/Src/stm32f4xx_ll_usb.o
LOAD Main/Display/Screen.o
LOAD Main/Display/draw4.o
LOAD Main/Display/font8x8.o
LOAD Main/Emulator/BkScreen.o
LOAD Main/Emulator/bkEmu.o
LOAD Main/Emulator/pdp/branch.o
LOAD Main/Emulator/pdp/double.o
LOAD Main/Emulator/pdp/ea.o
LOAD Main/Emulator/pdp/itab.o
LOAD Main/Emulator/pdp/service.o
LOAD Main/Emulator/pdp/single.o
LOAD Main/Emulator/pdp/timing.o
LOAD Main/Emulator/pdp/weird.o
LOAD Main/Keyboard/Queue.o
LOAD Main/Keyboard/ps2Keyboard.o
LOAD Main/SDCard.o
LOAD Main/emulator.o
LOAD Main/startup.o
LOAD Main/etl/armv7m/exception_table.o
LOAD Main/etl/armv7m/nvic.o
LOAD Main/etl/armv7m/scb.o
LOAD Main/etl/assert_loop.o
LOAD Main/etl/stm32f4xx/gpio.o
LOAD Main/etl/stm32f4xx/interrupt_table.o
LOAD Main/etl/stm32f4xx/interrupts.o
LOAD Main/etl/stm32f4xx/rcc.o
LOAD Main/m4vgalib/copy_words.o
LOAD Main/m4vgalib/timing.o
LOAD Main/m4vgalib/vga.o
LOAD Main/sdCard/bsp_driver_sd.o
LOAD Main/sdCard/diskio.o
LOAD Main/sdCard/fatfs.o
LOAD Main/sdCard/ff_gen_drv.o
LOAD Main/sdCard/sd_diskio.o
LOAD Main/sdCard/fatFS/ff.o
LOAD Main/sdCard/fatFS/ffunicode.o
LOAD Middlewares/ST/STM32_USB_Device_Library/Class/CDC/Src/usbd_cdc.o
LOAD Middlewares/ST/STM32_USB_Device_Library/Core/Src/usbd_core.o
LOAD Middlewares/ST/STM32_USB_Device_Library/Core/Src/usbd_ctlreq.o
LOAD Middlewares/ST/STM32_USB_Device_Library/Core/Src/usbd_ioreq.o
LOAD Src/main.o
LOAD Src/stm32f4xx_hal_msp.o
LOAD Src/stm32f4xx_it.o
LOAD Src/system_stm32f4xx.o
LOAD Src/usb_device.o
LOAD Src/usbd_cdc_if.o
LOAD Src/usbd_conf.o
LOAD Src/usbd_desc.o
LOAD startup/startup_stm32f407xx.o
LOAD d:/ac6/systemworkbench/plugins/fr.ac6.mcu.externaltools.arm-none.win32_1.16.0.201807130628/tools/compiler/bin/../lib/gcc/arm-none-eabi/7.2.1/../../../../arm-none-eabi/lib/thumb/v7e-m/fpv4-sp/hard\libstdc++_nano.a
LOAD d:/ac6/systemworkbench/plugins/fr.ac6.mcu.externaltools.arm-none.win32_1.16.0.201807130628/tools/compiler/bin/../lib/gcc/arm-none-eabi/7.2.1/../../../../arm-none-eabi/lib/thumb/v7e-m/fpv4-sp/hard\libm.a
START GROUP
LOAD d:/ac6/systemworkbench/plugins/fr.ac6.mcu.externaltools.arm-none.win32_1.16.0.201807130628/tools/compiler/bin/../lib/gcc/arm-none-eabi/7.2.1/thumb/v7e-m/fpv4-sp/hard\libgcc.a
LOAD d:/ac6/systemworkbench/plugins/fr.ac6.mcu.externaltools.arm-none.win32_1.16.0.201807130628/tools/compiler/bin/../lib/gcc/arm-none-eabi/7.2.1/../../../../arm-none-eabi/lib/thumb/v7e-m/fpv4-sp/hard\libc_nano.a
END GROUP
START GROUP
LOAD d:/ac6/systemworkbench/plugins/fr.ac6.mcu.externaltools.arm-none.win32_1.16.0.201807130628/tools/compiler/bin/../lib/gcc/arm-none-eabi/7.2.1/thumb/v7e-m/fpv4-sp/hard\libgcc.a
LOAD d:/ac6/systemworkbench/plugins/fr.ac6.mcu.externaltools.arm-none.win32_1.16.0.201807130628/tools/compiler/bin/../lib/gcc/arm-none-eabi/7.2.1/../../../../arm-none-eabi/lib/thumb/v7e-m/fpv4-sp/hard\libc_nano.a
LOAD d:/ac6/systemworkbench/plugins/fr.ac6.mcu.externaltools.arm-none.win32_1.16.0.201807130628/tools/compiler/bin/../lib/gcc/arm-none-eabi/7.2.1/../../../../arm-none-eabi/lib/thumb/v7e-m/fpv4-sp/hard\libnosys.a
END GROUP
START GROUP
LOAD d:/ac6/systemworkbench/plugins/fr.ac6.mcu.externaltools.arm-none.win32_1.16.0.201807130628/tools/compiler/bin/../lib/gcc/arm-none-eabi/7.2.1/thumb/v7e-m/fpv4-sp/hard\libgcc.a
LOAD d:/ac6/systemworkbench/plugins/fr.ac6.mcu.externaltools.arm-none.win32_1.16.0.201807130628/tools/compiler/bin/../lib/gcc/arm-none-eabi/7.2.1/../../../../arm-none-eabi/lib/thumb/v7e-m/fpv4-sp/hard\libc_nano.a
LOAD d:/ac6/systemworkbench/plugins/fr.ac6.mcu.externaltools.arm-none.win32_1.16.0.201807130628/tools/compiler/bin/../lib/gcc/arm-none-eabi/7.2.1/../../../../arm-none-eabi/lib/thumb/v7e-m/fpv4-sp/hard\libnosys.a
END GROUP
LOAD d:/ac6/systemworkbench/plugins/fr.ac6.mcu.externaltools.arm-none.win32_1.16.0.201807130628/tools/compiler/bin/../lib/gcc/arm-none-eabi/7.2.1/thumb/v7e-m/fpv4-sp/hard/crtend.o
LOAD d:/ac6/systemworkbench/plugins/fr.ac6.mcu.externaltools.arm-none.win32_1.16.0.201807130628/tools/compiler/bin/../lib/gcc/arm-none-eabi/7.2.1/thumb/v7e-m/fpv4-sp/hard/crtn.o
                0x2001bc00                _estack = 0x2001bc00
                0x00000000                _Min_Heap_Size = 0x0
                0x00000400                _Min_Stack_Size = 0x400

.isr_vector     0x08000000      0x188
                0x08000000                . = ALIGN (0x4)
 *(.isr_vector)
 .isr_vector    0x08000000      0x188 startup/startup_stm32f407xx.o
                0x08000000                g_pfnVectors
                0x08000188                . = ALIGN (0x4)

.text           0x08000190     0xb5e0
                0x08000190                . = ALIGN (0x4)
 *(.text)
 .text          0x08000190       0x40 d:/ac6/systemworkbench/plugins/fr.ac6.mcu.externaltools.arm-none.win32_1.16.0.201807130628/tools/compiler/bin/../lib/gcc/arm-none-eabi/7.2.1/thumb/v7e-m/fpv4-sp/hard/crtbegin.o
 .text          0x080001d0       0x30 d:/ac6/systemworkbench/plugins/fr.ac6.mcu.externaltools.arm-none.win32_1.16.0.201807130628/tools/compiler/bin/../lib/gcc/arm-none-eabi/7.2.1/thumb/v7e-m/fpv4-sp/hard\libgcc.a(_aeabi_uldivmod.o)
                0x080001d0                __aeabi_uldivmod
 .text          0x08000200      0x2cc d:/ac6/systemworkbench/plugins/fr.ac6.mcu.externaltools.arm-none.win32_1.16.0.201807130628/tools/compiler/bin/../lib/gcc/arm-none-eabi/7.2.1/thumb/v7e-m/fpv4-sp/hard\libgcc.a(_udivmoddi4.o)
                0x08000200                __udivmoddi4
 .text          0x080004cc        0x4 d:/ac6/systemworkbench/plugins/fr.ac6.mcu.externaltools.arm-none.win32_1.16.0.201807130628/tools/compiler/bin/../lib/gcc/arm-none-eabi/7.2.1/thumb/v7e-m/fpv4-sp/hard\libgcc.a(_dvmd_tls.o)
                0x080004cc                __aeabi_idiv0
                0x080004cc                __aeabi_ldiv0
 .text          0x080004d0       0x10 d:/ac6/systemworkbench/plugins/fr.ac6.mcu.externaltools.arm-none.win32_1.16.0.201807130628/tools/compiler/bin/../lib/gcc/arm-none-eabi/7.2.1/../../../../arm-none-eabi/lib/thumb/v7e-m/fpv4-sp/hard\libc_nano.a(lib_a-strlen.o)
                0x080004d0                strlen
 .text          0x080004e0       0xa0 d:/ac6/systemworkbench/plugins/fr.ac6.mcu.externaltools.arm-none.win32_1.16.0.201807130628/tools/compiler/bin/../lib/gcc/arm-none-eabi/7.2.1/../../../../arm-none-eabi/lib/thumb/v7e-m/fpv4-sp/hard\libc_nano.a(lib_a-memchr.o)
                0x080004e0                memchr
 *(.text*)
 .text.HAL_InitTick
                0x08000580       0x48 Drivers/STM32F4xx_HAL_Driver/Src/stm32f4xx_hal.o
                0x08000580                HAL_InitTick
 .text.HAL_Init
                0x080005c8       0x34 Drivers/STM32F4xx_HAL_Driver/Src/stm32f4xx_hal.o
                0x080005c8                HAL_Init
 .text.HAL_IncTick
                0x080005fc       0x18 Drivers/STM32F4xx_HAL_Driver/Src/stm32f4xx_hal.o
                0x080005fc                HAL_IncTick
 .text.HAL_GetTick
                0x08000614        0xc Drivers/STM32F4xx_HAL_Driver/Src/stm32f4xx_hal.o
                0x08000614                HAL_GetTick
 .text.HAL_Delay
                0x08000620       0x28 Drivers/STM32F4xx_HAL_Driver/Src/stm32f4xx_hal.o
                0x08000620                HAL_Delay
 .text.HAL_NVIC_SetPriorityGrouping
                0x08000648       0x24 Drivers/STM32F4xx_HAL_Driver/Src/stm32f4xx_hal_cortex.o
                0x08000648                HAL_NVIC_SetPriorityGrouping
 .text.HAL_NVIC_SetPriority
                0x0800066c       0x64 Drivers/STM32F4xx_HAL_Driver/Src/stm32f4xx_hal_cortex.o
                0x0800066c                HAL_NVIC_SetPriority
 .text.HAL_NVIC_EnableIRQ
                0x080006d0       0x18 Drivers/STM32F4xx_HAL_Driver/Src/stm32f4xx_hal_cortex.o
                0x080006d0                HAL_NVIC_EnableIRQ
 .text.HAL_SYSTICK_Config
                0x080006e8       0x2c Drivers/STM32F4xx_HAL_Driver/Src/stm32f4xx_hal_cortex.o
                0x080006e8                HAL_SYSTICK_Config
 .text.HAL_SYSTICK_CLKSourceConfig
                0x08000714       0x18 Drivers/STM32F4xx_HAL_Driver/Src/stm32f4xx_hal_cortex.o
                0x08000714                HAL_SYSTICK_CLKSourceConfig
 .text.HAL_SYSTICK_Callback
                0x0800072c        0x2 Drivers/STM32F4xx_HAL_Driver/Src/stm32f4xx_hal_cortex.o
                0x0800072c                HAL_SYSTICK_Callback
 .text.HAL_SYSTICK_IRQHandler
                0x0800072e        0x8 Drivers/STM32F4xx_HAL_Driver/Src/stm32f4xx_hal_cortex.o
                0x0800072e                HAL_SYSTICK_IRQHandler
 .text.HAL_DMA_Abort_IT
                0x08000736       0x26 Drivers/STM32F4xx_HAL_Driver/Src/stm32f4xx_hal_dma.o
                0x08000736                HAL_DMA_Abort_IT
 .text.HAL_GPIO_Init
                0x0800075c      0x1cc Drivers/STM32F4xx_HAL_Driver/Src/stm32f4xx_hal_gpio.o
                0x0800075c                HAL_GPIO_Init
 .text.HAL_PCD_Init
                0x08000928       0xd4 Drivers/STM32F4xx_HAL_Driver/Src/stm32f4xx_hal_pcd.o
                0x08000928                HAL_PCD_Init
 .text.HAL_PCD_Start
                0x080009fc       0x2a Drivers/STM32F4xx_HAL_Driver/Src/stm32f4xx_hal_pcd.o
                0x080009fc                HAL_PCD_Start
 *fill*         0x08000a26        0x2 
 .text.HAL_PCD_IRQHandler
                0x08000a28      0x63c Drivers/STM32F4xx_HAL_Driver/Src/stm32f4xx_hal_pcd.o
                0x08000a28                HAL_PCD_IRQHandler
 .text.HAL_PCD_SetAddress
                0x08001064       0x24 Drivers/STM32F4xx_HAL_Driver/Src/stm32f4xx_hal_pcd.o
                0x08001064                HAL_PCD_SetAddress
 .text.HAL_PCD_EP_Open
                0x08001088       0x82 Drivers/STM32F4xx_HAL_Driver/Src/stm32f4xx_hal_pcd.o
                0x08001088                HAL_PCD_EP_Open
 .text.HAL_PCD_EP_Close
                0x0800110a       0x48 Drivers/STM32F4xx_HAL_Driver/Src/stm32f4xx_hal_pcd.o
                0x0800110a                HAL_PCD_EP_Close
 .text.HAL_PCD_EP_Receive
                0x08001152       0x5a Drivers/STM32F4xx_HAL_Driver/Src/stm32f4xx_hal_pcd.o
                0x08001152                HAL_PCD_EP_Receive
 .text.HAL_PCD_EP_GetRxCount
                0x080011ac       0x12 Drivers/STM32F4xx_HAL_Driver/Src/stm32f4xx_hal_pcd.o
                0x080011ac                HAL_PCD_EP_GetRxCount
 .text.HAL_PCD_EP_Transmit
                0x080011be       0x52 Drivers/STM32F4xx_HAL_Driver/Src/stm32f4xx_hal_pcd.o
                0x080011be                HAL_PCD_EP_Transmit
 .text.HAL_PCD_EP_SetStall
                0x08001210       0x66 Drivers/STM32F4xx_HAL_Driver/Src/stm32f4xx_hal_pcd.o
                0x08001210                HAL_PCD_EP_SetStall
 .text.HAL_PCD_EP_ClrStall
                0x08001276       0x56 Drivers/STM32F4xx_HAL_Driver/Src/stm32f4xx_hal_pcd.o
                0x08001276                HAL_PCD_EP_ClrStall
 .text.HAL_PCDEx_SetTxFiFo
                0x080012cc       0x4a Drivers/STM32F4xx_HAL_Driver/Src/stm32f4xx_hal_pcd_ex.o
                0x080012cc                HAL_PCDEx_SetTxFiFo
 .text.HAL_PCDEx_SetRxFiFo
                0x08001316        0x8 Drivers/STM32F4xx_HAL_Driver/Src/stm32f4xx_hal_pcd_ex.o
                0x08001316                HAL_PCDEx_SetRxFiFo
 *fill*         0x0800131e        0x2 
 .text.HAL_RCC_OscConfig
                0x08001320      0x39c Drivers/STM32F4xx_HAL_Driver/Src/stm32f4xx_hal_rcc.o
                0x08001320                HAL_RCC_OscConfig
 .text.HAL_RCC_GetSysClockFreq
                0x080016bc       0xd8 Drivers/STM32F4xx_HAL_Driver/Src/stm32f4xx_hal_rcc.o
                0x080016bc                HAL_RCC_GetSysClockFreq
 .text.HAL_RCC_ClockConfig
                0x08001794      0x160 Drivers/STM32F4xx_HAL_Driver/Src/stm32f4xx_hal_rcc.o
                0x08001794                HAL_RCC_ClockConfig
 .text.HAL_RCC_GetHCLKFreq
                0x080018f4        0xc Drivers/STM32F4xx_HAL_Driver/Src/stm32f4xx_hal_rcc.o
                0x080018f4                HAL_RCC_GetHCLKFreq
 .text.HAL_RCCEx_PeriphCLKConfig
                0x08001900      0x154 Drivers/STM32F4xx_HAL_Driver/Src/stm32f4xx_hal_rcc_ex.o
                0x08001900                HAL_RCCEx_PeriphCLKConfig
 .text.HAL_RTC_WaitForSynchro
                0x08001a54       0x32 Drivers/STM32F4xx_HAL_Driver/Src/stm32f4xx_hal_rtc.o
                0x08001a54                HAL_RTC_WaitForSynchro
 .text.RTC_EnterInitMode
                0x08001a86       0x3c Drivers/STM32F4xx_HAL_Driver/Src/stm32f4xx_hal_rtc.o
                0x08001a86                RTC_EnterInitMode
 .text.HAL_RTC_Init
                0x08001ac2       0xc4 Drivers/STM32F4xx_HAL_Driver/Src/stm32f4xx_hal_rtc.o
                0x08001ac2                HAL_RTC_Init
 .text.RTC_ByteToBcd2
                0x08001b86       0x1c Drivers/STM32F4xx_HAL_Driver/Src/stm32f4xx_hal_rtc.o
                0x08001b86                RTC_ByteToBcd2
 .text.HAL_RTC_SetDate
                0x08001ba2       0xdc Drivers/STM32F4xx_HAL_Driver/Src/stm32f4xx_hal_rtc.o
                0x08001ba2                HAL_RTC_SetDate
 .text.HAL_RTC_SetTime
                0x08001c7e      0x102 Drivers/STM32F4xx_HAL_Driver/Src/stm32f4xx_hal_rtc.o
                0x08001c7e                HAL_RTC_SetTime
 .text.RTC_Bcd2ToByte
                0x08001d80       0x12 Drivers/STM32F4xx_HAL_Driver/Src/stm32f4xx_hal_rtc.o
                0x08001d80                RTC_Bcd2ToByte
 .text.HAL_RTC_GetTime
                0x08001d92       0x54 Drivers/STM32F4xx_HAL_Driver/Src/stm32f4xx_hal_rtc.o
                0x08001d92                HAL_RTC_GetTime
 .text.HAL_RTC_GetDate
                0x08001de6       0x40 Drivers/STM32F4xx_HAL_Driver/Src/stm32f4xx_hal_rtc.o
                0x08001de6                HAL_RTC_GetDate
 .text.SD_FindSCR
                0x08001e26      0x10e Drivers/STM32F4xx_HAL_Driver/Src/stm32f4xx_hal_sd.o
 .text.HAL_SD_ReadBlocks
                0x08001f34      0x216 Drivers/STM32F4xx_HAL_Driver/Src/stm32f4xx_hal_sd.o
                0x08001f34                HAL_SD_ReadBlocks
 .text.HAL_SD_WriteBlocks
                0x0800214a      0x1d4 Drivers/STM32F4xx_HAL_Driver/Src/stm32f4xx_hal_sd.o
                0x0800214a                HAL_SD_WriteBlocks
 .text.HAL_SD_ErrorCallback
                0x0800231e        0x2 Drivers/STM32F4xx_HAL_Driver/Src/stm32f4xx_hal_sd.o
                0x0800231e                HAL_SD_ErrorCallback
 .text.HAL_SD_GetCardCSD
                0x08002320      0x1d8 Drivers/STM32F4xx_HAL_Driver/Src/stm32f4xx_hal_sd.o
                0x08002320                HAL_SD_GetCardCSD
 .text.HAL_SD_InitCard
                0x080024f8      0x22c Drivers/STM32F4xx_HAL_Driver/Src/stm32f4xx_hal_sd.o
                0x080024f8                HAL_SD_InitCard
 .text.HAL_SD_Init
                0x08002724       0x32 Drivers/STM32F4xx_HAL_Driver/Src/stm32f4xx_hal_sd.o
                0x08002724                HAL_SD_Init
 .text.HAL_SD_GetCardInfo
                0x08002756       0x24 Drivers/STM32F4xx_HAL_Driver/Src/stm32f4xx_hal_sd.o
                0x08002756                HAL_SD_GetCardInfo
 .text.HAL_SD_ConfigWideBusOperation
                0x0800277a      0x12a Drivers/STM32F4xx_HAL_Driver/Src/stm32f4xx_hal_sd.o
                0x0800277a                HAL_SD_ConfigWideBusOperation
 .text.HAL_SD_GetCardState
                0x080028a4       0x2a Drivers/STM32F4xx_HAL_Driver/Src/stm32f4xx_hal_sd.o
                0x080028a4                HAL_SD_GetCardState
 .text.SD_DMATxAbort
                0x080028ce       0x4a Drivers/STM32F4xx_HAL_Driver/Src/stm32f4xx_hal_sd.o
 .text.SD_DMARxAbort
                0x08002918       0x4a Drivers/STM32F4xx_HAL_Driver/Src/stm32f4xx_hal_sd.o
 *fill*         0x08002962        0x2 
 .text.HAL_SD_IRQHandler
                0x08002964      0x204 Drivers/STM32F4xx_HAL_Driver/Src/stm32f4xx_hal_sd.o
                0x08002964                HAL_SD_IRQHandler
 .text.SDMMC_GetCmdResp2
                0x08002b68       0x58 Drivers/STM32F4xx_HAL_Driver/Src/stm32f4xx_ll_sdmmc.o
 .text.SDMMC_GetCmdResp3
                0x08002bc0       0x48 Drivers/STM32F4xx_HAL_Driver/Src/stm32f4xx_ll_sdmmc.o
 .text.SDIO_Init
                0x08002c08       0x38 Drivers/STM32F4xx_HAL_Driver/Src/stm32f4xx_ll_sdmmc.o
                0x08002c08                SDIO_Init
 .text.SDIO_ReadFIFO
                0x08002c40        0x6 Drivers/STM32F4xx_HAL_Driver/Src/stm32f4xx_ll_sdmmc.o
                0x08002c40                SDIO_ReadFIFO
 .text.SDIO_WriteFIFO
                0x08002c46        0xa Drivers/STM32F4xx_HAL_Driver/Src/stm32f4xx_ll_sdmmc.o
                0x08002c46                SDIO_WriteFIFO
 .text.SDIO_PowerState_ON
                0x08002c50        0x8 Drivers/STM32F4xx_HAL_Driver/Src/stm32f4xx_ll_sdmmc.o
                0x08002c50                SDIO_PowerState_ON
 .text.SDIO_GetPowerState
                0x08002c58        0x8 Drivers/STM32F4xx_HAL_Driver/Src/stm32f4xx_ll_sdmmc.o
                0x08002c58                SDIO_GetPowerState
 .text.SDIO_SendCommand
                0x08002c60       0x2a Drivers/STM32F4xx_HAL_Driver/Src/stm32f4xx_ll_sdmmc.o
                0x08002c60                SDIO_SendCommand
 .text.SDIO_GetResponse
                0x08002c8a       0x14 Drivers/STM32F4xx_HAL_Driver/Src/stm32f4xx_ll_sdmmc.o
                0x08002c8a                SDIO_GetResponse
 *fill*         0x08002c9e        0x2 
 .text.SDMMC_GetCmdResp1
                0x08002ca0      0x14c Drivers/STM32F4xx_HAL_Driver/Src/stm32f4xx_ll_sdmmc.o
 .text.SDIO_ConfigData
                0x08002dec       0x2a Drivers/STM32F4xx_HAL_Driver/Src/stm32f4xx_ll_sdmmc.o
                0x08002dec                SDIO_ConfigData
 .text.SDMMC_CmdBlockLength
                0x08002e16       0x30 Drivers/STM32F4xx_HAL_Driver/Src/stm32f4xx_ll_sdmmc.o
                0x08002e16                SDMMC_CmdBlockLength
 .text.SDMMC_CmdReadSingleBlock
                0x08002e46       0x30 Drivers/STM32F4xx_HAL_Driver/Src/stm32f4xx_ll_sdmmc.o
                0x08002e46                SDMMC_CmdReadSingleBlock
 .text.SDMMC_CmdReadMultiBlock
                0x08002e76       0x30 Drivers/STM32F4xx_HAL_Driver/Src/stm32f4xx_ll_sdmmc.o
                0x08002e76                SDMMC_CmdReadMultiBlock
 .text.SDMMC_CmdWriteSingleBlock
                0x08002ea6       0x30 Drivers/STM32F4xx_HAL_Driver/Src/stm32f4xx_ll_sdmmc.o
                0x08002ea6                SDMMC_CmdWriteSingleBlock
 .text.SDMMC_CmdWriteMultiBlock
                0x08002ed6       0x30 Drivers/STM32F4xx_HAL_Driver/Src/stm32f4xx_ll_sdmmc.o
                0x08002ed6                SDMMC_CmdWriteMultiBlock
 *fill*         0x08002f06        0x2 
 .text.SDMMC_CmdStopTransfer
                0x08002f08       0x34 Drivers/STM32F4xx_HAL_Driver/Src/stm32f4xx_ll_sdmmc.o
                0x08002f08                SDMMC_CmdStopTransfer
 .text.SDMMC_CmdSelDesel
                0x08002f3c       0x30 Drivers/STM32F4xx_HAL_Driver/Src/stm32f4xx_ll_sdmmc.o
                0x08002f3c                SDMMC_CmdSelDesel
 .text.SDMMC_CmdGoIdleState
                0x08002f6c       0x58 Drivers/STM32F4xx_HAL_Driver/Src/stm32f4xx_ll_sdmmc.o
                0x08002f6c                SDMMC_CmdGoIdleState
 .text.SDMMC_CmdOperCond
                0x08002fc4       0x78 Drivers/STM32F4xx_HAL_Driver/Src/stm32f4xx_ll_sdmmc.o
                0x08002fc4                SDMMC_CmdOperCond
 .text.SDMMC_CmdAppCommand
                0x0800303c       0x30 Drivers/STM32F4xx_HAL_Driver/Src/stm32f4xx_ll_sdmmc.o
                0x0800303c                SDMMC_CmdAppCommand
 .text.SDMMC_CmdAppOperCommand
                0x0800306c       0x32 Drivers/STM32F4xx_HAL_Driver/Src/stm32f4xx_ll_sdmmc.o
                0x0800306c                SDMMC_CmdAppOperCommand
 .text.SDMMC_CmdBusWidth
                0x0800309e       0x30 Drivers/STM32F4xx_HAL_Driver/Src/stm32f4xx_ll_sdmmc.o
                0x0800309e                SDMMC_CmdBusWidth
 .text.SDMMC_CmdSendSCR
                0x080030ce       0x30 Drivers/STM32F4xx_HAL_Driver/Src/stm32f4xx_ll_sdmmc.o
                0x080030ce                SDMMC_CmdSendSCR
 .text.SDMMC_CmdSendCID
                0x080030fe       0x2a Drivers/STM32F4xx_HAL_Driver/Src/stm32f4xx_ll_sdmmc.o
                0x080030fe                SDMMC_CmdSendCID
 .text.SDMMC_CmdSendCSD
                0x08003128       0x2a Drivers/STM32F4xx_HAL_Driver/Src/stm32f4xx_ll_sdmmc.o
                0x08003128                SDMMC_CmdSendCSD
 *fill*         0x08003152        0x2 
 .text.SDMMC_CmdSetRelAdd
                0x08003154       0xb4 Drivers/STM32F4xx_HAL_Driver/Src/stm32f4xx_ll_sdmmc.o
                0x08003154                SDMMC_CmdSetRelAdd
 .text.SDMMC_CmdSendStatus
                0x08003208       0x30 Drivers/STM32F4xx_HAL_Driver/Src/stm32f4xx_ll_sdmmc.o
                0x08003208                SDMMC_CmdSendStatus
 .text.USB_CoreInit
                0x08003238       0x7c Drivers/STM32F4xx_HAL_Driver/Src/stm32f4xx_ll_usb.o
                0x08003238                USB_CoreInit
 .text.USB_EnableGlobalInt
                0x080032b4        0xc Drivers/STM32F4xx_HAL_Driver/Src/stm32f4xx_ll_usb.o
                0x080032b4                USB_EnableGlobalInt
 .text.USB_DisableGlobalInt
                0x080032c0        0xc Drivers/STM32F4xx_HAL_Driver/Src/stm32f4xx_ll_usb.o
                0x080032c0                USB_DisableGlobalInt
 .text.USB_SetCurrentMode
                0x080032cc       0x2c Drivers/STM32F4xx_HAL_Driver/Src/stm32f4xx_ll_usb.o
                0x080032cc                USB_SetCurrentMode
 .text.USB_DevInit
                0x080032f8      0x158 Drivers/STM32F4xx_HAL_Driver/Src/stm32f4xx_ll_usb.o
                0x080032f8                USB_DevInit
 .text.USB_FlushTxFifo
                0x08003450       0x24 Drivers/STM32F4xx_HAL_Driver/Src/stm32f4xx_ll_usb.o
                0x08003450                USB_FlushTxFifo
 .text.USB_FlushRxFifo
                0x08003474       0x20 Drivers/STM32F4xx_HAL_Driver/Src/stm32f4xx_ll_usb.o
                0x08003474                USB_FlushRxFifo
 .text.USB_SetDevSpeed
                0x08003494        0xe Drivers/STM32F4xx_HAL_Driver/Src/stm32f4xx_ll_usb.o
                0x08003494                USB_SetDevSpeed
 .text.USB_GetDevSpeed
                0x080034a2       0x3e Drivers/STM32F4xx_HAL_Driver/Src/stm32f4xx_ll_usb.o
                0x080034a2                USB_GetDevSpeed
 .text.USB_ActivateEndpoint
                0x080034e0       0x8a Drivers/STM32F4xx_HAL_Driver/Src/stm32f4xx_ll_usb.o
                0x080034e0                USB_ActivateEndpoint
 *fill*         0x0800356a        0x2 
 .text.USB_DeactivateEndpoint
                0x0800356c       0xcc Drivers/STM32F4xx_HAL_Driver/Src/stm32f4xx_ll_usb.o
                0x0800356c                USB_DeactivateEndpoint
 .text.USB_EPStartXfer
                0x08003638      0x20c Drivers/STM32F4xx_HAL_Driver/Src/stm32f4xx_ll_usb.o
                0x08003638                USB_EPStartXfer
 .text.USB_EP0StartXfer
                0x08003844      0x134 Drivers/STM32F4xx_HAL_Driver/Src/stm32f4xx_ll_usb.o
                0x08003844                USB_EP0StartXfer
 .text.USB_WritePacket
                0x08003978       0x2c Drivers/STM32F4xx_HAL_Driver/Src/stm32f4xx_ll_usb.o
                0x08003978                USB_WritePacket
 .text.USB_ReadPacket
                0x080039a4       0x28 Drivers/STM32F4xx_HAL_Driver/Src/stm32f4xx_ll_usb.o
                0x080039a4                USB_ReadPacket
 .text.USB_EPSetStall
                0x080039cc       0x50 Drivers/STM32F4xx_HAL_Driver/Src/stm32f4xx_ll_usb.o
                0x080039cc                USB_EPSetStall
 .text.USB_EPClearStall
                0x08003a1c       0x5a Drivers/STM32F4xx_HAL_Driver/Src/stm32f4xx_ll_usb.o
                0x08003a1c                USB_EPClearStall
 .text.USB_SetDevAddress
                0x08003a76       0x20 Drivers/STM32F4xx_HAL_Driver/Src/stm32f4xx_ll_usb.o
                0x08003a76                USB_SetDevAddress
 .text.USB_DevConnect
                0x08003a96       0x18 Drivers/STM32F4xx_HAL_Driver/Src/stm32f4xx_ll_usb.o
                0x08003a96                USB_DevConnect
 .text.USB_DevDisconnect
                0x08003aae       0x18 Drivers/STM32F4xx_HAL_Driver/Src/stm32f4xx_ll_usb.o
                0x08003aae                USB_DevDisconnect
 .text.USB_ReadInterrupts
                0x08003ac6        0x8 Drivers/STM32F4xx_HAL_Driver/Src/stm32f4xx_ll_usb.o
                0x08003ac6                USB_ReadInterrupts
 .text.USB_ReadDevAllOutEpInterrupt
                0x08003ace       0x10 Drivers/STM32F4xx_HAL_Driver/Src/stm32f4xx_ll_usb.o
                0x08003ace                USB_ReadDevAllOutEpInterrupt
 .text.USB_ReadDevAllInEpInterrupt
                0x08003ade       0x10 Drivers/STM32F4xx_HAL_Driver/Src/stm32f4xx_ll_usb.o
                0x08003ade                USB_ReadDevAllInEpInterrupt
 .text.USB_ReadDevOutEPInterrupt
                0x08003aee       0x14 Drivers/STM32F4xx_HAL_Driver/Src/stm32f4xx_ll_usb.o
                0x08003aee                USB_ReadDevOutEPInterrupt
 .text.USB_ReadDevInEPInterrupt
                0x08003b02       0x24 Drivers/STM32F4xx_HAL_Driver/Src/stm32f4xx_ll_usb.o
                0x08003b02                USB_ReadDevInEPInterrupt
 .text.USB_GetMode
                0x08003b26        0x8 Drivers/STM32F4xx_HAL_Driver/Src/stm32f4xx_ll_usb.o
                0x08003b26                USB_GetMode
 .text.USB_ActivateSetup
                0x08003b2e       0x38 Drivers/STM32F4xx_HAL_Driver/Src/stm32f4xx_ll_usb.o
                0x08003b2e                USB_ActivateSetup
 .text.USB_EP0_OutStart
                0x08003b66       0x46 Drivers/STM32F4xx_HAL_Driver/Src/stm32f4xx_ll_usb.o
                0x08003b66                USB_EP0_OutStart
 .text.USB_CoreReset
                0x08003bac       0x34 Drivers/STM32F4xx_HAL_Driver/Src/stm32f4xx_ll_usb.o
 .text._ZN7Display6Screen15GetPixelPointerEt
                0x08003be0        0xc Main/Display/Screen.o
                0x08003be0                Display::Screen::GetPixelPointer(unsigned short)
 .text._ZN7Display6Screen15GetPixelPointerEth
                0x08003bec        0xe Main/Display/Screen.o
                0x08003bec                Display::Screen::GetPixelPointer(unsigned short, unsigned char)
 .text._ZN7Display6ScreenD2Ev
                0x08003bfa        0x2 Main/Display/Screen.o
                0x08003bfa                Display::Screen::~Screen()
                0x08003bfa                Display::Screen::~Screen()
 .text._ZN7Display6ScreenD0Ev
                0x08003bfc        0xc Main/Display/Screen.o
                0x08003bfc                Display::Screen::~Screen()
 .text._ZN7Display6ScreenC2ENS_13VideoSettingsEtt
                0x08003c08       0x8c Main/Display/Screen.o
                0x08003c08                Display::Screen::Screen(Display::VideoSettings, unsigned short, unsigned short)
                0x08003c08                Display::Screen::Screen(Display::VideoSettings, unsigned short, unsigned short)
 .text._ZN7Display6Screen5ClearEv
                0x08003c94       0x2c Main/Display/Screen.o
                0x08003c94                Display::Screen::Clear()
 .text._ZN7Display6Screen12SetAttributeEt
                0x08003cc0        0x4 Main/Display/Screen.o
                0x08003cc0                Display::Screen::SetAttribute(unsigned short)
 .text._ZN7Display6Screen6BitmapEttPKhthh
                0x08003cc4      0x198 Main/Display/Screen.o
                0x08003cc4                Display::Screen::Bitmap(unsigned short, unsigned short, unsigned char const*, unsigned short, unsigned char, unsigned char)
 .text._ZN7Display6Screen8DrawCharEPKhtth
                0x08003e5c       0x30 Main/Display/Screen.o
                0x08003e5c                Display::Screen::DrawChar(unsigned char const*, unsigned short, unsigned short, unsigned char)
 .text._ZN7Display6Screen11PrintCharAtEhhht
                0x08003e8c       0x2c Main/Display/Screen.o
                0x08003e8c                Display::Screen::PrintCharAt(unsigned char, unsigned char, unsigned char, unsigned short)
 .text._ZN7Display6Screen11InvertColorEv
                0x08003eb8       0x1a Main/Display/Screen.o
                0x08003eb8                Display::Screen::InvertColor()
 .text._ZN7Display6Screen17SetCursorPositionEhh
                0x08003ed2       0x50 Main/Display/Screen.o
                0x08003ed2                Display::Screen::SetCursorPosition(unsigned char, unsigned char)
 .text._ZN7Display6Screen10CursorNextEv
                0x08003f22       0x2c Main/Display/Screen.o
                0x08003f22                Display::Screen::CursorNext()
 .text._ZN7Display6Screen9PrintCharEct
                0x08003f4e       0x80 Main/Display/Screen.o
                0x08003f4e                Display::Screen::PrintChar(char, unsigned short)
 .text._ZN7Display6Screen5PrintEPKc
                0x08003fce       0x20 Main/Display/Screen.o
                0x08003fce                Display::Screen::Print(char const*)
 .text._ZN7Display6Screen7PrintAtEhhPKc
                0x08003fee       0x14 Main/Display/Screen.o
                0x08003fee                Display::Screen::PrintAt(unsigned char, unsigned char, char const*)
 .text._ZN7Display6Screen16PrintAlignCenterEhPKc
                0x08004002       0x24 Main/Display/Screen.o
                0x08004002                Display::Screen::PrintAlignCenter(unsigned char, char const*)
 .text._ZN7Display6Screen10ShowCursorEv
                0x08004026       0x12 Main/Display/Screen.o
                0x08004026                Display::Screen::ShowCursor()
 .text._ZN7Display6Screen10HideCursorEv
                0x08004038       0x12 Main/Display/Screen.o
                0x08004038                Display::Screen::HideCursor()
 *fill*         0x0800404a        0x2 
 .text.Draw4    0x0800404c      0x218 Main/Display/draw4.o
                0x0800404c                Draw4
 .text._ZN2bk8BkScreen15GetPixelPointerEt
                0x08004264        0xa Main/Emulator/BkScreen.o
                0x08004264                bk::BkScreen::GetPixelPointer(unsigned short)
 .text._ZN2bk8BkScreen15GetPixelPointerEth
                0x0800426e       0x10 Main/Emulator/BkScreen.o
                0x0800426e                bk::BkScreen::GetPixelPointer(unsigned short, unsigned char)
 .text._ZN2bk8BkScreenD2Ev
                0x0800427e        0x2 Main/Emulator/BkScreen.o
                0x0800427e                bk::BkScreen::~BkScreen()
                0x0800427e                bk::BkScreen::~BkScreen()
 .text._ZN2bk8BkScreenD0Ev
                0x08004280        0xc Main/Emulator/BkScreen.o
                0x08004280                bk::BkScreen::~BkScreen()
 .text._ZN2bk8BkScreenC2EN7Display13VideoSettingsEtt
                0x0800428c       0x5c Main/Emulator/BkScreen.o
                0x0800428c                bk::BkScreen::BkScreen(Display::VideoSettings, unsigned short, unsigned short)
                0x0800428c                bk::BkScreen::BkScreen(Display::VideoSettings, unsigned short, unsigned short)
 .text._ZN2bk8BkScreen5ClearEv
                0x080042e8        0x2 Main/Emulator/BkScreen.o
                0x080042e8                bk::BkScreen::Clear()
 .text._Z7bk_loopv
                0x080042ea        0x4 Main/Emulator/bkEmu.o
                0x080042ea                bk_loop()
 *fill*         0x080042ee        0x2 
 .text._Z8bk_resetv
                0x080042f0       0x20 Main/Emulator/bkEmu.o
                0x080042f0                bk_reset()
 .text._Z8bk_setupPN2bk8BkScreenE
                0x08004310       0x10 Main/Emulator/bkEmu.o
                0x08004310                bk_setup(bk::BkScreen*)
 .text.QueueInit
                0x08004320       0x14 Main/Keyboard/Queue.o
                0x08004320                QueueInit
 .text.QueuePut
                0x08004334       0x54 Main/Keyboard/Queue.o
                0x08004334                QueuePut
 .text.QueueGet
                0x08004388       0x48 Main/Keyboard/Queue.o
                0x08004388                QueueGet
 .text.Ps2_Initialize
                0x080043d0       0x74 Main/Keyboard/ps2Keyboard.o
                0x080043d0                Ps2_Initialize
 .text.Ps2_GetScancode
                0x08004444       0x54 Main/Keyboard/ps2Keyboard.o
                0x08004444                Ps2_GetScancode
 .text.Ps2_ConvertScancode
                0x08004498      0x544 Main/Keyboard/ps2Keyboard.o
                0x08004498                Ps2_ConvertScancode
 .text._ZL11fileComparePKvS0_
                0x080049dc       0x58 Main/SDCard.o
 .text._Z12GetFileCoordhPhS_
                0x08004a34       0x30 Main/SDCard.o
                0x08004a34                GetFileCoord(unsigned char, unsigned char*, unsigned char*)
 .text._Z16TruncateFileNamePc
                0x08004a64       0x28 Main/SDCard.o
                0x08004a64                TruncateFileName(char*)
 .text._Z12noScreenshotv
                0x08004a8c       0x10 Main/SDCard.o
                0x08004a8c                noScreenshot()
 .text._Z12SetSelectionh
                0x08004a9c       0xcc Main/SDCard.o
                0x08004a9c                SetSelection(unsigned char)
 .text._Z12loadSnapshotPKc
                0x08004b68       0x40 Main/SDCard.o
                0x08004b68                loadSnapshot(char const*)
 .text._Z12saveSnapshotPKc
                0x08004ba8       0x60 Main/SDCard.o
                0x08004ba8                saveSnapshot(char const*)
 .text._Z17saveSnapshotSetupv
                0x08004c08       0x84 Main/SDCard.o
                0x08004c08                saveSnapshotSetup()
 .text._Z16saveSnapshotLoopv
                0x08004c8c      0x16c Main/SDCard.o
                0x08004c8c                saveSnapshotLoop()
 .text._Z17loadSnapshotSetupv
                0x08004df8      0x1a8 Main/SDCard.o
                0x08004df8                loadSnapshotSetup()
 .text._Z16loadSnapshotLoopv
                0x08004fa0      0x11c Main/SDCard.o
                0x08004fa0                loadSnapshotLoop()
 .text._Z15initializeVideov
                0x080050bc       0x18 Main/emulator.o
                0x080050bc                initializeVideo()
 .text._Z10startVideov
                0x080050d4       0x28 Main/emulator.o
                0x080050d4                startVideo()
 .text._Z16showErrorMessagePKc
                0x080050fc       0x2c Main/emulator.o
                0x080050fc                showErrorMessage(char const*)
 .text._Z9showTitlePKc
                0x08005128       0x2c Main/emulator.o
                0x08005128                showTitle(char const*)
 .text._Z9clearHelpv
                0x08005154       0x2c Main/emulator.o
                0x08005154                clearHelp()
 .text._Z8showHelpv
                0x08005180       0x9c Main/emulator.o
                0x08005180                showHelp()
 .text._Z10toggleHelpv
                0x0800521c       0x18 Main/emulator.o
                0x0800521c                toggleHelp()
 .text._Z11restoreHelpv
                0x08005234       0x18 Main/emulator.o
                0x08005234                restoreHelp()
 .text._Z16setDateTimeSetupv
                0x0800524c       0xcc Main/emulator.o
                0x0800524c                setDateTimeSetup()
 .text._Z9saveStatev
                0x08005318       0x1c Main/emulator.o
                0x08005318                saveState()
 .text._Z17showKeyboardSetupv
                0x08005334       0x40 Main/emulator.o
                0x08005334                showKeyboardSetup()
 .text._Z12restoreStateb
                0x08005374       0x20 Main/emulator.o
                0x08005374                restoreState(bool)
 .text._Z16showKeyboardLoopv
                0x08005394       0x30 Main/emulator.o
                0x08005394                showKeyboardLoop()
 .text._Z15setDateTimeLoopv
                0x080053c4      0x214 Main/emulator.o
                0x080053c4                setDateTimeLoop()
 .text._Z13showRegistersv
                0x080055d8       0x34 Main/emulator.o
                0x080055d8                showRegisters()
 .text._GLOBAL__sub_I__buffer16K_1
                0x0800560c       0xa4 Main/emulator.o
 .text.initialize
                0x080056b0        0x8 Main/startup.o
                0x080056b0                initialize
 .text.setup    0x080056b8       0x1c Main/startup.o
                0x080056b8                setup
 .text.loop     0x080056d4       0x98 Main/startup.o
                0x080056d4                loop
 .text._ZN3etl6armv7m4Nvic10enable_irqEj
                0x0800576c       0x1a Main/etl/armv7m/nvic.o
                0x0800576c                etl::armv7m::Nvic::enable_irq(unsigned int)
 .text._ZN3etl6armv7m4Nvic11disable_irqEj
                0x08005786       0x1c Main/etl/armv7m/nvic.o
                0x08005786                etl::armv7m::Nvic::disable_irq(unsigned int)
 .text._ZN3etl6armv7m4Nvic17clear_pending_irqEj
                0x080057a2       0x1c Main/etl/armv7m/nvic.o
                0x080057a2                etl::armv7m::Nvic::clear_pending_irq(unsigned int)
 .text._ZN3etl6armv7m4Nvic16set_irq_priorityEjh
                0x080057be       0x4a Main/etl/armv7m/nvic.o
                0x080057be                etl::armv7m::Nvic::set_irq_priority(unsigned int, unsigned char)
 .text._ZN3etl6armv7m3Scb22set_exception_priorityENS0_9ExceptionEh
                0x08005808       0x74 Main/etl/armv7m/scb.o
                0x08005808                etl::armv7m::Scb::set_exception_priority(etl::armv7m::Exception, unsigned char)
 .text._ZN3etl16assertion_failedEPKciS1_S1_
                0x0800587c        0x2 Main/etl/assert_loop.o
                0x0800587c                etl::assertion_failed(char const*, int, char const*, char const*)
 .text._ZN3etl9stm32f4xx4Gpio8set_modeEtNS1_4ModeE
                0x0800587e       0x30 Main/etl/stm32f4xx/gpio.o
                0x0800587e                etl::stm32f4xx::Gpio::set_mode(unsigned short, etl::stm32f4xx::Gpio::Mode)
 .text._ZN3etl9stm32f4xx4Gpio15set_output_typeEtNS1_10OutputTypeE
                0x080058ae       0x30 Main/etl/stm32f4xx/gpio.o
                0x080058ae                etl::stm32f4xx::Gpio::set_output_type(unsigned short, etl::stm32f4xx::Gpio::OutputType)
 .text._ZN3etl9stm32f4xx4Gpio16set_output_speedEtNS1_11OutputSpeedE
                0x080058de       0x30 Main/etl/stm32f4xx/gpio.o
                0x080058de                etl::stm32f4xx::Gpio::set_output_speed(unsigned short, etl::stm32f4xx::Gpio::OutputSpeed)
 .text._ZN3etl9stm32f4xx4Gpio8set_pullEtNS1_4PullE
                0x0800590e       0x30 Main/etl/stm32f4xx/gpio.o
                0x0800590e                etl::stm32f4xx::Gpio::set_pull(unsigned short, etl::stm32f4xx::Gpio::Pull)
 .text._ZN3etl9stm32f4xx4Gpio22set_alternate_functionEtj
                0x0800593e       0x4a Main/etl/stm32f4xx/gpio.o
                0x0800593e                etl::stm32f4xx::Gpio::set_alternate_function(unsigned short, unsigned int)
 .text._ZN3etl9stm32f4xx10enable_irqENS0_9InterruptE
                0x08005988       0x10 Main/etl/stm32f4xx/interrupts.o
                0x08005988                etl::stm32f4xx::enable_irq(etl::stm32f4xx::Interrupt)
 .text._ZN3etl9stm32f4xx11disable_irqENS0_9InterruptE
                0x08005998       0x10 Main/etl/stm32f4xx/interrupts.o
                0x08005998                etl::stm32f4xx::disable_irq(etl::stm32f4xx::Interrupt)
 .text._ZN3etl9stm32f4xx17clear_pending_irqENS0_9InterruptE
                0x080059a8       0x10 Main/etl/stm32f4xx/interrupts.o
                0x080059a8                etl::stm32f4xx::clear_pending_irq(etl::stm32f4xx::Interrupt)
 .text._ZN3etl9stm32f4xx16set_irq_priorityENS0_9InterruptEj
                0x080059b8       0x18 Main/etl/stm32f4xx/interrupts.o
                0x080059b8                etl::stm32f4xx::set_irq_priority(etl::stm32f4xx::Interrupt, unsigned int)
 .text._ZN3etl9stm32f4xxL8get_ppreEj
                0x080059d0       0x48 Main/etl/stm32f4xx/rcc.o
 .text._ZN3etl9stm32f4xx3Rcc11enter_resetENS0_13ApbPeripheralE
                0x08005a18       0x28 Main/etl/stm32f4xx/rcc.o
                0x08005a18                etl::stm32f4xx::Rcc::enter_reset(etl::stm32f4xx::ApbPeripheral)
 .text._ZN3etl9stm32f4xx3Rcc11leave_resetENS0_13ApbPeripheralE
                0x08005a40       0x30 Main/etl/stm32f4xx/rcc.o
                0x08005a40                etl::stm32f4xx::Rcc::leave_reset(etl::stm32f4xx::ApbPeripheral)
 .text._ZN3etl9stm32f4xx3Rcc12enable_clockENS0_13ApbPeripheralE
                0x08005a70       0x28 Main/etl/stm32f4xx/rcc.o
                0x08005a70                etl::stm32f4xx::Rcc::enable_clock(etl::stm32f4xx::ApbPeripheral)
 .text._ZN3etl9stm32f4xx3Rcc12enable_clockENS0_13AhbPeripheralE
                0x08005a98       0x40 Main/etl/stm32f4xx/rcc.o
                0x08005a98                etl::stm32f4xx::Rcc::enable_clock(etl::stm32f4xx::AhbPeripheral)
 .text._ZNK3etl9stm32f4xx11ClockConfig14compute_speedsEPNS0_11ClockSpeedsE
                0x08005ad8       0x6e Main/etl/stm32f4xx/rcc.o
                0x08005ad8                etl::stm32f4xx::ClockConfig::compute_speeds(etl::stm32f4xx::ClockSpeeds*) const
 *fill*         0x08005b46        0x2 
 .text._ZN3etl9stm32f4xx3Rcc16configure_clocksERKNS0_11ClockConfigE
                0x08005b48      0x190 Main/etl/stm32f4xx/rcc.o
                0x08005b48                etl::stm32f4xx::Rcc::configure_clocks(etl::stm32f4xx::ClockConfig const&)
 .text._ZN3vgaL17configure_h_timerERKNS_6TimingEN3etl9stm32f4xx13ApbPeripheralERNS4_7GpTimerE
                0x08005cd8       0x68 Main/m4vgalib/vga.o
 .text._ZN3vga8sync_offEv
                0x08005d40       0x24 Main/m4vgalib/vga.o
                0x08005d40                vga::sync_off()
 .text._ZN3vga9video_offEv
                0x08005d64       0x24 Main/m4vgalib/vga.o
                0x08005d64                vga::video_off()
 .text._ZN3vga4initEv
                0x08005d88       0xcc Main/m4vgalib/vga.o
                0x08005d88                vga::init()
 .text._ZN3vga7sync_onEv
                0x08005e54       0x60 Main/m4vgalib/vga.o
                0x08005e54                vga::sync_on()
 .text._ZN3vga8video_onEv
                0x08005eb4       0x30 Main/m4vgalib/vga.o
                0x08005eb4                vga::video_on()
 .text._ZN3vga16configure_timingERKNS_6TimingE
                0x08005ee4      0x188 Main/m4vgalib/vga.o
                0x08005ee4                vga::configure_timing(vga::Timing const&)
 .text._ZN3vga19configure_band_listEPKNS_4BandE
                0x0800606c       0x1c Main/m4vgalib/vga.o
                0x0800606c                vga::configure_band_list(vga::Band const*)
 .text.BSP_SD_Init
                0x08006088       0x40 Main/sdCard/bsp_driver_sd.o
                0x08006088                BSP_SD_Init
 .text.BSP_SD_ReadBlocks
                0x080060c8       0x4c Main/sdCard/bsp_driver_sd.o
                0x080060c8                BSP_SD_ReadBlocks
 .text.BSP_SD_WriteBlocks
                0x08006114       0x58 Main/sdCard/bsp_driver_sd.o
                0x08006114                BSP_SD_WriteBlocks
 .text.BSP_SD_GetCardState
                0x0800616c       0x14 Main/sdCard/bsp_driver_sd.o
                0x0800616c                BSP_SD_GetCardState
 .text.BSP_SD_GetCardInfo
                0x08006180       0x10 Main/sdCard/bsp_driver_sd.o
                0x08006180                BSP_SD_GetCardInfo
 .text.BSP_SD_AbortCallback
                0x08006190        0x2 Main/sdCard/bsp_driver_sd.o
                0x08006190                BSP_SD_AbortCallback
 .text.HAL_SD_AbortCallback
                0x08006192        0x8 Main/sdCard/bsp_driver_sd.o
                0x08006192                HAL_SD_AbortCallback
 .text.BSP_SD_WriteCpltCallback
                0x0800619a        0x2 Main/sdCard/bsp_driver_sd.o
                0x0800619a                BSP_SD_WriteCpltCallback
 .text.HAL_SD_TxCpltCallback
                0x0800619c        0x8 Main/sdCard/bsp_driver_sd.o
                0x0800619c                HAL_SD_TxCpltCallback
 .text.BSP_SD_ReadCpltCallback
                0x080061a4        0x2 Main/sdCard/bsp_driver_sd.o
                0x080061a4                BSP_SD_ReadCpltCallback
 .text.HAL_SD_RxCpltCallback
                0x080061a6        0x8 Main/sdCard/bsp_driver_sd.o
                0x080061a6                HAL_SD_RxCpltCallback
 *fill*         0x080061ae        0x2 
 .text.disk_status
                0x080061b0       0x18 Main/sdCard/diskio.o
                0x080061b0                disk_status
 .text.disk_initialize
                0x080061c8       0x28 Main/sdCard/diskio.o
                0x080061c8                disk_initialize
 .text.disk_read
                0x080061f0       0x18 Main/sdCard/diskio.o
                0x080061f0                disk_read
 .text.disk_write
                0x08006208       0x18 Main/sdCard/diskio.o
                0x08006208                disk_write
 .text.disk_ioctl
                0x08006220       0x18 Main/sdCard/diskio.o
                0x08006220                disk_ioctl
 .text.MX_FATFS_Init
                0x08006238       0x1c Main/sdCard/fatfs.o
                0x08006238                MX_FATFS_Init
 .text.get_fattime
                0x08006254       0x54 Main/sdCard/fatfs.o
                0x08006254                get_fattime
 .text.FATFS_LinkDriverEx
                0x080062a8       0x48 Main/sdCard/ff_gen_drv.o
                0x080062a8                FATFS_LinkDriverEx
 .text.FATFS_LinkDriver
                0x080062f0        0xa Main/sdCard/ff_gen_drv.o
                0x080062f0                FATFS_LinkDriver
 *fill*         0x080062fa        0x2 
 .text.SD_initialize
                0x080062fc       0x2c Main/sdCard/sd_diskio.o
                0x080062fc                SD_initialize
 .text.SD_read  0x08006328       0x20 Main/sdCard/sd_diskio.o
                0x08006328                SD_read
 .text.SD_write
                0x08006348       0x20 Main/sdCard/sd_diskio.o
                0x08006348                SD_write
 .text.SD_ioctl
                0x08006368       0x5c Main/sdCard/sd_diskio.o
                0x08006368                SD_ioctl
 .text.SD_status
                0x080063c4       0x24 Main/sdCard/sd_diskio.o
                0x080063c4                SD_status
 .text.ld_dword
                0x080063e8       0x16 Main/sdCard/fatFS/ff.o
 .text.ld_qword
                0x080063fe       0xac Main/sdCard/fatFS/ff.o
 .text.st_dword
                0x080064aa       0x10 Main/sdCard/fatFS/ff.o
 .text.st_qword
                0x080064ba       0x1e Main/sdCard/fatFS/ff.o
 .text.mem_cpy  0x080064d8       0x14 Main/sdCard/fatFS/ff.o
 .text.mem_set  0x080064ec        0xc Main/sdCard/fatFS/ff.o
 .text.mem_cmp  0x080064f8       0x1c Main/sdCard/fatFS/ff.o
 .text.clst2sect
                0x08006514       0x16 Main/sdCard/fatFS/ff.o
 .text.sum_sfn  0x0800652a       0x1e Main/sdCard/fatFS/ff.o
 .text.xdir_sum
                0x08006548       0x38 Main/sdCard/fatFS/ff.o
 .text.init_alloc_info
                0x08006580       0x2e Main/sdCard/fatFS/ff.o
 *fill*         0x080065ae        0x2 
 .text.get_achar
                0x080065b0       0x24 Main/sdCard/fatFS/ff.o
 .text.pattern_matching
                0x080065d4       0xb4 Main/sdCard/fatFS/ff.o
 .text.get_ldnumber
                0x08006688       0x5a Main/sdCard/fatFS/ff.o
 .text.validate
                0x080066e2       0x48 Main/sdCard/fatFS/ff.o
 .text.sync_window
                0x0800672a       0x50 Main/sdCard/fatFS/ff.o
 .text.move_window
                0x0800677a       0x36 Main/sdCard/fatFS/ff.o
 .text.change_bitmap
                0x080067b0       0x7e Main/sdCard/fatFS/ff.o
 .text.dir_clear
                0x0800682e       0x5c Main/sdCard/fatFS/ff.o
 .text.put_utf  0x0800688a       0x36 Main/sdCard/fatFS/ff.o
 .text.xname_sum
                0x080068c0       0x38 Main/sdCard/fatFS/ff.o
 .text.sync_fs  0x080068f8       0x8c Main/sdCard/fatFS/ff.o
 .text.put_fat  0x08006984      0x13e Main/sdCard/fatFS/ff.o
 .text.fill_last_frag
                0x08006ac2       0x36 Main/sdCard/fatFS/ff.o
 .text.fill_first_frag
                0x08006af8       0x34 Main/sdCard/fatFS/ff.o
 .text.st_clust
                0x08006b2c       0x1a Main/sdCard/fatFS/ff.o
 .text.get_fileinfo
                0x08006b46      0x1ea Main/sdCard/fatFS/ff.o
 .text.get_fat  0x08006d30      0x16a Main/sdCard/fatFS/ff.o
 .text.dir_sdi  0x08006e9a       0xb6 Main/sdCard/fatFS/ff.o
 .text.create_chain
                0x08006f50      0x252 Main/sdCard/fatFS/ff.o
 .text.remove_chain
                0x080071a2      0x148 Main/sdCard/fatFS/ff.o
 .text.dir_next
                0x080072ea       0xde Main/sdCard/fatFS/ff.o
 .text.load_xdir
                0x080073c8      0x108 Main/sdCard/fatFS/ff.o
 .text.dir_alloc
                0x080074d0       0x6e Main/sdCard/fatFS/ff.o
 .text.store_xdir
                0x0800753e       0x70 Main/sdCard/fatFS/ff.o
 .text.dir_remove
                0x080075ae       0x6e Main/sdCard/fatFS/ff.o
 .text.check_fs
                0x0800761c       0x90 Main/sdCard/fatFS/ff.o
 .text.find_volume
                0x080076ac      0x524 Main/sdCard/fatFS/ff.o
 .text.dir_read
                0x08007bd0      0x168 Main/sdCard/fatFS/ff.o
 .text.dir_find
                0x08007d38      0x240 Main/sdCard/fatFS/ff.o
 .text.dir_register
                0x08007f78      0x408 Main/sdCard/fatFS/ff.o
 .text.ld_clust
                0x08008380       0x20 Main/sdCard/fatFS/ff.o
 .text.follow_path
                0x080083a0      0x34c Main/sdCard/fatFS/ff.o
 .text.f_mount  0x080086ec       0x50 Main/sdCard/fatFS/ff.o
                0x080086ec                f_mount
 .text.f_open   0x0800873c      0x2f4 Main/sdCard/fatFS/ff.o
                0x0800873c                f_open
 .text.f_sync   0x08008a30      0x182 Main/sdCard/fatFS/ff.o
                0x08008a30                f_sync
 .text.f_close  0x08008bb2       0x28 Main/sdCard/fatFS/ff.o
                0x08008bb2                f_close
 .text.f_opendir
                0x08008bda       0x96 Main/sdCard/fatFS/ff.o
                0x08008bda                f_opendir
 .text.f_readdir
                0x08008c70       0x4e Main/sdCard/fatFS/ff.o
                0x08008c70                f_readdir
 .text.f_findnext
                0x08008cbe       0x36 Main/sdCard/fatFS/ff.o
                0x08008cbe                f_findnext
 .text.f_findfirst
                0x08008cf4       0x22 Main/sdCard/fatFS/ff.o
                0x08008cf4                f_findfirst
 .text.f_unlink
                0x08008d16       0xd6 Main/sdCard/fatFS/ff.o
                0x08008d16                f_unlink
 .text.ff_uni2oem
                0x08008dec       0x48 Main/sdCard/fatFS/ffunicode.o
                0x08008dec                ff_uni2oem
 .text.ff_oem2uni
                0x08008e34       0x2c Main/sdCard/fatFS/ffunicode.o
                0x08008e34                ff_oem2uni
 .text.ff_wtoupper
                0x08008e60       0xb4 Main/sdCard/fatFS/ffunicode.o
                0x08008e60                ff_wtoupper
 .text.USBD_CDC_DataIn
                0x08008f14       0x12 Middlewares/ST/STM32_USB_Device_Library/Class/CDC/Src/usbd_cdc.o
 .text.USBD_CDC_EP0_RxReady
                0x08008f26       0x2c Middlewares/ST/STM32_USB_Device_Library/Class/CDC/Src/usbd_cdc.o
 *fill*         0x08008f52        0x2 
 .text.USBD_CDC_GetFSCfgDesc
                0x08008f54        0xc Middlewares/ST/STM32_USB_Device_Library/Class/CDC/Src/usbd_cdc.o
 .text.USBD_CDC_GetHSCfgDesc
                0x08008f60        0xc Middlewares/ST/STM32_USB_Device_Library/Class/CDC/Src/usbd_cdc.o
 .text.USBD_CDC_GetOtherSpeedCfgDesc
                0x08008f6c        0xc Middlewares/ST/STM32_USB_Device_Library/Class/CDC/Src/usbd_cdc.o
 .text.USBD_CDC_GetDeviceQualifierDescriptor
                0x08008f78        0xc Middlewares/ST/STM32_USB_Device_Library/Class/CDC/Src/usbd_cdc.o
                0x08008f78                USBD_CDC_GetDeviceQualifierDescriptor
 .text.USBD_CDC_DataOut
                0x08008f84       0x2e Middlewares/ST/STM32_USB_Device_Library/Class/CDC/Src/usbd_cdc.o
 *fill*         0x08008fb2        0x2 
 .text.USBD_CDC_Setup
                0x08008fb4       0x74 Middlewares/ST/STM32_USB_Device_Library/Class/CDC/Src/usbd_cdc.o
 .text.USBD_CDC_DeInit
                0x08009028       0x3a Middlewares/ST/STM32_USB_Device_Library/Class/CDC/Src/usbd_cdc.o
 .text.USBD_CDC_Init
                0x08009062       0x96 Middlewares/ST/STM32_USB_Device_Library/Class/CDC/Src/usbd_cdc.o
 .text.USBD_CDC_RegisterInterface
                0x080090f8        0xe Middlewares/ST/STM32_USB_Device_Library/Class/CDC/Src/usbd_cdc.o
                0x080090f8                USBD_CDC_RegisterInterface
 .text.USBD_CDC_SetTxBuffer
                0x08009106       0x10 Middlewares/ST/STM32_USB_Device_Library/Class/CDC/Src/usbd_cdc.o
                0x08009106                USBD_CDC_SetTxBuffer
 .text.USBD_CDC_SetRxBuffer
                0x08009116        0xc Middlewares/ST/STM32_USB_Device_Library/Class/CDC/Src/usbd_cdc.o
                0x08009116                USBD_CDC_SetRxBuffer
 .text.USBD_CDC_ReceivePacket
                0x08009122       0x32 Middlewares/ST/STM32_USB_Device_Library/Class/CDC/Src/usbd_cdc.o
                0x08009122                USBD_CDC_ReceivePacket
 .text.USBD_Init
                0x08009154       0x2e Middlewares/ST/STM32_USB_Device_Library/Core/Src/usbd_core.o
                0x08009154                USBD_Init
 .text.USBD_RegisterClass
                0x08009182        0xe Middlewares/ST/STM32_USB_Device_Library/Core/Src/usbd_core.o
                0x08009182                USBD_RegisterClass
 .text.USBD_Start
                0x08009190        0xa Middlewares/ST/STM32_USB_Device_Library/Core/Src/usbd_core.o
                0x08009190                USBD_Start
 .text.USBD_SetClassConfig
                0x0800919a       0x1a Middlewares/ST/STM32_USB_Device_Library/Core/Src/usbd_core.o
                0x0800919a                USBD_SetClassConfig
 .text.USBD_ClrClassConfig
                0x080091b4        0xe Middlewares/ST/STM32_USB_Device_Library/Core/Src/usbd_core.o
                0x080091b4                USBD_ClrClassConfig
 .text.USBD_LL_SetupStage
                0x080091c2       0x5a Middlewares/ST/STM32_USB_Device_Library/Core/Src/usbd_core.o
                0x080091c2                USBD_LL_SetupStage
 .text.USBD_LL_DataOutStage
                0x0800921c       0x6a Middlewares/ST/STM32_USB_Device_Library/Core/Src/usbd_core.o
                0x0800921c                USBD_LL_DataOutStage
 .text.USBD_LL_DataInStage
                0x08009286       0xb0 Middlewares/ST/STM32_USB_Device_Library/Core/Src/usbd_core.o
                0x08009286                USBD_LL_DataInStage
 .text.USBD_LL_Reset
                0x08009336       0x3e Middlewares/ST/STM32_USB_Device_Library/Core/Src/usbd_core.o
                0x08009336                USBD_LL_Reset
 .text.USBD_LL_SetSpeed
                0x08009374        0x6 Middlewares/ST/STM32_USB_Device_Library/Core/Src/usbd_core.o
                0x08009374                USBD_LL_SetSpeed
 .text.USBD_LL_Suspend
                0x0800937a       0x12 Middlewares/ST/STM32_USB_Device_Library/Core/Src/usbd_core.o
                0x0800937a                USBD_LL_Suspend
 .text.USBD_LL_Resume
                0x0800938c        0xc Middlewares/ST/STM32_USB_Device_Library/Core/Src/usbd_core.o
                0x0800938c                USBD_LL_Resume
 .text.USBD_LL_SOF
                0x08009398       0x1c Middlewares/ST/STM32_USB_Device_Library/Core/Src/usbd_core.o
                0x08009398                USBD_LL_SOF
 .text.USBD_LL_IsoINIncomplete
                0x080093b4        0x4 Middlewares/ST/STM32_USB_Device_Library/Core/Src/usbd_core.o
                0x080093b4                USBD_LL_IsoINIncomplete
 .text.USBD_LL_IsoOUTIncomplete
                0x080093b8        0x4 Middlewares/ST/STM32_USB_Device_Library/Core/Src/usbd_core.o
                0x080093b8                USBD_LL_IsoOUTIncomplete
 .text.USBD_LL_DevConnected
                0x080093bc        0x4 Middlewares/ST/STM32_USB_Device_Library/Core/Src/usbd_core.o
                0x080093bc                USBD_LL_DevConnected
 .text.USBD_LL_DevDisconnected
                0x080093c0       0x16 Middlewares/ST/STM32_USB_Device_Library/Core/Src/usbd_core.o
                0x080093c0                USBD_LL_DevDisconnected
 .text.USBD_ParseSetupRequest
                0x080093d6       0x28 Middlewares/ST/STM32_USB_Device_Library/Core/Src/usbd_ctlreq.o
                0x080093d6                USBD_ParseSetupRequest
 .text.USBD_CtlError
                0x080093fe       0x14 Middlewares/ST/STM32_USB_Device_Library/Core/Src/usbd_ctlreq.o
                0x080093fe                USBD_CtlError
 *fill*         0x08009412        0x2 
 .text.USBD_StdDevReq
                0x08009414      0x2f0 Middlewares/ST/STM32_USB_Device_Library/Core/Src/usbd_ctlreq.o
                0x08009414                USBD_StdDevReq
 .text.USBD_StdItfReq
                0x08009704       0x38 Middlewares/ST/STM32_USB_Device_Library/Core/Src/usbd_ctlreq.o
                0x08009704                USBD_StdItfReq
 .text.USBD_StdEPReq
                0x0800973c      0x106 Middlewares/ST/STM32_USB_Device_Library/Core/Src/usbd_ctlreq.o
                0x0800973c                USBD_StdEPReq
 .text.USBD_GetString
                0x08009842       0x48 Middlewares/ST/STM32_USB_Device_Library/Core/Src/usbd_ctlreq.o
                0x08009842                USBD_GetString
 .text.USBD_CtlSendData
                0x0800988a       0x1a Middlewares/ST/STM32_USB_Device_Library/Core/Src/usbd_ioreq.o
                0x0800988a                USBD_CtlSendData
 .text.USBD_CtlContinueSendData
                0x080098a4       0x10 Middlewares/ST/STM32_USB_Device_Library/Core/Src/usbd_ioreq.o
                0x080098a4                USBD_CtlContinueSendData
 .text.USBD_CtlPrepareRx
                0x080098b4       0x1e Middlewares/ST/STM32_USB_Device_Library/Core/Src/usbd_ioreq.o
                0x080098b4                USBD_CtlPrepareRx
 .text.USBD_CtlContinueRx
                0x080098d2       0x10 Middlewares/ST/STM32_USB_Device_Library/Core/Src/usbd_ioreq.o
                0x080098d2                USBD_CtlContinueRx
 .text.USBD_CtlSendStatus
                0x080098e2       0x16 Middlewares/ST/STM32_USB_Device_Library/Core/Src/usbd_ioreq.o
                0x080098e2                USBD_CtlSendStatus
 .text.USBD_CtlReceiveStatus
                0x080098f8       0x16 Middlewares/ST/STM32_USB_Device_Library/Core/Src/usbd_ioreq.o
                0x080098f8                USBD_CtlReceiveStatus
 *fill*         0x0800990e        0x2 
 .text.SystemClock_Config
                0x08009910       0xd0 Src/main.o
                0x08009910                SystemClock_Config
 .text.main     0x080099e0       0xe8 Src/main.o
                0x080099e0                main
 .text._Error_Handler
                0x08009ac8        0x2 Src/main.o
                0x08009ac8                _Error_Handler
 *fill*         0x08009aca        0x2 
 .text.HAL_MspInit
                0x08009acc       0x94 Src/stm32f4xx_hal_msp.o
                0x08009acc                HAL_MspInit
 .text.HAL_RTC_MspInit
                0x08009b60       0x1c Src/stm32f4xx_hal_msp.o
                0x08009b60                HAL_RTC_MspInit
 .text.HAL_SD_MspInit
                0x08009b7c       0x7c Src/stm32f4xx_hal_msp.o
                0x08009b7c                HAL_SD_MspInit
 .text.NMI_Handler
                0x08009bf8        0x2 Src/stm32f4xx_it.o
                0x08009bf8                NMI_Handler
 .text.HardFault_Handler
                0x08009bfa        0x2 Src/stm32f4xx_it.o
                0x08009bfa                HardFault_Handler
 .text.MemManage_Handler
                0x08009bfc        0x2 Src/stm32f4xx_it.o
                0x08009bfc                MemManage_Handler
 .text.BusFault_Handler
                0x08009bfe        0x2 Src/stm32f4xx_it.o
                0x08009bfe                BusFault_Handler
 .text.UsageFault_Handler
                0x08009c00        0x2 Src/stm32f4xx_it.o
                0x08009c00                UsageFault_Handler
 .text.SVC_Handler
                0x08009c02        0x2 Src/stm32f4xx_it.o
                0x08009c02                SVC_Handler
 .text.DebugMon_Handler
                0x08009c04        0x2 Src/stm32f4xx_it.o
                0x08009c04                DebugMon_Handler
 .text.SysTick_Handler
                0x08009c06        0xc Src/stm32f4xx_it.o
                0x08009c06                SysTick_Handler
 *fill*         0x08009c12        0x2 
 .text.SDIO_IRQHandler
                0x08009c14       0x10 Src/stm32f4xx_it.o
                0x08009c14                SDIO_IRQHandler
 .text.OTG_FS_IRQHandler
                0x08009c24       0x10 Src/stm32f4xx_it.o
                0x08009c24                OTG_FS_IRQHandler
 .text.SystemInit
                0x08009c34       0x4c Src/system_stm32f4xx.o
                0x08009c34                SystemInit
 .text.SystemCoreClockUpdate
                0x08009c80       0x9c Src/system_stm32f4xx.o
                0x08009c80                SystemCoreClockUpdate
 .text.MX_USB_DEVICE_Init
                0x08009d1c       0x38 Src/usb_device.o
                0x08009d1c                MX_USB_DEVICE_Init
 .text.CDC_DeInit_FS
                0x08009d54        0x4 Src/usbd_cdc_if.o
 .text.CDC_Control_FS
                0x08009d58        0x4 Src/usbd_cdc_if.o
 .text.CDC_Receive_FS
                0x08009d5c       0x1c Src/usbd_cdc_if.o
 .text.CDC_Init_FS
                0x08009d78       0x28 Src/usbd_cdc_if.o
 .text.HAL_PCD_MspInit
                0x08009da0       0x68 Src/usbd_conf.o
                0x08009da0                HAL_PCD_MspInit
 .text.HAL_PCD_SetupStageCallback
                0x08009e08       0x10 Src/usbd_conf.o
                0x08009e08                HAL_PCD_SetupStageCallback
 .text.HAL_PCD_DataOutStageCallback
                0x08009e18       0x18 Src/usbd_conf.o
                0x08009e18                HAL_PCD_DataOutStageCallback
 .text.HAL_PCD_DataInStageCallback
                0x08009e30       0x16 Src/usbd_conf.o
                0x08009e30                HAL_PCD_DataInStageCallback
 .text.HAL_PCD_SOFCallback
                0x08009e46        0xc Src/usbd_conf.o
                0x08009e46                HAL_PCD_SOFCallback
 .text.HAL_PCD_ResetCallback
                0x08009e52       0x1e Src/usbd_conf.o
                0x08009e52                HAL_PCD_ResetCallback
 .text.HAL_PCD_SuspendCallback
                0x08009e70       0x30 Src/usbd_conf.o
                0x08009e70                HAL_PCD_SuspendCallback
 .text.HAL_PCD_ResumeCallback
                0x08009ea0        0xc Src/usbd_conf.o
                0x08009ea0                HAL_PCD_ResumeCallback
 .text.HAL_PCD_ISOOUTIncompleteCallback
                0x08009eac        0xc Src/usbd_conf.o
                0x08009eac                HAL_PCD_ISOOUTIncompleteCallback
 .text.HAL_PCD_ISOINIncompleteCallback
                0x08009eb8        0xc Src/usbd_conf.o
                0x08009eb8                HAL_PCD_ISOINIncompleteCallback
 .text.HAL_PCD_ConnectCallback
                0x08009ec4        0xc Src/usbd_conf.o
                0x08009ec4                HAL_PCD_ConnectCallback
 .text.HAL_PCD_DisconnectCallback
                0x08009ed0        0xc Src/usbd_conf.o
                0x08009ed0                HAL_PCD_DisconnectCallback
 .text.USBD_LL_Init
                0x08009edc       0x74 Src/usbd_conf.o
                0x08009edc                USBD_LL_Init
 .text.USBD_LL_Start
                0x08009f50       0x1a Src/usbd_conf.o
                0x08009f50                USBD_LL_Start
 .text.USBD_LL_OpenEP
                0x08009f6a       0x20 Src/usbd_conf.o
                0x08009f6a                USBD_LL_OpenEP
 .text.USBD_LL_CloseEP
                0x08009f8a       0x1a Src/usbd_conf.o
                0x08009f8a                USBD_LL_CloseEP
 .text.USBD_LL_StallEP
                0x08009fa4       0x1a Src/usbd_conf.o
                0x08009fa4                USBD_LL_StallEP
 .text.USBD_LL_ClearStallEP
                0x08009fbe       0x1a Src/usbd_conf.o
                0x08009fbe                USBD_LL_ClearStallEP
 .text.USBD_LL_IsStallEP
                0x08009fd8       0x2e Src/usbd_conf.o
                0x08009fd8                USBD_LL_IsStallEP
 .text.USBD_LL_SetUSBAddress
                0x0800a006       0x1a Src/usbd_conf.o
                0x0800a006                USBD_LL_SetUSBAddress
 .text.USBD_LL_Transmit
                0x0800a020       0x1a Src/usbd_conf.o
                0x0800a020                USBD_LL_Transmit
 .text.USBD_LL_PrepareReceive
                0x0800a03a       0x1a Src/usbd_conf.o
                0x0800a03a                USBD_LL_PrepareReceive
 .text.USBD_LL_GetRxDataSize
                0x0800a054        0xc Src/usbd_conf.o
                0x0800a054                USBD_LL_GetRxDataSize
 .text.USBD_FS_DeviceDescriptor
                0x0800a060        0xc Src/usbd_desc.o
                0x0800a060                USBD_FS_DeviceDescriptor
 .text.USBD_FS_LangIDStrDescriptor
                0x0800a06c        0xc Src/usbd_desc.o
                0x0800a06c                USBD_FS_LangIDStrDescriptor
 .text.USBD_FS_ProductStrDescriptor
                0x0800a078       0x18 Src/usbd_desc.o
                0x0800a078                USBD_FS_ProductStrDescriptor
 .text.USBD_FS_ManufacturerStrDescriptor
                0x0800a090       0x1c Src/usbd_desc.o
                0x0800a090                USBD_FS_ManufacturerStrDescriptor
 .text.USBD_FS_SerialStrDescriptor
                0x0800a0ac       0x18 Src/usbd_desc.o
                0x0800a0ac                USBD_FS_SerialStrDescriptor
 .text.USBD_FS_ConfigStrDescriptor
                0x0800a0c4       0x18 Src/usbd_desc.o
                0x0800a0c4                USBD_FS_ConfigStrDescriptor
 .text.USBD_FS_InterfaceStrDescriptor
                0x0800a0dc       0x18 Src/usbd_desc.o
                0x0800a0dc                USBD_FS_InterfaceStrDescriptor
 .text.Reset_Handler
                0x0800a0f4       0x50 startup/startup_stm32f407xx.o
                0x0800a0f4                Reset_Handler
 .text.Default_Handler
                0x0800a144        0x2 startup/startup_stm32f407xx.o
                0x0800a144                RTC_Alarm_IRQHandler
                0x0800a144                HASH_RNG_IRQHandler
                0x0800a144                EXTI2_IRQHandler
                0x0800a144                TIM8_CC_IRQHandler
                0x0800a144                TIM1_CC_IRQHandler
                0x0800a144                DMA2_Stream5_IRQHandler
                0x0800a144                DMA1_Stream5_IRQHandler
                0x0800a144                PVD_IRQHandler
                0x0800a144                TAMP_STAMP_IRQHandler
                0x0800a144                CAN2_RX1_IRQHandler
                0x0800a144                EXTI3_IRQHandler
                0x0800a144                TIM8_TRG_COM_TIM14_IRQHandler
                0x0800a144                TIM1_UP_TIM10_IRQHandler
                0x0800a144                TIM8_UP_TIM13_IRQHandler
                0x0800a144                I2C3_ER_IRQHandler
                0x0800a144                EXTI0_IRQHandler
                0x0800a144                I2C2_EV_IRQHandler
                0x0800a144                DMA1_Stream2_IRQHandler
                0x0800a144                CAN1_RX0_IRQHandler
                0x0800a144                FPU_IRQHandler
                0x0800a144                OTG_HS_WKUP_IRQHandler
                0x0800a144                CAN2_SCE_IRQHandler
                0x0800a144                DMA2_Stream2_IRQHandler
                0x0800a144                SPI1_IRQHandler
                0x0800a144                TIM6_DAC_IRQHandler
                0x0800a144                TIM1_BRK_TIM9_IRQHandler
                0x0800a144                DCMI_IRQHandler
                0x0800a144                CAN2_RX0_IRQHandler
                0x0800a144                DMA2_Stream3_IRQHandler
                0x0800a144                USART6_IRQHandler
                0x0800a144                USART3_IRQHandler
                0x0800a144                CAN1_RX1_IRQHandler
                0x0800a144                UART5_IRQHandler
                0x0800a144                DMA2_Stream0_IRQHandler
                0x0800a144                I2C1_EV_IRQHandler
                0x0800a144                DMA1_Stream6_IRQHandler
                0x0800a144                DMA1_Stream1_IRQHandler
                0x0800a144                UART4_IRQHandler
                0x0800a144                RCC_IRQHandler
                0x0800a144                TIM8_BRK_TIM12_IRQHandler
                0x0800a144                Default_Handler
                0x0800a144                EXTI15_10_IRQHandler
                0x0800a144                ADC_IRQHandler
                0x0800a144                DMA1_Stream7_IRQHandler
                0x0800a144                TIM7_IRQHandler
                0x0800a144                CAN2_TX_IRQHandler
                0x0800a144                TIM5_IRQHandler
                0x0800a144                DMA2_Stream7_IRQHandler
                0x0800a144                I2C3_EV_IRQHandler
                0x0800a144                EXTI9_5_IRQHandler
                0x0800a144                RTC_WKUP_IRQHandler
                0x0800a144                ETH_WKUP_IRQHandler
                0x0800a144                SPI2_IRQHandler
                0x0800a144                OTG_HS_EP1_IN_IRQHandler
                0x0800a144                DMA1_Stream0_IRQHandler
                0x0800a144                CAN1_TX_IRQHandler
                0x0800a144                EXTI4_IRQHandler
                0x0800a144                FSMC_IRQHandler
                0x0800a144                ETH_IRQHandler
                0x0800a144                OTG_HS_EP1_OUT_IRQHandler
                0x0800a144                WWDG_IRQHandler
                0x0800a144                TIM2_IRQHandler
                0x0800a144                OTG_FS_WKUP_IRQHandler
                0x0800a144                TIM1_TRG_COM_TIM11_IRQHandler
                0x0800a144                OTG_HS_IRQHandler
                0x0800a144                EXTI1_IRQHandler
                0x0800a144                USART2_IRQHandler
                0x0800a144                I2C2_ER_IRQHandler
                0x0800a144                DMA2_Stream1_IRQHandler
                0x0800a144                CAN1_SCE_IRQHandler
                0x0800a144                FLASH_IRQHandler
                0x0800a144                DMA2_Stream4_IRQHandler
                0x0800a144                USART1_IRQHandler
                0x0800a144                SPI3_IRQHandler
                0x0800a144                DMA1_Stream4_IRQHandler
                0x0800a144                I2C1_ER_IRQHandler
                0x0800a144                DMA2_Stream6_IRQHandler
                0x0800a144                DMA1_Stream3_IRQHandler
 .text._ZdlPv   0x0800a146        0x4 d:/ac6/systemworkbench/plugins/fr.ac6.mcu.externaltools.arm-none.win32_1.16.0.201807130628/tools/compiler/bin/../lib/gcc/arm-none-eabi/7.2.1/../../../../arm-none-eabi/lib/thumb/v7e-m/fpv4-sp/hard\libstdc++_nano.a(del_op.o)
                0x0800a146                operator delete(void*)
 .text.__aeabi_atexit
                0x0800a14a        0xa d:/ac6/systemworkbench/plugins/fr.ac6.mcu.externaltools.arm-none.win32_1.16.0.201807130628/tools/compiler/bin/../lib/gcc/arm-none-eabi/7.2.1/../../../../arm-none-eabi/lib/thumb/v7e-m/fpv4-sp/hard\libstdc++_nano.a(atexit_arm.o)
                0x0800a14a                __aeabi_atexit
 .text.__cxa_atexit
                0x0800a154       0x1c d:/ac6/systemworkbench/plugins/fr.ac6.mcu.externaltools.arm-none.win32_1.16.0.201807130628/tools/compiler/bin/../lib/gcc/arm-none-eabi/7.2.1/../../../../arm-none-eabi/lib/thumb/v7e-m/fpv4-sp/hard\libc_nano.a(lib_a-cxa_atexit.o)
                0x0800a154                __cxa_atexit
 .text.__libc_init_array
                0x0800a170       0x48 d:/ac6/systemworkbench/plugins/fr.ac6.mcu.externaltools.arm-none.win32_1.16.0.201807130628/tools/compiler/bin/../lib/gcc/arm-none-eabi/7.2.1/../../../../arm-none-eabi/lib/thumb/v7e-m/fpv4-sp/hard\libc_nano.a(lib_a-init.o)
                0x0800a170                __libc_init_array
 .text.malloc   0x0800a1b8       0x10 d:/ac6/systemworkbench/plugins/fr.ac6.mcu.externaltools.arm-none.win32_1.16.0.201807130628/tools/compiler/bin/../lib/gcc/arm-none-eabi/7.2.1/../../../../arm-none-eabi/lib/thumb/v7e-m/fpv4-sp/hard\libc_nano.a(lib_a-malloc.o)
                0x0800a1b8                malloc
 .text.free     0x0800a1c8       0x10 d:/ac6/systemworkbench/plugins/fr.ac6.mcu.externaltools.arm-none.win32_1.16.0.201807130628/tools/compiler/bin/../lib/gcc/arm-none-eabi/7.2.1/../../../../arm-none-eabi/lib/thumb/v7e-m/fpv4-sp/hard\libc_nano.a(lib_a-malloc.o)
                0x0800a1c8                free
 .text.memcpy   0x0800a1d8       0x16 d:/ac6/systemworkbench/plugins/fr.ac6.mcu.externaltools.arm-none.win32_1.16.0.201807130628/tools/compiler/bin/../lib/gcc/arm-none-eabi/7.2.1/../../../../arm-none-eabi/lib/thumb/v7e-m/fpv4-sp/hard\libc_nano.a(lib_a-memcpy-stub.o)
                0x0800a1d8                memcpy
 .text.memset   0x0800a1ee       0x10 d:/ac6/systemworkbench/plugins/fr.ac6.mcu.externaltools.arm-none.win32_1.16.0.201807130628/tools/compiler/bin/../lib/gcc/arm-none-eabi/7.2.1/../../../../arm-none-eabi/lib/thumb/v7e-m/fpv4-sp/hard\libc_nano.a(lib_a-memset.o)
                0x0800a1ee                memset
 *fill*         0x0800a1fe        0x2 
 .text._free_r  0x0800a200       0x9c d:/ac6/systemworkbench/plugins/fr.ac6.mcu.externaltools.arm-none.win32_1.16.0.201807130628/tools/compiler/bin/../lib/gcc/arm-none-eabi/7.2.1/../../../../arm-none-eabi/lib/thumb/v7e-m/fpv4-sp/hard\libc_nano.a(lib_a-nano-freer.o)
                0x0800a200                _free_r
 .text._malloc_r
                0x0800a29c       0xb4 d:/ac6/systemworkbench/plugins/fr.ac6.mcu.externaltools.arm-none.win32_1.16.0.201807130628/tools/compiler/bin/../lib/gcc/arm-none-eabi/7.2.1/../../../../arm-none-eabi/lib/thumb/v7e-m/fpv4-sp/hard\libc_nano.a(lib_a-nano-mallocr.o)
                0x0800a29c                _malloc_r
 .text.swapfunc
                0x0800a350       0x32 d:/ac6/systemworkbench/plugins/fr.ac6.mcu.externaltools.arm-none.win32_1.16.0.201807130628/tools/compiler/bin/../lib/gcc/arm-none-eabi/7.2.1/../../../../arm-none-eabi/lib/thumb/v7e-m/fpv4-sp/hard\libc_nano.a(lib_a-qsort.o)
 .text.med3.isra.1
                0x0800a382       0x3e d:/ac6/systemworkbench/plugins/fr.ac6.mcu.externaltools.arm-none.win32_1.16.0.201807130628/tools/compiler/bin/../lib/gcc/arm-none-eabi/7.2.1/../../../../arm-none-eabi/lib/thumb/v7e-m/fpv4-sp/hard\libc_nano.a(lib_a-qsort.o)
 .text.qsort    0x0800a3c0      0x24e d:/ac6/systemworkbench/plugins/fr.ac6.mcu.externaltools.arm-none.win32_1.16.0.201807130628/tools/compiler/bin/../lib/gcc/arm-none-eabi/7.2.1/../../../../arm-none-eabi/lib/thumb/v7e-m/fpv4-sp/hard\libc_nano.a(lib_a-qsort.o)
                0x0800a3c0                qsort
 *fill*         0x0800a60e        0x2 
 .text._sbrk_r  0x0800a610       0x20 d:/ac6/systemworkbench/plugins/fr.ac6.mcu.externaltools.arm-none.win32_1.16.0.201807130628/tools/compiler/bin/../lib/gcc/arm-none-eabi/7.2.1/../../../../arm-none-eabi/lib/thumb/v7e-m/fpv4-sp/hard\libc_nano.a(lib_a-sbrkr.o)
                0x0800a610                _sbrk_r
 .text.sprintf  0x0800a630       0x40 d:/ac6/systemworkbench/plugins/fr.ac6.mcu.externaltools.arm-none.win32_1.16.0.201807130628/tools/compiler/bin/../lib/gcc/arm-none-eabi/7.2.1/../../../../arm-none-eabi/lib/thumb/v7e-m/fpv4-sp/hard\libc_nano.a(lib_a-sprintf.o)
                0x0800a630                siprintf
                0x0800a630                sprintf
 .text.sscanf   0x0800a670       0x54 d:/ac6/systemworkbench/plugins/fr.ac6.mcu.externaltools.arm-none.win32_1.16.0.201807130628/tools/compiler/bin/../lib/gcc/arm-none-eabi/7.2.1/../../../../arm-none-eabi/lib/thumb/v7e-m/fpv4-sp/hard\libc_nano.a(lib_a-sscanf.o)
                0x0800a670                siscanf
                0x0800a670                sscanf
 .text.__seofread
                0x0800a6c4        0x4 d:/ac6/systemworkbench/plugins/fr.ac6.mcu.externaltools.arm-none.win32_1.16.0.201807130628/tools/compiler/bin/../lib/gcc/arm-none-eabi/7.2.1/../../../../arm-none-eabi/lib/thumb/v7e-m/fpv4-sp/hard\libc_nano.a(lib_a-stdio.o)
                0x0800a6c4                __seofread
 .text.strncmp  0x0800a6c8       0x24 d:/ac6/systemworkbench/plugins/fr.ac6.mcu.externaltools.arm-none.win32_1.16.0.201807130628/tools/compiler/bin/../lib/gcc/arm-none-eabi/7.2.1/../../../../arm-none-eabi/lib/thumb/v7e-m/fpv4-sp/hard\libc_nano.a(lib_a-strncmp.o)
                0x0800a6c8                strncmp
 .text.strncpy  0x0800a6ec       0x2a d:/ac6/systemworkbench/plugins/fr.ac6.mcu.externaltools.arm-none.win32_1.16.0.201807130628/tools/compiler/bin/../lib/gcc/arm-none-eabi/7.2.1/../../../../arm-none-eabi/lib/thumb/v7e-m/fpv4-sp/hard\libc_nano.a(lib_a-strncpy.o)
                0x0800a6ec                strncpy
 .text.strrchr  0x0800a716       0x28 d:/ac6/systemworkbench/plugins/fr.ac6.mcu.externaltools.arm-none.win32_1.16.0.201807130628/tools/compiler/bin/../lib/gcc/arm-none-eabi/7.2.1/../../../../arm-none-eabi/lib/thumb/v7e-m/fpv4-sp/hard\libc_nano.a(lib_a-strrchr.o)
                0x0800a716                strrchr
 .text.tolower  0x0800a73e       0x1a d:/ac6/systemworkbench/plugins/fr.ac6.mcu.externaltools.arm-none.win32_1.16.0.201807130628/tools/compiler/bin/../lib/gcc/arm-none-eabi/7.2.1/../../../../arm-none-eabi/lib/thumb/v7e-m/fpv4-sp/hard\libc_nano.a(lib_a-tolower.o)
                0x0800a73e                tolower
 .text.toupper  0x0800a758       0x1a d:/ac6/systemworkbench/plugins/fr.ac6.mcu.externaltools.arm-none.win32_1.16.0.201807130628/tools/compiler/bin/../lib/gcc/arm-none-eabi/7.2.1/../../../../arm-none-eabi/lib/thumb/v7e-m/fpv4-sp/hard\libc_nano.a(lib_a-toupper.o)
                0x0800a758                toupper
 .text.__locale_ctype_ptr_l
                0x0800a772        0x6 d:/ac6/systemworkbench/plugins/fr.ac6.mcu.externaltools.arm-none.win32_1.16.0.201807130628/tools/compiler/bin/../lib/gcc/arm-none-eabi/7.2.1/../../../../arm-none-eabi/lib/thumb/v7e-m/fpv4-sp/hard\libc_nano.a(lib_a-locale.o)
                0x0800a772                __locale_ctype_ptr_l
 .text.__locale_ctype_ptr
                0x0800a778       0x1c d:/ac6/systemworkbench/plugins/fr.ac6.mcu.externaltools.arm-none.win32_1.16.0.201807130628/tools/compiler/bin/../lib/gcc/arm-none-eabi/7.2.1/../../../../arm-none-eabi/lib/thumb/v7e-m/fpv4-sp/hard\libc_nano.a(lib_a-locale.o)
                0x0800a778                __locale_ctype_ptr
 .text.__ascii_mbtowc
                0x0800a794       0x24 d:/ac6/systemworkbench/plugins/fr.ac6.mcu.externaltools.arm-none.win32_1.16.0.201807130628/tools/compiler/bin/../lib/gcc/arm-none-eabi/7.2.1/../../../../arm-none-eabi/lib/thumb/v7e-m/fpv4-sp/hard\libc_nano.a(lib_a-mbtowc_r.o)
                0x0800a794                __ascii_mbtowc
 .text.__malloc_lock
                0x0800a7b8        0x2 d:/ac6/systemworkbench/plugins/fr.ac6.mcu.externaltools.arm-none.win32_1.16.0.201807130628/tools/compiler/bin/../lib/gcc/arm-none-eabi/7.2.1/../../../../arm-none-eabi/lib/thumb/v7e-m/fpv4-sp/hard\libc_nano.a(lib_a-mlock.o)
                0x0800a7b8                __malloc_lock
 .text.__malloc_unlock
                0x0800a7ba        0x2 d:/ac6/systemworkbench/plugins/fr.ac6.mcu.externaltools.arm-none.win32_1.16.0.201807130628/tools/compiler/bin/../lib/gcc/arm-none-eabi/7.2.1/../../../../arm-none-eabi/lib/thumb/v7e-m/fpv4-sp/hard\libc_nano.a(lib_a-mlock.o)
                0x0800a7ba                __malloc_unlock
 .text.__ssputs_r
                0x0800a7bc       0xb4 d:/ac6/systemworkbench/plugins/fr.ac6.mcu.externaltools.arm-none.win32_1.16.0.201807130628/tools/compiler/bin/../lib/gcc/arm-none-eabi/7.2.1/../../../../arm-none-eabi/lib/thumb/v7e-m/fpv4-sp/hard\libc_nano.a(lib_a-nano-svfprintf.o)
                0x0800a7bc                __ssputs_r
 .text._svfprintf_r
                0x0800a870      0x1ec d:/ac6/systemworkbench/plugins/fr.ac6.mcu.externaltools.arm-none.win32_1.16.0.201807130628/tools/compiler/bin/../lib/gcc/arm-none-eabi/7.2.1/../../../../arm-none-eabi/lib/thumb/v7e-m/fpv4-sp/hard\libc_nano.a(lib_a-nano-svfprintf.o)
                0x0800a870                _svfiprintf_r
                0x0800a870                _svfprintf_r
 .text._sungetc_r
                0x0800aa5c       0x7a d:/ac6/systemworkbench/plugins/fr.ac6.mcu.externaltools.arm-none.win32_1.16.0.201807130628/tools/compiler/bin/../lib/gcc/arm-none-eabi/7.2.1/../../../../arm-none-eabi/lib/thumb/v7e-m/fpv4-sp/hard\libc_nano.a(lib_a-nano-svfscanf.o)
                0x0800aa5c                _sungetc_r
 .text.__ssrefill_r
                0x0800aad6       0x3a d:/ac6/systemworkbench/plugins/fr.ac6.mcu.externaltools.arm-none.win32_1.16.0.201807130628/tools/compiler/bin/../lib/gcc/arm-none-eabi/7.2.1/../../../../arm-none-eabi/lib/thumb/v7e-m/fpv4-sp/hard\libc_nano.a(lib_a-nano-svfscanf.o)
                0x0800aad6                __ssrefill_r
 .text.__ssvfscanf_r
                0x0800ab10      0x2a0 d:/ac6/systemworkbench/plugins/fr.ac6.mcu.externaltools.arm-none.win32_1.16.0.201807130628/tools/compiler/bin/../lib/gcc/arm-none-eabi/7.2.1/../../../../arm-none-eabi/lib/thumb/v7e-m/fpv4-sp/hard\libc_nano.a(lib_a-nano-svfscanf.o)
                0x0800ab10                __ssvfiscanf_r
                0x0800ab10                __ssvfscanf_r
 .text._printf_common
                0x0800adb0       0xea d:/ac6/systemworkbench/plugins/fr.ac6.mcu.externaltools.arm-none.win32_1.16.0.201807130628/tools/compiler/bin/../lib/gcc/arm-none-eabi/7.2.1/../../../../arm-none-eabi/lib/thumb/v7e-m/fpv4-sp/hard\libc_nano.a(lib_a-nano-vfprintf_i.o)
                0x0800adb0                _printf_common
 *fill*         0x0800ae9a        0x2 
 .text._printf_i
                0x0800ae9c      0x224 d:/ac6/systemworkbench/plugins/fr.ac6.mcu.externaltools.arm-none.win32_1.16.0.201807130628/tools/compiler/bin/../lib/gcc/arm-none-eabi/7.2.1/../../../../arm-none-eabi/lib/thumb/v7e-m/fpv4-sp/hard\libc_nano.a(lib_a-nano-vfprintf_i.o)
                0x0800ae9c                _printf_i
 .text._scanf_chars
                0x0800b0c0       0xc6 d:/ac6/systemworkbench/plugins/fr.ac6.mcu.externaltools.arm-none.win32_1.16.0.201807130628/tools/compiler/bin/../lib/gcc/arm-none-eabi/7.2.1/../../../../arm-none-eabi/lib/thumb/v7e-m/fpv4-sp/hard\libc_nano.a(lib_a-nano-vfscanf_i.o)
                0x0800b0c0                _scanf_chars
 *fill*         0x0800b186        0x2 
 .text._scanf_i
                0x0800b188      0x1e8 d:/ac6/systemworkbench/plugins/fr.ac6.mcu.externaltools.arm-none.win32_1.16.0.201807130628/tools/compiler/bin/../lib/gcc/arm-none-eabi/7.2.1/../../../../arm-none-eabi/lib/thumb/v7e-m/fpv4-sp/hard\libc_nano.a(lib_a-nano-vfscanf_i.o)
                0x0800b188                _scanf_i
 .text.__sccl   0x0800b370       0x64 d:/ac6/systemworkbench/plugins/fr.ac6.mcu.externaltools.arm-none.win32_1.16.0.201807130628/tools/compiler/bin/../lib/gcc/arm-none-eabi/7.2.1/../../../../arm-none-eabi/lib/thumb/v7e-m/fpv4-sp/hard\libc_nano.a(lib_a-sccl.o)
                0x0800b370                __sccl
 .text.strchr   0x0800b3d4       0x1a d:/ac6/systemworkbench/plugins/fr.ac6.mcu.externaltools.arm-none.win32_1.16.0.201807130628/tools/compiler/bin/../lib/gcc/arm-none-eabi/7.2.1/../../../../arm-none-eabi/lib/thumb/v7e-m/fpv4-sp/hard\libc_nano.a(lib_a-strchr.o)
                0x0800b3d4                strchr
 .text._strtol_l.isra.0
                0x0800b3ee       0xf6 d:/ac6/systemworkbench/plugins/fr.ac6.mcu.externaltools.arm-none.win32_1.16.0.201807130628/tools/compiler/bin/../lib/gcc/arm-none-eabi/7.2.1/../../../../arm-none-eabi/lib/thumb/v7e-m/fpv4-sp/hard\libc_nano.a(lib_a-strtol.o)
 .text._strtol_r
                0x0800b4e4       0x24 d:/ac6/systemworkbench/plugins/fr.ac6.mcu.externaltools.arm-none.win32_1.16.0.201807130628/tools/compiler/bin/../lib/gcc/arm-none-eabi/7.2.1/../../../../arm-none-eabi/lib/thumb/v7e-m/fpv4-sp/hard\libc_nano.a(lib_a-strtol.o)
                0x0800b4e4                _strtol_r
 .text._strtoul_l.isra.0
                0x0800b508       0xf4 d:/ac6/systemworkbench/plugins/fr.ac6.mcu.externaltools.arm-none.win32_1.16.0.201807130628/tools/compiler/bin/../lib/gcc/arm-none-eabi/7.2.1/../../../../arm-none-eabi/lib/thumb/v7e-m/fpv4-sp/hard\libc_nano.a(lib_a-strtoul.o)
 .text._strtoul_r
                0x0800b5fc       0x24 d:/ac6/systemworkbench/plugins/fr.ac6.mcu.externaltools.arm-none.win32_1.16.0.201807130628/tools/compiler/bin/../lib/gcc/arm-none-eabi/7.2.1/../../../../arm-none-eabi/lib/thumb/v7e-m/fpv4-sp/hard\libc_nano.a(lib_a-strtoul.o)
                0x0800b5fc                _strtoul_r
 .text.__submore
                0x0800b620       0x74 d:/ac6/systemworkbench/plugins/fr.ac6.mcu.externaltools.arm-none.win32_1.16.0.201807130628/tools/compiler/bin/../lib/gcc/arm-none-eabi/7.2.1/../../../../arm-none-eabi/lib/thumb/v7e-m/fpv4-sp/hard\libc_nano.a(lib_a-ungetc.o)
                0x0800b620                __submore
 .text.__ascii_wctomb
                0x0800b694       0x1a d:/ac6/systemworkbench/plugins/fr.ac6.mcu.externaltools.arm-none.win32_1.16.0.201807130628/tools/compiler/bin/../lib/gcc/arm-none-eabi/7.2.1/../../../../arm-none-eabi/lib/thumb/v7e-m/fpv4-sp/hard\libc_nano.a(lib_a-wctomb_r.o)
                0x0800b694                __ascii_wctomb
 .text.memmove  0x0800b6ae       0x32 d:/ac6/systemworkbench/plugins/fr.ac6.mcu.externaltools.arm-none.win32_1.16.0.201807130628/tools/compiler/bin/../lib/gcc/arm-none-eabi/7.2.1/../../../../arm-none-eabi/lib/thumb/v7e-m/fpv4-sp/hard\libc_nano.a(lib_a-memmove.o)
                0x0800b6ae                memmove
 .text._realloc_r
                0x0800b6e0       0x4c d:/ac6/systemworkbench/plugins/fr.ac6.mcu.externaltools.arm-none.win32_1.16.0.201807130628/tools/compiler/bin/../lib/gcc/arm-none-eabi/7.2.1/../../../../arm-none-eabi/lib/thumb/v7e-m/fpv4-sp/hard\libc_nano.a(lib_a-nano-reallocr.o)
                0x0800b6e0                _realloc_r
 .text._malloc_usable_size_r
                0x0800b72c       0x10 d:/ac6/systemworkbench/plugins/fr.ac6.mcu.externaltools.arm-none.win32_1.16.0.201807130628/tools/compiler/bin/../lib/gcc/arm-none-eabi/7.2.1/../../../../arm-none-eabi/lib/thumb/v7e-m/fpv4-sp/hard\libc_nano.a(lib_a-nano-msizer.o)
                0x0800b72c                _malloc_usable_size_r
 .text._sbrk    0x0800b73c       0x1c d:/ac6/systemworkbench/plugins/fr.ac6.mcu.externaltools.arm-none.win32_1.16.0.201807130628/tools/compiler/bin/../lib/gcc/arm-none-eabi/7.2.1/../../../../arm-none-eabi/lib/thumb/v7e-m/fpv4-sp/hard\libnosys.a(sbrk.o)
                0x0800b73c                _sbrk
 *(.glue_7)
 .glue_7        0x0800b758        0x0 linker stubs
 *(.glue_7t)
 .glue_7t       0x0800b758        0x0 linker stubs
 *(.eh_frame)
 .eh_frame      0x0800b758        0x0 d:/ac6/systemworkbench/plugins/fr.ac6.mcu.externaltools.arm-none.win32_1.16.0.201807130628/tools/compiler/bin/../lib/gcc/arm-none-eabi/7.2.1/thumb/v7e-m/fpv4-sp/hard/crtbegin.o
 *(.init)
 .init          0x0800b758        0x4 d:/ac6/systemworkbench/plugins/fr.ac6.mcu.externaltools.arm-none.win32_1.16.0.201807130628/tools/compiler/bin/../lib/gcc/arm-none-eabi/7.2.1/thumb/v7e-m/fpv4-sp/hard/crti.o
                0x0800b758                _init
 .init          0x0800b75c        0x8 d:/ac6/systemworkbench/plugins/fr.ac6.mcu.externaltools.arm-none.win32_1.16.0.201807130628/tools/compiler/bin/../lib/gcc/arm-none-eabi/7.2.1/thumb/v7e-m/fpv4-sp/hard/crtn.o
 *(.fini)
 .fini          0x0800b764        0x4 d:/ac6/systemworkbench/plugins/fr.ac6.mcu.externaltools.arm-none.win32_1.16.0.201807130628/tools/compiler/bin/../lib/gcc/arm-none-eabi/7.2.1/thumb/v7e-m/fpv4-sp/hard/crti.o
                0x0800b764                _fini
 .fini          0x0800b768        0x8 d:/ac6/systemworkbench/plugins/fr.ac6.mcu.externaltools.arm-none.win32_1.16.0.201807130628/tools/compiler/bin/../lib/gcc/arm-none-eabi/7.2.1/thumb/v7e-m/fpv4-sp/hard/crtn.o
                0x0800b770                . = ALIGN (0x4)
                0x0800b770                _etext = .

.vfp11_veneer   0x0800b770        0x0
 .vfp11_veneer  0x0800b770        0x0 linker stubs

.v4_bx          0x0800b770        0x0
 .v4_bx         0x0800b770        0x0 linker stubs

.iplt           0x0800b770        0x0
 .iplt          0x0800b770        0x0 d:/ac6/systemworkbench/plugins/fr.ac6.mcu.externaltools.arm-none.win32_1.16.0.201807130628/tools/compiler/bin/../lib/gcc/arm-none-eabi/7.2.1/thumb/v7e-m/fpv4-sp/hard/crtbegin.o

.rodata         0x0800b770     0x12c4
                0x0800b770                . = ALIGN (0x4)
 *(.rodata)
 .rodata        0x0800b770       0x14 Main/sdCard/sd_diskio.o
                0x0800b770                SD_Driver
 .rodata        0x0800b784       0x8d Main/sdCard/fatFS/ff.o
 *fill*         0x0800b811        0x3 
 .rodata        0x0800b814      0x3ae Main/sdCard/fatFS/ffunicode.o
 *fill*         0x0800bbc2        0x2 
 .rodata        0x0800bbc4       0x18 Src/system_stm32f4xx.o
                0x0800bbc4                AHBPrescTable
                0x0800bbd4                APBPrescTable
 .rodata        0x0800bbdc        0xc d:/ac6/systemworkbench/plugins/fr.ac6.mcu.externaltools.arm-none.win32_1.16.0.201807130628/tools/compiler/bin/../lib/gcc/arm-none-eabi/7.2.1/../../../../arm-none-eabi/lib/thumb/v7e-m/fpv4-sp/hard\libc_nano.a(lib_a-nano-vfscanf_i.o)
 *(.rodata*)
 .rodata._ZTVN7Display6ScreenE
                0x0800bbe8       0x1c Main/Display/Screen.o
                0x0800bbe8                vtable for Display::Screen
 .rodata.font8x8
                0x0800bc04      0x7fb Main/Display/font8x8.o
                0x0800bc04                font8x8
 *fill*         0x0800c3ff        0x1 
 .rodata._ZTVN2bk8BkScreenE
                0x0800c400       0x1c Main/Emulator/BkScreen.o
                0x0800c400                vtable for bk::BkScreen
 .rodata._Z12SetSelectionh.str1.4
                0x0800c41c        0x9 Main/SDCard.o
 *fill*         0x0800c425        0x3 
 .rodata._Z16saveSnapshotLoopv.str1.4
                0x0800c428       0x3a Main/SDCard.o
 *fill*         0x0800c462        0x2 
 .rodata._Z17loadSnapshotSetupv.str1.4
                0x0800c464       0x36 Main/SDCard.o
 *fill*         0x0800c49a        0x2 
 .rodata._Z17saveSnapshotSetupv.str1.4
                0x0800c49c       0x31 Main/SDCard.o
 *fill*         0x0800c4cd        0x3 
 .rodata._Z13showRegistersv.str1.4
                0x0800c4d0       0x17 Main/emulator.o
 *fill*         0x0800c4e7        0x1 
 .rodata._Z15setDateTimeLoopv.str1.4
                0x0800c4e8       0x16 Main/emulator.o
                                 0x1a (size before relaxing)
 *fill*         0x0800c4fe        0x2 
 .rodata._Z16setDateTimeSetupv.str1.4
                0x0800c500       0x73 Main/emulator.o
 *fill*         0x0800c573        0x1 
 .rodata._Z17showKeyboardSetupv.str1.4
                0x0800c574       0x18 Main/emulator.o
 .rodata._Z8showHelpv.str1.4
                0x0800c58c       0xb1 Main/emulator.o
 *fill*         0x0800c63d        0x3 
 .rodata.loop.str1.4
                0x0800c640       0x3c Main/startup.o
 .rodata._ZN3etl6armv7m3Scb22set_exception_priorityENS0_9ExceptionEh.str1.4
                0x0800c67c       0x36 Main/etl/armv7m/scb.o
 *fill*         0x0800c6b2        0x2 
 .rodata._ZZN3etl6armv7m3Scb22set_exception_priorityENS0_9ExceptionEhE8__func__
                0x0800c6b4       0x17 Main/etl/armv7m/scb.o
 *fill*         0x0800c6cb        0x1 
 .rodata._ZN3etl9stm32f4xxL8get_ppreEj.str1.4
                0x0800c6cc       0x25 Main/etl/stm32f4xx/rcc.o
 *fill*         0x0800c6f1        0x3 
 .rodata._ZZN3etl9stm32f4xxL8get_hpreEjE8__func__
                0x0800c6f4        0x9 Main/etl/stm32f4xx/rcc.o
 *fill*         0x0800c6fd        0x3 
 .rodata._ZZN3etl9stm32f4xxL8get_ppreEjE8__func__
                0x0800c700        0x9 Main/etl/stm32f4xx/rcc.o
 *fill*         0x0800c709        0x3 